Archive member included because of file (symbol)

C:/WinAVR/lib/gcc/avr/3.4.6/avr5\libgcc.a(_copy_data.o)
                              Main.o (__do_copy_data)
C:/WinAVR/lib/gcc/avr/3.4.6/avr5\libgcc.a(_clear_bss.o)
                              Main.o (__do_clear_bss)
C:/WinAVR/bin/../lib/gcc/avr/3.4.6/../../../../avr/lib/avr5\libc.a(strcpy_P.o)
                              Main.o (strcpy_P)
C:/WinAVR/bin/../lib/gcc/avr/3.4.6/../../../../avr/lib/avr5\libc.a(ultoa.o)
                              ProgramManager.o (ultoa)
C:/WinAVR/bin/../lib/gcc/avr/3.4.6/../../../../avr/lib/avr5\libc.a(ee_rb.1F2021.o)
                              Main.o (__eeprom_read_byte_1F2021)
C:/WinAVR/bin/../lib/gcc/avr/3.4.6/../../../../avr/lib/avr5\libc.a(ee_rblk.1F2021.o)
                              ProgramManager.o (__eeprom_read_block_1F2021)
C:/WinAVR/bin/../lib/gcc/avr/3.4.6/../../../../avr/lib/avr5\libc.a(ee_rw.1F2021.o)
                              ProgramManager.o (__eeprom_read_word_1F2021)
C:/WinAVR/bin/../lib/gcc/avr/3.4.6/../../../../avr/lib/avr5\libc.a(ee_wb.1F2021.o)
                              Main.o (__eeprom_write_byte_1F2021)
C:/WinAVR/bin/../lib/gcc/avr/3.4.6/../../../../avr/lib/avr5\libc.a(ee_ww.1F2021.o)
                              ProgramManager.o (__eeprom_write_word_1F2021)
C:/WinAVR/bin/../lib/gcc/avr/3.4.6/../../../../avr/lib/avr5\libc.a(ee_wblk.1F2021.o)
                              ProgramManager.o (__eeprom_write_block_1F2021)
C:/WinAVR/bin/../lib/gcc/avr/3.4.6/../../../../avr/lib/avr5\libc.a(strrev.o)
                              C:/WinAVR/bin/../lib/gcc/avr/3.4.6/../../../../avr/lib/avr5\libc.a(ultoa.o) (strrev)
C:/WinAVR/lib/gcc/avr/3.4.6/avr5\libgcc.a(_udivmodsi4.o)
                              C:/WinAVR/bin/../lib/gcc/avr/3.4.6/../../../../avr/lib/avr5\libc.a(ultoa.o) (__udivmodsi4)

Allocating common symbols
Common symbol       size              file

TransferComplete    0x1               USI.o
RingBuffer          0x40              RingBuff.o
StoreLoc            0x2               RingBuff.o
RetrieveLoc         0x2               RingBuff.o
storedUSIDR         0x1               USI.o
BuffElements        0x1               RingBuff.o

Memory Configuration

Name             Origin             Length             Attributes
text             0x00000000         0x00020000         xr
data             0x00800060         0x0000ffa0         rw !x
eeprom           0x00810000         0x00010000         rw !x
*default*        0x00000000         0xffffffff

Linker script and memory map

Address of section .data set to 0x800100
LOAD C:/WinAVR/bin/../lib/gcc/avr/3.4.6/../../../../avr/lib/avr5/crtm169.o
LOAD Main.o
LOAD OSCCal.o
LOAD LCD_Driver.o
LOAD USART.o
LOAD SPI.o
LOAD USI.o
LOAD Dataflash.o
LOAD RingBuff.o
LOAD Timeout.o
LOAD ProgDataflash.o
LOAD V2Protocol.o
LOAD ISPChipComm.o
LOAD AVRISPCommandInterpreter.o
LOAD ProgramManager.o
LOAD TagManager.o
LOAD JoystickInterrupt.o
LOAD USIInterrupt.o
LOAD C:/WinAVR/bin/../lib/gcc/avr/3.4.6/../../../../avr/lib/avr5\libm.a
LOAD C:/WinAVR/lib/gcc/avr/3.4.6/avr5\libgcc.a
LOAD C:/WinAVR/bin/../lib/gcc/avr/3.4.6/../../../../avr/lib/avr5\libc.a
LOAD C:/WinAVR/lib/gcc/avr/3.4.6/avr5\libgcc.a

.hash
 *(.hash)

.dynsym
 *(.dynsym)

.dynstr
 *(.dynstr)

.gnu.version
 *(.gnu.version)

.gnu.version_d
 *(.gnu.version_d)

.gnu.version_r
 *(.gnu.version_r)

.rel.init
 *(.rel.init)

.rela.init
 *(.rela.init)

.rel.text
 *(.rel.text)
 *(.rel.text.*)
 *(.rel.gnu.linkonce.t*)

.rela.text
 *(.rela.text)
 *(.rela.text.*)
 *(.rela.gnu.linkonce.t*)

.rel.fini
 *(.rel.fini)

.rela.fini
 *(.rela.fini)

.rel.rodata
 *(.rel.rodata)
 *(.rel.rodata.*)
 *(.rel.gnu.linkonce.r*)

.rela.rodata
 *(.rela.rodata)
 *(.rela.rodata.*)
 *(.rela.gnu.linkonce.r*)

.rel.data
 *(.rel.data)
 *(.rel.data.*)
 *(.rel.gnu.linkonce.d*)

.rela.data
 *(.rela.data)
 *(.rela.data.*)
 *(.rela.gnu.linkonce.d*)

.rel.ctors
 *(.rel.ctors)

.rela.ctors
 *(.rela.ctors)

.rel.dtors
 *(.rel.dtors)

.rela.dtors
 *(.rela.dtors)

.rel.got
 *(.rel.got)

.rela.got
 *(.rela.got)

.rel.bss
 *(.rel.bss)

.rela.bss
 *(.rela.bss)

.rel.plt
 *(.rel.plt)

.rela.plt
 *(.rela.plt)

.text           0x00000000     0x356a
 *(.vectors)
 .vectors       0x00000000       0x5c C:/WinAVR/bin/../lib/gcc/avr/3.4.6/../../../../avr/lib/avr5/crtm169.o
                0x00000000                __vectors
                0x0000005c                __ctors_start = .
 *(.ctors)
                0x0000005c                __ctors_end = .
                0x0000005c                __dtors_start = .
 *(.dtors)
                0x0000005c                __dtors_end = .
 *(.progmem.gcc*)
 *(.progmem*)
 .progmem.data  0x0000005c      0x2b6 Main.o
                0x00000199                MainFunctionNames
                0x0000024b                BUTTTAG_Author
                0x000000ef                PRG_DE
                0x00000237                BUTTTAG_Name
                0x00000227                ProgrammerName
                0x000001e5                Func_STOREPRGM
                0x000001ca                Func_PRGMDATAFLASH
                0x000001a7                Func_SLEEP
                0x000001f0                Func_ISPPRGM
                0x00000222                VersionInfo
                0x0000010b                PRG_D
                0x00000121                SettingFunctionNames
                0x000000ff                PRG_E
                0x00000204                CopyRight
                0x00000230                WaitText
                0x000000b0                PRG_C
                0x00000170                SFunc_SETSPISPEED
                0x000000bb                PRG_FL
                0x000001b2                Func_SETTINGS
                0x0000007a                USISpeeds
                0x0000012d                SFunc_GOBOOTLOADER
                0x0000005c                SIFONames
                0x000000df                PRG_F
                0x0000015f                SFunc_SETFIRMMINOR
                0x000001d9                Func_PRGMAVR
                0x0000014d                SFunc_SETAUTOSLEEPTO
                0x000000cf                PRG_L
                0x000000a2                ProgOptions
                0x00000115                SettingFunctionPtrs
                0x0000017e                SFunc_SETCONTRAST
                0x000001bb                Func_PRGMSTOREINFO
                0x000001fc                AboutTextPtrs
                0x0000018b                MainFunctionPtrs
                0x00000140                SFunc_CLEARMEM
                0x00000213                AuthorName
 .progmem.data  0x00000312       0x6c LCD_Driver.o
 .progmem.data  0x0000037e        0x8 USI.o
                0x0000037e                USIPSValues
 .progmem.data  0x00000386       0x38 Dataflash.o
                0x00000396                DF_Pages
                0x00000386                DataFlashError
                0x000003a6                DF_PageSize
                0x000003b6                DF_PageBits
 .progmem.data  0x000003be        0xe RingBuff.o
 .progmem.data  0x000003cc        0x5 Timeout.o
                0x000003cc                AutoSleepTOValues
 .progmem.data  0x000003d1       0x11 ProgDataflash.o
                0x000003d1                DataFlashProgMode
 .progmem.data  0x000003e2       0x1e V2Protocol.o
                0x000003e2                ButtLoadData
                0x000003f5                SignonResponse
 .progmem.data  0x00000400        0xb ISPChipComm.o
                0x00000400                SyncErrorMessage
 .progmem.data  0x0000040b       0x10 AVRISPCommandInterpreter.o
                0x0000040b                AVRISPModeMessage
 .progmem.data  0x0000041b       0x18 ProgramManager.o
 .progmem.data  0x00000433        0x8 TagManager.o
                0x0000043c                . = ALIGN (0x2)
 *fill*         0x0000043b        0x1 00
 *(.init0)
 *(.init1)
 *(.init2)
 .init2         0x0000043c        0xc C:/WinAVR/bin/../lib/gcc/avr/3.4.6/../../../../avr/lib/avr5/crtm169.o
 *(.init3)
 *(.init4)
 .init4         0x00000448       0x16 C:/WinAVR/lib/gcc/avr/3.4.6/avr5\libgcc.a(_copy_data.o)
                0x00000448                __do_copy_data
 .init4         0x0000045e       0x10 C:/WinAVR/lib/gcc/avr/3.4.6/avr5\libgcc.a(_clear_bss.o)
                0x0000045e                __do_clear_bss
 *(.init5)
 *(.init6)
 *(.init7)
 *(.init8)
 *(.init9)
 .init9         0x0000046e        0x4 C:/WinAVR/bin/../lib/gcc/avr/3.4.6/../../../../avr/lib/avr5/crtm169.o
 *(.text)
 .text          0x00000472        0x4 C:/WinAVR/bin/../lib/gcc/avr/3.4.6/../../../../avr/lib/avr5/crtm169.o
                0x00000472                __vector_1
                0x00000472                __vector_12
                0x00000472                __bad_interrupt
                0x00000472                __vector_6
                0x00000472                __vector_11
                0x00000472                __vector_19
                0x00000472                __vector_7
                0x00000472                __vector_21
                0x00000472                __vector_15
                0x00000472                __vector_8
                0x00000472                __vector_14
                0x00000472                __vector_16
                0x00000472                __vector_18
                0x00000472                __vector_20
 .text          0x00000476      0xac0 Main.o
                0x00000bce                FUNCSetContrast
                0x00000ce4                FUNCSetFirmMinorVer
                0x00000e42                FUNCSleepMode
                0x00000884                FUNCProgramAVR
                0x0000049a                MAIN_WaitForJoyRelease
                0x000006f2                MAIN_ShowError
                0x00000b68                FUNCClearMem
                0x0000073e                __vector_3
                0x00000680                MAIN_IntToStr
                0x00000786                FUNCChangeSettings
                0x00000822                FUNCProgramDataflash
                0x00000b04                FUNCStoreProgram
                0x00000624                MAIN_Delay1MS
                0x00000c74                FUNCSetISPSpeed
                0x000007f0                FUNCAVRISPMode
                0x0000077c                __vector_default
                0x00000e6a                FUNCStorageInfo
                0x000004fe                main
                0x00000648                MAIN_ResetCSLine
                0x00000d7c                FUNCSetAutoSleepTimeOut
                0x000006b0                MAIN_ShowProgType
                0x00000476                MAIN_Delay10MS
                0x00000f16                FUNCGoBootloader
                0x000004ae                FUNCShowAbout
 .text          0x00000f36      0x10c OSCCal.o
                0x00001000                __vector_5
                0x00000f36                OSCCAL_Calibrate
 .text          0x00001042      0x1fa LCD_Driver.o
                0x0000115a                __vector_22
                0x000010c8                LCD_puts_f
                0x00001100                LCD_WriteChar
                0x0000105c                LCD_puts
                0x00001042                LCD_Init
 .text          0x0000123c       0x4a USART.o
                0x0000125e                USART_Tx
                0x0000123c                USART_Init
                0x0000126e                USART_Rx
 .text          0x00001286       0x3e SPI.o
                0x0000129a                SPI_SPITransmit
                0x00001286                SPI_SPIInit
                0x000012a8                SPI_SPITransmitWord
 .text          0x000012c4      0x10a USI.o
                0x00001350                USI_SPIOff
                0x0000138a                USI_SPITransmitWord
                0x000012fa                USI_SPISetSpeed
                0x000012c4                __vector_17
                0x000013a6                USI_SPIToggleClock
                0x00001330                USI_SPIInitMaster
                0x00001364                USI_SPITransmit
 .text          0x000013ce      0x304 Dataflash.o
                0x000014f6                DF_WaitWhileBusy
                0x000016a2                DF_CheckCorrectOnboardChip
                0x0000143c                DF_ContinuousReadEnable
                0x0000156a                DF_CopyFlashPageToBuffer
                0x00001626                DF_GetChipCharacteristics
                0x000013ce                DF_EnableDataflash
                0x00001524                DF_EraseBlock
                0x000013f2                DF_ReadBufferByte
                0x000014b4                DF_BufferWriteEnable
                0x000015c8                DF_CopyBufferToFlashPage
 .text          0x000016d2       0xf4 RingBuff.o
                0x00001768                BUFF_InitialiseBuffer
                0x000016d2                __vector_13
                0x00001782                BUFF_GetBuffByte
 .text          0x000017c6       0xfc Timeout.o
                0x000017c6                __vector_4
                0x0000184e                __vector_9
                0x000017fc                TOUT_SetupSleepTimer
 .text          0x000018c2      0x3da ProgDataflash.o
                0x000018c2                PD_SetupDFAddressCounters
                0x0000191c                PD_StoreDataflashByte
                0x0000197c                PD_InterpretAVRISPPacket
 .text          0x00001c9c      0x552 V2Protocol.o
                0x00001cde                V2P_SendPacket
                0x00001f1a                V2P_RunStateMachine
                0x00001c9c                V2P_GetChecksum
                0x00001ec8                V2P_CheckForExtendedAddress
                0x00001ea0                V2P_IncrementCurrAddress
                0x00001d5e                V2P_GetSetParamater
 .text          0x000021ee      0x320 ISPChipComm.o
                0x000022aa                ISPCC_PollForProgComplete
                0x000021ee                ISPCC_EnterChipProgrammingMode
                0x0000233e                ISPCC_ProgramChip
 .text          0x0000250e      0x2e0 AVRISPCommandInterpreter.o
                0x0000250e                AICI_InterpretPacket
 .text          0x000027ee      0xacc ProgramManager.o
                0x0000285c                PM_SetupDFAddressCounters
                0x00002eb4                PM_SendFuseLockBytes
                0x000027ee                PM_GetStoredDataSize
                0x00002f74                PM_CreateProgrammingPackets
                0x0000294a                PM_CheckEndOfFuseLockData
                0x00002a18                PM_InterpretAVRISPPacket
                0x00002f16                PM_SendEraseCommand
                0x000028e0                PM_StoreProgramByte
                0x000031b8                PM_ShowStoredItemSizes
 .text          0x000032ba      0x194 TagManager.o
                0x00003402                TM_ShowTags
                0x000032ba                TM_FindNextTag
 .text          0x0000344e        0x4 JoystickInterrupt.o
                0x0000344e                __vector_2
 .text          0x00003452        0xc USIInterrupt.o
                0x00003452                __vector_10
 .text          0x0000345e        0xe C:/WinAVR/bin/../lib/gcc/avr/3.4.6/../../../../avr/lib/avr5\libc.a(strcpy_P.o)
                0x0000345e                strcpy_P
 .text          0x0000346c       0x4a C:/WinAVR/bin/../lib/gcc/avr/3.4.6/../../../../avr/lib/avr5\libc.a(ultoa.o)
                0x0000346c                ultoa
 .text          0x000034b6       0x20 C:/WinAVR/bin/../lib/gcc/avr/3.4.6/../../../../avr/lib/avr5\libc.a(strrev.o)
                0x000034b6                strrev
                0x000034d6                . = ALIGN (0x2)
 *(.text.*)
 .text.eeprom   0x000034d6       0x10 C:/WinAVR/bin/../lib/gcc/avr/3.4.6/../../../../avr/lib/avr5\libc.a(ee_rb.1F2021.o)
                0x000034d6                __eeprom_read_byte_1F2021
 .text.eeprom   0x000034e6        0xa C:/WinAVR/bin/../lib/gcc/avr/3.4.6/../../../../avr/lib/avr5\libc.a(ee_rblk.1F2021.o)
                0x000034e6                __eeprom_read_block_1F2021
 .text.eeprom   0x000034f0        0xa C:/WinAVR/bin/../lib/gcc/avr/3.4.6/../../../../avr/lib/avr5\libc.a(ee_rw.1F2021.o)
                0x000034f0                __eeprom_read_word_1F2021
 .text.eeprom   0x000034fa       0x18 C:/WinAVR/bin/../lib/gcc/avr/3.4.6/../../../../avr/lib/avr5\libc.a(ee_wb.1F2021.o)
                0x000034fa                __eeprom_write_byte_1F2021
 .text.eeprom   0x00003512        0xa C:/WinAVR/bin/../lib/gcc/avr/3.4.6/../../../../avr/lib/avr5\libc.a(ee_ww.1F2021.o)
                0x00003512                __eeprom_write_word_1F2021
 .text.eeprom   0x0000351c        0xa C:/WinAVR/bin/../lib/gcc/avr/3.4.6/../../../../avr/lib/avr5\libc.a(ee_wblk.1F2021.o)
                0x0000351c                __eeprom_write_block_1F2021
 .text.libgcc   0x00003526       0x44 C:/WinAVR/lib/gcc/avr/3.4.6/avr5\libgcc.a(_udivmodsi4.o)
                0x00003526                __udivmodsi4
                0x0000356a                . = ALIGN (0x2)
 *(.fini9)
 *(.fini8)
 *(.fini7)
 *(.fini6)
 *(.fini5)
 *(.fini4)
 *(.fini3)
 *(.fini2)
 *(.fini1)
 *(.fini0)
                0x0000356a                _etext = .

.data           0x00800100        0x4 load address 0x0000356a
                0x00800100                PROVIDE (__data_start, .)
 *(.data)
 .data          0x00800100        0x2 Dataflash.o
                0x00800100                DFSPIRoutinePointer
 .data          0x00800102        0x2 V2Protocol.o
                0x00800102                InterpretPacketRoutine
 *(.gnu.linkonce.d*)
                0x00800104                . = ALIGN (0x2)
                0x00800104                _edata = .
                0x00800104                PROVIDE (__data_end, .)

.bss            0x00800104      0x1b4
                0x00800104                PROVIDE (__bss_start, .)
 *(.bss)
 .bss           0x00800104        0x2 OSCCal.o
                0x00800104                ActualCount
 .bss           0x00800106       0x35 LCD_Driver.o
 .bss           0x0080013b        0xa Dataflash.o
                0x00800140                UseExernalDF
                0x00800141                CurrBuffByte
                0x0080013b                DataflashInfo
                0x00800143                CurrPageAddress
 .bss           0x00800145        0x6 Timeout.o
                0x00800149                PacketTimeOut
                0x00800145                TicksBeforeAutoSleep
                0x0080014a                PacketTimeOutTicks
                0x00800147                SleepTimeOutTicks
 .bss           0x0080014b      0x11d V2Protocol.o
                0x0080014c                CurrAddress
                0x00800153                SequenceNum
                0x00800151                MessageSize
                0x0080014b                Param_ControllerInit
                0x00800150                InProgrammingMode
                0x00800155                PacketBytes
 .bss           0x00800268        0x4 ProgramManager.o
                0x0080026b                MemoryType
                0x00800268                GPageLength
                0x0080026a                CurrentMode
 .bss           0x0080026c        0x5 TagManager.o
                0x00800270                TagExists
                0x0080026c                DFPos
 *(COMMON)
 COMMON         0x00800271        0x2 USI.o
                0x00800271                TransferComplete
                0x00800272                storedUSIDR
 COMMON         0x00800273       0x45 RingBuff.o
                0x00800273                RingBuffer
                0x008002b3                StoreLoc
                0x008002b5                RetrieveLoc
                0x008002b7                BuffElements
                0x008002b8                PROVIDE (__bss_end, .)
                0x0000356a                __data_load_start = LOADADDR (.data)
                0x0000356e                __data_load_end = (__data_load_start + SIZEOF (.data))

.noinit         0x008002b8        0x0
                0x008002b8                PROVIDE (__noinit_start, .)
 *(.noinit*)
                0x008002b8                PROVIDE (__noinit_end, .)
                0x008002b8                _end = .
                0x008002b8                PROVIDE (__heap_start, .)

.eeprom         0x00810000       0x89
 *(.eeprom*)
 .eeprom        0x00810000       0x89 Main.o
                0x00810000                EEPROMVars
                0x00810089                __eeprom_end = .

.stab           0x00000000      0x3e4
 *(.stab)
 .stab          0x00000000      0x36c C:/WinAVR/bin/../lib/gcc/avr/3.4.6/../../../../avr/lib/avr5/crtm169.o
 .stab          0x0000036c       0x24 JoystickInterrupt.o
                                 0x30 (size before relaxing)
 .stab          0x00000390       0x54 USIInterrupt.o
                                 0x60 (size before relaxing)

.stabstr        0x00000000       0xfb
 *(.stabstr)
 .stabstr       0x00000000       0xfb C:/WinAVR/bin/../lib/gcc/avr/3.4.6/../../../../avr/lib/avr5/crtm169.o

.stab.excl
 *(.stab.excl)

.stab.exclstr
 *(.stab.exclstr)

.stab.index
 *(.stab.index)

.stab.indexstr
 *(.stab.indexstr)

.comment
 *(.comment)

.debug
 *(.debug)

.line
 *(.line)

.debug_srcinfo
 *(.debug_srcinfo)

.debug_sfnames
 *(.debug_sfnames)

.debug_aranges  0x00000000      0x12c
 *(.debug_aranges)
 .debug_aranges
                0x00000000       0x14 Main.o
 .debug_aranges
                0x00000014       0x14 OSCCal.o
 .debug_aranges
                0x00000028       0x14 LCD_Driver.o
 .debug_aranges
                0x0000003c       0x14 USART.o
 .debug_aranges
                0x00000050       0x14 SPI.o
 .debug_aranges
                0x00000064       0x14 USI.o
 .debug_aranges
                0x00000078       0x14 Dataflash.o
 .debug_aranges
                0x0000008c       0x14 RingBuff.o
 .debug_aranges
                0x000000a0       0x14 Timeout.o
 .debug_aranges
                0x000000b4       0x14 ProgDataflash.o
 .debug_aranges
                0x000000c8       0x14 V2Protocol.o
 .debug_aranges
                0x000000dc       0x14 ISPChipComm.o
 .debug_aranges
                0x000000f0       0x14 AVRISPCommandInterpreter.o
 .debug_aranges
                0x00000104       0x14 ProgramManager.o
 .debug_aranges
                0x00000118       0x14 TagManager.o

.debug_pubnames
                0x00000000      0xd6a
 *(.debug_pubnames)
 .debug_pubnames
                0x00000000      0x460 Main.o
 .debug_pubnames
                0x00000460       0x46 OSCCal.o
 .debug_pubnames
                0x000004a6       0x5d LCD_Driver.o
 .debug_pubnames
                0x00000503       0x3b USART.o
 .debug_pubnames
                0x0000053e       0x4e SPI.o
 .debug_pubnames
                0x0000058c       0xd3 USI.o
 .debug_pubnames
                0x0000065f      0x1b2 Dataflash.o
 .debug_pubnames
                0x00000811       0x8e RingBuff.o
 .debug_pubnames
                0x0000089f       0xb7 Timeout.o
 .debug_pubnames
                0x00000956       0x7d ProgDataflash.o
 .debug_pubnames
                0x000009d3      0x154 V2Protocol.o
 .debug_pubnames
                0x00000b27       0x7e ISPChipComm.o
 .debug_pubnames
                0x00000ba5       0x41 AVRISPCommandInterpreter.o
 .debug_pubnames
                0x00000be6      0x137 ProgramManager.o
 .debug_pubnames
                0x00000d1d       0x4d TagManager.o

.debug_info     0x00000000     0x420d
 *(.debug_info)
 .debug_info    0x00000000     0x11fa Main.o
 .debug_info    0x000011fa      0x1c3 OSCCal.o
 .debug_info    0x000013bd      0x346 LCD_Driver.o
 .debug_info    0x00001703      0x145 USART.o
 .debug_info    0x00001848      0x13a SPI.o
 .debug_info    0x00001982      0x259 USI.o
 .debug_info    0x00001bdb      0x4d7 Dataflash.o
 .debug_info    0x000020b2      0x185 RingBuff.o
 .debug_info    0x00002237      0x379 Timeout.o
 .debug_info    0x000025b0      0x2ee ProgDataflash.o
 .debug_info    0x0000289e      0x5cb V2Protocol.o
 .debug_info    0x00002e69      0x279 ISPChipComm.o
 .debug_info    0x000030e2      0x426 AVRISPCommandInterpreter.o
 .debug_info    0x00003508      0xb6e ProgramManager.o
 .debug_info    0x00004076      0x197 TagManager.o
 *(.gnu.linkonce.wi.*)

.debug_abbrev   0x00000000     0x101b
 *(.debug_abbrev)
 .debug_abbrev  0x00000000      0x211 Main.o
 .debug_abbrev  0x00000211       0xf2 OSCCal.o
 .debug_abbrev  0x00000303       0xc4 LCD_Driver.o
 .debug_abbrev  0x000003c7       0xa8 USART.o
 .debug_abbrev  0x0000046f       0x7b SPI.o
 .debug_abbrev  0x000004ea       0xfb USI.o
 .debug_abbrev  0x000005e5      0x111 Dataflash.o
 .debug_abbrev  0x000006f6       0xa7 RingBuff.o
 .debug_abbrev  0x0000079d      0x12e Timeout.o
 .debug_abbrev  0x000008cb       0xf4 ProgDataflash.o
 .debug_abbrev  0x000009bf      0x185 V2Protocol.o
 .debug_abbrev  0x00000b44       0xc4 ISPChipComm.o
 .debug_abbrev  0x00000c08      0x12b AVRISPCommandInterpreter.o
 .debug_abbrev  0x00000d33      0x22e ProgramManager.o
 .debug_abbrev  0x00000f61       0xba TagManager.o

.debug_line     0x00000000     0x33c8
 *(.debug_line)
 .debug_line    0x00000000      0xb39 Main.o
 .debug_line    0x00000b39      0x216 OSCCal.o
 .debug_line    0x00000d4f      0x28c LCD_Driver.o
 .debug_line    0x00000fdb      0x182 USART.o
 .debug_line    0x0000115d      0x167 SPI.o
 .debug_line    0x000012c4      0x230 USI.o
 .debug_line    0x000014f4      0x310 Dataflash.o
 .debug_line    0x00001804      0x1a8 RingBuff.o
 .debug_line    0x000019ac      0x1b4 Timeout.o
 .debug_line    0x00001b60      0x35e ProgDataflash.o
 .debug_line    0x00001ebe      0x471 V2Protocol.o
 .debug_line    0x0000232f      0x350 ISPChipComm.o
 .debug_line    0x0000267f      0x336 AVRISPCommandInterpreter.o
 .debug_line    0x000029b5      0x804 ProgramManager.o
 .debug_line    0x000031b9      0x20f TagManager.o

.debug_frame
 *(.debug_frame)

.debug_str      0x00000000     0x114f
 *(.debug_str)
 .debug_str     0x00000000      0x709 Main.o
                                0x7cb (size before relaxing)
 .debug_str     0x00000709       0x57 OSCCal.o
                                0x19e (size before relaxing)
 .debug_str     0x00000760       0xfe LCD_Driver.o
                                0x22f (size before relaxing)
 .debug_str     0x0000085e       0x4e USART.o
                                0x15b (size before relaxing)
 .debug_str     0x000008ac       0x36 SPI.o
                                0x148 (size before relaxing)
 .debug_str     0x000008e2       0xaf USI.o
                                0x1ce (size before relaxing)
 .debug_str     0x00000991      0x18d Dataflash.o
                                0x302 (size before relaxing)
 .debug_str     0x00000b1e       0x75 RingBuff.o
                                0x198 (size before relaxing)
 .debug_str     0x00000b93       0x6b Timeout.o
                                0x2e1 (size before relaxing)
 .debug_str     0x00000bfe       0xbf ProgDataflash.o
                                0x26f (size before relaxing)
 .debug_str     0x00000cbd      0x109 V2Protocol.o
                                0x407 (size before relaxing)
 .debug_str     0x00000dc6       0xb8 ISPChipComm.o
                                0x236 (size before relaxing)
 .debug_str     0x00000e7e       0x79 AVRISPCommandInterpreter.o
                                0x332 (size before relaxing)
 .debug_str     0x00000ef7      0x1fe ProgramManager.o
                                0x4ee (size before relaxing)
 .debug_str     0x000010f5       0x5a TagManager.o
                                0x185 (size before relaxing)

.debug_loc
 *(.debug_loc)

.debug_macinfo
 *(.debug_macinfo)
OUTPUT(ButtLoad.elf elf32-avr)

Cross Reference Table

Symbol                                            File
AICI_InterpretPacket                              AVRISPCommandInterpreter.o
                                                  V2Protocol.o
                                                  Main.o
AVRISPModeMessage                                 AVRISPCommandInterpreter.o
                                                  Main.o
AboutTextPtrs                                     Main.o
ActualCount                                       OSCCal.o
AuthorName                                        Main.o
AutoSleepTOValues                                 Timeout.o
                                                  Main.o
BUFF_GetBuffByte                                  RingBuff.o
                                                  USART.o
BUFF_InitialiseBuffer                             RingBuff.o
                                                  V2Protocol.o
                                                  USART.o
BUTTTAG_Author                                    Main.o
BUTTTAG_Name                                      Main.o
BuffElements                                      V2Protocol.o
                                                  RingBuff.o
                                                  USART.o
ButtLoadData                                      V2Protocol.o
CopyRight                                         Main.o
CurrAddress                                       V2Protocol.o
                                                  ProgramManager.o
                                                  AVRISPCommandInterpreter.o
                                                  ISPChipComm.o
                                                  ProgDataflash.o
                                                  Main.o
CurrBuffByte                                      Dataflash.o
                                                  ProgramManager.o
                                                  ProgDataflash.o
CurrPageAddress                                   Dataflash.o
                                                  ProgramManager.o
                                                  ProgDataflash.o
CurrentMode                                       ProgramManager.o
DFPos                                             TagManager.o
DFSPIRoutinePointer                               Dataflash.o
                                                  Main.o
DF_BufferWriteEnable                              Dataflash.o
                                                  ProgramManager.o
                                                  ProgDataflash.o
DF_CheckCorrectOnboardChip                        Dataflash.o
                                                  Main.o
DF_ContinuousReadEnable                           Dataflash.o
                                                  TagManager.o
                                                  ProgramManager.o
DF_CopyBufferToFlashPage                          Dataflash.o
                                                  ProgramManager.o
                                                  ProgDataflash.o
DF_CopyFlashPageToBuffer                          Dataflash.o
                                                  ProgDataflash.o
DF_EnableDataflash                                Dataflash.o
                                                  TagManager.o
                                                  ProgramManager.o
                                                  ProgDataflash.o
                                                  Main.o
DF_EraseBlock                                     Dataflash.o
                                                  ProgDataflash.o
DF_GetChipCharacteristics                         Dataflash.o
                                                  ProgDataflash.o
DF_PageBits                                       Dataflash.o
DF_PageSize                                       Dataflash.o
DF_Pages                                          Dataflash.o
DF_ReadBufferByte                                 Dataflash.o
                                                  ProgDataflash.o
DF_WaitWhileBusy                                  Dataflash.o
DataFlashError                                    Dataflash.o
                                                  ProgDataflash.o
DataFlashProgMode                                 ProgDataflash.o
                                                  Main.o
DataflashInfo                                     Dataflash.o
                                                  ProgDataflash.o
EEPROMVars                                        Main.o
                                                  ProgramManager.o
                                                  AVRISPCommandInterpreter.o
                                                  V2Protocol.o
                                                  Timeout.o
FUNCAVRISPMode                                    Main.o
FUNCChangeSettings                                Main.o
FUNCClearMem                                      Main.o
FUNCGoBootloader                                  Main.o
FUNCProgramAVR                                    Main.o
FUNCProgramDataflash                              Main.o
FUNCSetAutoSleepTimeOut                           Main.o
FUNCSetContrast                                   Main.o
FUNCSetFirmMinorVer                               Main.o
FUNCSetISPSpeed                                   Main.o
FUNCShowAbout                                     Main.o
FUNCSleepMode                                     Main.o
                                                  Timeout.o
FUNCStorageInfo                                   Main.o
FUNCStoreProgram                                  Main.o
Func_ISPPRGM                                      Main.o
Func_PRGMAVR                                      Main.o
Func_PRGMDATAFLASH                                Main.o
Func_PRGMSTOREINFO                                Main.o
Func_SETTINGS                                     Main.o
Func_SLEEP                                        Main.o
Func_STOREPRGM                                    Main.o
GPageLength                                       ProgramManager.o
ISPCC_EnterChipProgrammingMode                    ISPChipComm.o
                                                  AVRISPCommandInterpreter.o
                                                  Main.o
ISPCC_PollForProgComplete                         ISPChipComm.o
ISPCC_ProgramChip                                 ISPChipComm.o
                                                  ProgramManager.o
                                                  AVRISPCommandInterpreter.o
InProgrammingMode                                 V2Protocol.o
                                                  ProgramManager.o
                                                  AVRISPCommandInterpreter.o
                                                  ISPChipComm.o
                                                  ProgDataflash.o
InterpretPacketRoutine                            V2Protocol.o
                                                  Main.o
LCD_Init                                          LCD_Driver.o
                                                  Main.o
LCD_WriteChar                                     LCD_Driver.o
LCD_puts                                          LCD_Driver.o
                                                  TagManager.o
                                                  ProgramManager.o
                                                  Main.o
LCD_puts_f                                        LCD_Driver.o
                                                  AVRISPCommandInterpreter.o
                                                  ProgDataflash.o
                                                  Main.o
MAIN_Delay10MS                                    Main.o
                                                  ProgramManager.o
MAIN_Delay1MS                                     Main.o
                                                  ProgramManager.o
                                                  AVRISPCommandInterpreter.o
                                                  ISPChipComm.o
                                                  USI.o
MAIN_IntToStr                                     Main.o
                                                  ProgramManager.o
MAIN_ResetCSLine                                  Main.o
                                                  AVRISPCommandInterpreter.o
                                                  V2Protocol.o
                                                  Dataflash.o
MAIN_ShowError                                    Main.o
                                                  TagManager.o
                                                  RingBuff.o
                                                  Dataflash.o
MAIN_ShowProgType                                 Main.o
MAIN_WaitForJoyRelease                            Main.o
                                                  TagManager.o
                                                  ProgramManager.o
MainFunctionNames                                 Main.o
MainFunctionPtrs                                  Main.o
MemoryType                                        ProgramManager.o
MessageSize                                       V2Protocol.o
                                                  ProgramManager.o
                                                  AVRISPCommandInterpreter.o
                                                  ProgDataflash.o
OSCCAL_Calibrate                                  OSCCal.o
                                                  Main.o
PD_InterpretAVRISPPacket                          ProgDataflash.o
                                                  Main.o
PD_SetupDFAddressCounters                         ProgDataflash.o
PD_StoreDataflashByte                             ProgDataflash.o
PM_CheckEndOfFuseLockData                         ProgramManager.o
PM_CreateProgrammingPackets                       ProgramManager.o
                                                  Main.o
PM_GetStoredDataSize                              ProgramManager.o
                                                  TagManager.o
                                                  Main.o
PM_InterpretAVRISPPacket                          ProgramManager.o
                                                  Main.o
PM_SendEraseCommand                               ProgramManager.o
                                                  Main.o
PM_SendFuseLockBytes                              ProgramManager.o
                                                  Main.o
PM_SetupDFAddressCounters                         ProgramManager.o
PM_ShowStoredItemSizes                            ProgramManager.o
                                                  Main.o
PM_StoreProgramByte                               ProgramManager.o
PRG_C                                             Main.o
PRG_D                                             Main.o
PRG_DE                                            Main.o
PRG_E                                             Main.o
PRG_F                                             Main.o
PRG_FL                                            Main.o
PRG_L                                             Main.o
PacketBytes                                       V2Protocol.o
                                                  ProgramManager.o
                                                  AVRISPCommandInterpreter.o
                                                  ISPChipComm.o
                                                  ProgDataflash.o
                                                  Main.o
PacketTimeOut                                     Timeout.o
                                                  V2Protocol.o
                                                  USART.o
PacketTimeOutTicks                                Timeout.o
                                                  V2Protocol.o
Param_ControllerInit                              V2Protocol.o
ProgOptions                                       Main.o
ProgrammerName                                    Main.o
RetrieveLoc                                       RingBuff.o
RingBuffer                                        RingBuff.o
SFunc_CLEARMEM                                    Main.o
SFunc_GOBOOTLOADER                                Main.o
SFunc_SETAUTOSLEEPTO                              Main.o
SFunc_SETCONTRAST                                 Main.o
SFunc_SETFIRMMINOR                                Main.o
SFunc_SETSPISPEED                                 Main.o
SIFONames                                         Main.o
SPI_SPIInit                                       SPI.o
                                                  Main.o
SPI_SPITransmit                                   SPI.o
                                                  TagManager.o
                                                  ProgramManager.o
                                                  Dataflash.o
                                                  Main.o
SPI_SPITransmitWord                               SPI.o
SequenceNum                                       V2Protocol.o
SettingFunctionNames                              Main.o
SettingFunctionPtrs                               Main.o
SignonResponse                                    V2Protocol.o
SleepTimeOutTicks                                 Timeout.o
                                                  Main.o
StoreLoc                                          RingBuff.o
SyncErrorMessage                                  ISPChipComm.o
                                                  AVRISPCommandInterpreter.o
                                                  Main.o
TM_FindNextTag                                    TagManager.o
TM_ShowTags                                       TagManager.o
                                                  Main.o
TOUT_SetupSleepTimer                              Timeout.o
                                                  V2Protocol.o
                                                  Main.o
TagExists                                         TagManager.o
TicksBeforeAutoSleep                              Timeout.o
TransferComplete                                  USI.o
USART_Init                                        USART.o
                                                  Main.o
USART_Rx                                          USART.o
                                                  V2Protocol.o
USART_Tx                                          USART.o
                                                  V2Protocol.o
USIPSValues                                       USI.o
USISpeeds                                         Main.o
USI_SPIInitMaster                                 USI.o
                                                  AVRISPCommandInterpreter.o
                                                  Main.o
USI_SPIOff                                        USI.o
                                                  AVRISPCommandInterpreter.o
                                                  Main.o
USI_SPISetSpeed                                   USI.o
                                                  V2Protocol.o
USI_SPIToggleClock                                USI.o
                                                  ISPChipComm.o
USI_SPITransmit                                   USI.o
                                                  ProgramManager.o
                                                  AVRISPCommandInterpreter.o
                                                  ISPChipComm.o
                                                  V2Protocol.o
                                                  ProgDataflash.o
                                                  Main.o
USI_SPITransmitWord                               USI.o
                                                  ProgramManager.o
                                                  AVRISPCommandInterpreter.o
                                                  ISPChipComm.o
UseExernalDF                                      Dataflash.o
                                                  Main.o
V2P_CheckForExtendedAddress                       V2Protocol.o
V2P_GetChecksum                                   V2Protocol.o
V2P_GetSetParamater                               V2Protocol.o
V2P_IncrementCurrAddress                          V2Protocol.o
                                                  ProgramManager.o
                                                  AVRISPCommandInterpreter.o
                                                  ISPChipComm.o
                                                  ProgDataflash.o
V2P_RunStateMachine                               V2Protocol.o
                                                  Main.o
V2P_SendPacket                                    V2Protocol.o
                                                  ProgramManager.o
                                                  AVRISPCommandInterpreter.o
                                                  ProgDataflash.o
VersionInfo                                       Main.o
WaitText                                          Main.o
                                                  ProgDataflash.o
__bad_interrupt                                   C:/WinAVR/bin/../lib/gcc/avr/3.4.6/../../../../avr/lib/avr5/crtm169.o
__bss_end                                         C:/WinAVR/lib/gcc/avr/3.4.6/avr5\libgcc.a(_clear_bss.o)
__bss_start                                       C:/WinAVR/lib/gcc/avr/3.4.6/avr5\libgcc.a(_clear_bss.o)
__data_end                                        C:/WinAVR/lib/gcc/avr/3.4.6/avr5\libgcc.a(_copy_data.o)
__data_load_start                                 C:/WinAVR/lib/gcc/avr/3.4.6/avr5\libgcc.a(_copy_data.o)
__data_start                                      C:/WinAVR/lib/gcc/avr/3.4.6/avr5\libgcc.a(_copy_data.o)
__do_clear_bss                                    C:/WinAVR/lib/gcc/avr/3.4.6/avr5\libgcc.a(_clear_bss.o)
                                                  TagManager.o
                                                  ProgramManager.o
                                                  AVRISPCommandInterpreter.o
                                                  ISPChipComm.o
                                                  V2Protocol.o
                                                  ProgDataflash.o
                                                  Timeout.o
                                                  RingBuff.o
                                                  Dataflash.o
                                                  USI.o
                                                  SPI.o
                                                  USART.o
                                                  LCD_Driver.o
                                                  OSCCal.o
                                                  Main.o
__do_copy_data                                    C:/WinAVR/lib/gcc/avr/3.4.6/avr5\libgcc.a(_copy_data.o)
                                                  TagManager.o
                                                  ProgramManager.o
                                                  AVRISPCommandInterpreter.o
                                                  ISPChipComm.o
                                                  V2Protocol.o
                                                  ProgDataflash.o
                                                  Timeout.o
                                                  RingBuff.o
                                                  Dataflash.o
                                                  USI.o
                                                  SPI.o
                                                  USART.o
                                                  LCD_Driver.o
                                                  OSCCal.o
                                                  Main.o
__eeprom_read_block_1F2021                        C:/WinAVR/bin/../lib/gcc/avr/3.4.6/../../../../avr/lib/avr5\libc.a(ee_rblk.1F2021.o)
                                                  ProgramManager.o
__eeprom_read_byte_1F2021                         C:/WinAVR/bin/../lib/gcc/avr/3.4.6/../../../../avr/lib/avr5\libc.a(ee_rb.1F2021.o)
                                                  C:/WinAVR/bin/../lib/gcc/avr/3.4.6/../../../../avr/lib/avr5\libc.a(ee_rw.1F2021.o)
                                                  C:/WinAVR/bin/../lib/gcc/avr/3.4.6/../../../../avr/lib/avr5\libc.a(ee_rblk.1F2021.o)
                                                  ProgramManager.o
                                                  AVRISPCommandInterpreter.o
                                                  V2Protocol.o
                                                  Timeout.o
                                                  Main.o
__eeprom_read_word_1F2021                         C:/WinAVR/bin/../lib/gcc/avr/3.4.6/../../../../avr/lib/avr5\libc.a(ee_rw.1F2021.o)
                                                  ProgramManager.o
__eeprom_write_block_1F2021                       C:/WinAVR/bin/../lib/gcc/avr/3.4.6/../../../../avr/lib/avr5\libc.a(ee_wblk.1F2021.o)
                                                  ProgramManager.o
__eeprom_write_byte_1F2021                        C:/WinAVR/bin/../lib/gcc/avr/3.4.6/../../../../avr/lib/avr5\libc.a(ee_wb.1F2021.o)
                                                  C:/WinAVR/bin/../lib/gcc/avr/3.4.6/../../../../avr/lib/avr5\libc.a(ee_wblk.1F2021.o)
                                                  C:/WinAVR/bin/../lib/gcc/avr/3.4.6/../../../../avr/lib/avr5\libc.a(ee_ww.1F2021.o)
                                                  ProgramManager.o
                                                  V2Protocol.o
                                                  Main.o
__eeprom_write_word_1F2021                        C:/WinAVR/bin/../lib/gcc/avr/3.4.6/../../../../avr/lib/avr5\libc.a(ee_ww.1F2021.o)
                                                  ProgramManager.o
__heap_end                                        C:/WinAVR/bin/../lib/gcc/avr/3.4.6/../../../../avr/lib/avr5/crtm169.o
__init                                            C:/WinAVR/bin/../lib/gcc/avr/3.4.6/../../../../avr/lib/avr5/crtm169.o
__stack                                           C:/WinAVR/bin/../lib/gcc/avr/3.4.6/../../../../avr/lib/avr5/crtm169.o
                                                  Main.o
__udivmodsi4                                      C:/WinAVR/lib/gcc/avr/3.4.6/avr5\libgcc.a(_udivmodsi4.o)
                                                  C:/WinAVR/bin/../lib/gcc/avr/3.4.6/../../../../avr/lib/avr5\libc.a(ultoa.o)
__vector_1                                        C:/WinAVR/bin/../lib/gcc/avr/3.4.6/../../../../avr/lib/avr5/crtm169.o
__vector_10                                       USIInterrupt.o
                                                  C:/WinAVR/bin/../lib/gcc/avr/3.4.6/../../../../avr/lib/avr5/crtm169.o
__vector_11                                       C:/WinAVR/bin/../lib/gcc/avr/3.4.6/../../../../avr/lib/avr5/crtm169.o
__vector_12                                       C:/WinAVR/bin/../lib/gcc/avr/3.4.6/../../../../avr/lib/avr5/crtm169.o
__vector_13                                       RingBuff.o
                                                  C:/WinAVR/bin/../lib/gcc/avr/3.4.6/../../../../avr/lib/avr5/crtm169.o
__vector_14                                       C:/WinAVR/bin/../lib/gcc/avr/3.4.6/../../../../avr/lib/avr5/crtm169.o
__vector_15                                       C:/WinAVR/bin/../lib/gcc/avr/3.4.6/../../../../avr/lib/avr5/crtm169.o
__vector_16                                       C:/WinAVR/bin/../lib/gcc/avr/3.4.6/../../../../avr/lib/avr5/crtm169.o
__vector_17                                       USI.o
                                                  C:/WinAVR/bin/../lib/gcc/avr/3.4.6/../../../../avr/lib/avr5/crtm169.o
__vector_18                                       C:/WinAVR/bin/../lib/gcc/avr/3.4.6/../../../../avr/lib/avr5/crtm169.o
__vector_19                                       C:/WinAVR/bin/../lib/gcc/avr/3.4.6/../../../../avr/lib/avr5/crtm169.o
__vector_2                                        JoystickInterrupt.o
                                                  C:/WinAVR/bin/../lib/gcc/avr/3.4.6/../../../../avr/lib/avr5/crtm169.o
__vector_20                                       C:/WinAVR/bin/../lib/gcc/avr/3.4.6/../../../../avr/lib/avr5/crtm169.o
__vector_21                                       C:/WinAVR/bin/../lib/gcc/avr/3.4.6/../../../../avr/lib/avr5/crtm169.o
__vector_22                                       LCD_Driver.o
                                                  C:/WinAVR/bin/../lib/gcc/avr/3.4.6/../../../../avr/lib/avr5/crtm169.o
__vector_3                                        Main.o
                                                  C:/WinAVR/bin/../lib/gcc/avr/3.4.6/../../../../avr/lib/avr5/crtm169.o
                                                  JoystickInterrupt.o
__vector_4                                        Timeout.o
                                                  C:/WinAVR/bin/../lib/gcc/avr/3.4.6/../../../../avr/lib/avr5/crtm169.o
__vector_5                                        OSCCal.o
                                                  C:/WinAVR/bin/../lib/gcc/avr/3.4.6/../../../../avr/lib/avr5/crtm169.o
__vector_6                                        C:/WinAVR/bin/../lib/gcc/avr/3.4.6/../../../../avr/lib/avr5/crtm169.o
__vector_7                                        C:/WinAVR/bin/../lib/gcc/avr/3.4.6/../../../../avr/lib/avr5/crtm169.o
__vector_8                                        C:/WinAVR/bin/../lib/gcc/avr/3.4.6/../../../../avr/lib/avr5/crtm169.o
__vector_9                                        Timeout.o
                                                  C:/WinAVR/bin/../lib/gcc/avr/3.4.6/../../../../avr/lib/avr5/crtm169.o
__vector_default                                  Main.o
                                                  C:/WinAVR/bin/../lib/gcc/avr/3.4.6/../../../../avr/lib/avr5/crtm169.o
__vectors                                         C:/WinAVR/bin/../lib/gcc/avr/3.4.6/../../../../avr/lib/avr5/crtm169.o
main                                              Main.o
                                                  C:/WinAVR/bin/../lib/gcc/avr/3.4.6/../../../../avr/lib/avr5/crtm169.o
storedUSIDR                                       USI.o
strcpy_P                                          C:/WinAVR/bin/../lib/gcc/avr/3.4.6/../../../../avr/lib/avr5\libc.a(strcpy_P.o)
                                                  ProgramManager.o
                                                  LCD_Driver.o
                                                  Main.o
strrev                                            C:/WinAVR/bin/../lib/gcc/avr/3.4.6/../../../../avr/lib/avr5\libc.a(strrev.o)
                                                  C:/WinAVR/bin/../lib/gcc/avr/3.4.6/../../../../avr/lib/avr5\libc.a(ultoa.o)
ultoa                                             C:/WinAVR/bin/../lib/gcc/avr/3.4.6/../../../../avr/lib/avr5\libc.a(ultoa.o)
                                                  ProgramManager.o
