Archive member included because of file (symbol)

C:/WinAVR/lib/gcc/avr/3.4.5/avr5\libgcc.a(_mulsi3.o)
                              ProgramManager.o (__mulsi3)
C:/WinAVR/lib/gcc/avr/3.4.5/avr5\libgcc.a(_copy_data.o)
                              Main.o (__do_copy_data)
C:/WinAVR/lib/gcc/avr/3.4.5/avr5\libgcc.a(_clear_bss.o)
                              Main.o (__do_clear_bss)
C:/WinAVR/bin/../lib/gcc/avr/3.4.5/../../../../avr/lib/avr5\libc.a(strcpy_P.o)
                              Main.o (strcpy_P)
C:/WinAVR/bin/../lib/gcc/avr/3.4.5/../../../../avr/lib/avr5\libc.a(ultoa.o)
                              ProgramManager.o (ultoa)
C:/WinAVR/bin/../lib/gcc/avr/3.4.5/../../../../avr/lib/avr5\libc.a(strrev.o)
                              C:/WinAVR/bin/../lib/gcc/avr/3.4.5/../../../../avr/lib/avr5\libc.a(ultoa.o) (strrev)
C:/WinAVR/lib/gcc/avr/3.4.5/avr5\libgcc.a(_udivmodsi4.o)
                              C:/WinAVR/bin/../lib/gcc/avr/3.4.5/../../../../avr/lib/avr5\libc.a(ultoa.o) (__udivmodsi4)

Allocating common symbols
Common symbol       size              file

StrEnd              0x1               LCD_Driver.o
ScrollCount         0x1               LCD_Driver.o
UseExernalDF        0x1               Dataflash.o
StrStart            0x1               LCD_Driver.o
TextBuffer          0x1b              LCD_Driver.o
UpdateLCD           0x1               LCD_Driver.o
TransferComplete    0x1               USI.o
RingBuffer          0x40              RingBuff.o
StoreLoc            0x2               RingBuff.o
SegBuffer           0x14              LCD_Driver.o
CurrBuffByte        0x2               Dataflash.o
RetrieveLoc         0x2               RingBuff.o
ScrollMode          0x1               LCD_Driver.o
storedUSIDR         0x1               USI.o
BuffElements        0x1               RingBuff.o
DataflashInfo       0x5               Dataflash.o
DFPos               0x4               TagManager.o
DelayCount          0x1               LCD_Driver.o
CurrPageAddress     0x2               Dataflash.o

Memory Configuration

Name             Origin             Length             Attributes
text             0x00000000         0x00020000         xr
data             0x00800060         0x0000ffa0         rw !x
eeprom           0x00810000         0x00010000         rw !x
*default*        0x00000000         0xffffffff

Linker script and memory map

Address of section .data set to 0x800100
LOAD C:/WinAVR/bin/../lib/gcc/avr/3.4.5/../../../../avr/lib/avr5/crtm169.o
LOAD Main.o
LOAD OSCCal.o
LOAD LCD_Driver.o
LOAD EEPROM169.o
LOAD USART.o
LOAD SPI.o
LOAD USI.o
LOAD Dataflash.o
LOAD RingBuff.o
LOAD Timeout.o
LOAD EEPROMVariables.o
LOAD ProgDataflash.o
LOAD V2Protocol.o
LOAD ISPChipComm.o
LOAD AVRISPCommandInterpreter.o
LOAD ProgramManager.o
LOAD TagManager.o
LOAD JoystickInterrupt.o
LOAD USIInterrupt.o
LOAD C:/WinAVR/bin/../lib/gcc/avr/3.4.5/../../../../avr/lib/avr5\libm.a
LOAD C:/WinAVR/lib/gcc/avr/3.4.5/avr5\libgcc.a
LOAD C:/WinAVR/bin/../lib/gcc/avr/3.4.5/../../../../avr/lib/avr5\libc.a
LOAD C:/WinAVR/lib/gcc/avr/3.4.5/avr5\libgcc.a

.hash
 *(.hash)

.dynsym
 *(.dynsym)

.dynstr
 *(.dynstr)

.gnu.version
 *(.gnu.version)

.gnu.version_d
 *(.gnu.version_d)

.gnu.version_r
 *(.gnu.version_r)

.rel.init
 *(.rel.init)

.rela.init
 *(.rela.init)

.rel.text
 *(.rel.text)
 *(.rel.text.*)
 *(.rel.gnu.linkonce.t*)

.rela.text
 *(.rela.text)
 *(.rela.text.*)
 *(.rela.gnu.linkonce.t*)

.rel.fini
 *(.rel.fini)

.rela.fini
 *(.rela.fini)

.rel.rodata
 *(.rel.rodata)
 *(.rel.rodata.*)
 *(.rel.gnu.linkonce.r*)

.rela.rodata
 *(.rela.rodata)
 *(.rela.rodata.*)
 *(.rela.gnu.linkonce.r*)

.rel.data
 *(.rel.data)
 *(.rel.data.*)
 *(.rel.gnu.linkonce.d*)

.rela.data
 *(.rela.data)
 *(.rela.data.*)
 *(.rela.gnu.linkonce.d*)

.rel.ctors
 *(.rel.ctors)

.rela.ctors
 *(.rela.ctors)

.rel.dtors
 *(.rel.dtors)

.rela.dtors
 *(.rela.dtors)

.rel.got
 *(.rel.got)

.rela.got
 *(.rela.got)

.rel.bss
 *(.rel.bss)

.rela.bss
 *(.rela.bss)

.rel.plt
 *(.rel.plt)

.rela.plt
 *(.rela.plt)

.text           0x00000000     0x3776
 *(.vectors)
 .vectors       0x00000000       0x5c C:/WinAVR/bin/../lib/gcc/avr/3.4.5/../../../../avr/lib/avr5/crtm169.o
                0x00000000                __vectors
                0x0000005c                __ctors_start = .
 *(.ctors)
                0x0000005c                __ctors_end = .
                0x0000005c                __dtors_start = .
 *(.dtors)
                0x0000005c                __dtors_end = .
 *(.progmem.gcc*)
 *(.progmem*)
 .progmem.data  0x0000005c      0x2b3 Main.o
                0x000001a3                MainFunctionNames
                0x0000015e                SFunc_AUTOCALIB
                0x00000246                BUTTTAG_Author
                0x000000fa                PRG_DE
                0x00000259                BUTTTAG_Name
                0x000000a3                USI_Speed0
                0x00000236                ProgrammerName
                0x00000060                SIFO_Tags
                0x000001f4                Func_STOREPRGM
                0x0000008f                USI_Speed2
                0x000001d4                Func_PRGMDATAFLASH
                0x000001b1                Func_SLEEP
                0x000001ff                Func_ISPPRGM
                0x00000231                VersionInfo
                0x00000116                PRG_D
                0x0000012c                SettingFunctionNames
                0x0000010a                PRG_E
                0x00000213                CopyRight
                0x0000023f                WaitText
                0x000000bb                PRG_C
                0x0000017a                SFunc_SETSPISPEED
                0x00000099                USI_Speed1
                0x000000c6                PRG_FL
                0x000001bc                Func_SETTINGS
                0x00000138                SFunc_GOBOOTLOADER
                0x000000ea                PRG_F
                0x000001e8                Func_PRGMAVR
                0x0000005c                SIFOOptionPtrs
                0x000000da                PRG_L
                0x000000ad                ProgOptions
                0x00000120                SettingFunctionPtrs
                0x00000188                SFunc_SETCONTRAST
                0x000001c5                Func_PRGMSTOREINFO
                0x00000085                USI_Speed3
                0x0000020b                AboutTextPtrs
                0x0000006f                SIFO_Size
                0x0000014b                SFunc_MANCALIB
                0x00000195                MainFunctionPtrs
                0x0000007d                USIPSNamePtrs
                0x0000016d                SFunc_CLEARMEM
                0x00000222                AuthorName
 .progmem.data  0x0000030f       0x6c LCD_Driver.o
                0x0000030f                LCD_SegTable
 .progmem.data  0x0000037b        0x8 USI.o
                0x0000037b                USIPSValues
 .progmem.data  0x00000383       0x38 Dataflash.o
                0x00000393                DF_Pages
                0x00000383                DataFlashError
                0x000003a3                DF_PageSize
                0x000003b3                DF_PageBits
 .progmem.data  0x000003bb        0xe RingBuff.o
 .progmem.data  0x000003c9       0x11 ProgDataflash.o
                0x000003c9                DataFlashProgMode
 .progmem.data  0x000003da        0xe V2Protocol.o
                0x000003da                SignonResponse
                0x000003e5                VersionData
 .progmem.data  0x000003e8        0xb ISPChipComm.o
                0x000003e8                SyncErrorMessage
 .progmem.data  0x000003f3       0x10 AVRISPCommandInterpreter.o
                0x000003f3                AVRISPModeMessage
 .progmem.data  0x00000403       0x18 ProgramManager.o
 .progmem.data  0x0000041b        0x8 TagManager.o
                0x00000424                . = ALIGN (0x2)
 *fill*         0x00000423        0x1 00
 *(.init0)
 *(.init1)
 *(.init2)
 .init2         0x00000424        0xc C:/WinAVR/bin/../lib/gcc/avr/3.4.5/../../../../avr/lib/avr5/crtm169.o
 *(.init3)
 *(.init4)
 .init4         0x00000430       0x16 C:/WinAVR/lib/gcc/avr/3.4.5/avr5\libgcc.a(_copy_data.o)
                0x00000430                __do_copy_data
 .init4         0x00000446       0x10 C:/WinAVR/lib/gcc/avr/3.4.5/avr5\libgcc.a(_clear_bss.o)
                0x00000446                __do_clear_bss
 *(.init5)
 *(.init6)
 *(.init7)
 *(.init8)
 *(.init9)
 .init9         0x00000456        0x4 C:/WinAVR/bin/../lib/gcc/avr/3.4.5/../../../../avr/lib/avr5/crtm169.o
 *(.text)
 .text          0x0000045a        0x4 C:/WinAVR/bin/../lib/gcc/avr/3.4.5/../../../../avr/lib/avr5/crtm169.o
                0x0000045a                __vector_1
                0x0000045a                __vector_12
                0x0000045a                __bad_interrupt
                0x0000045a                __vector_6
                0x0000045a                __vector_11
                0x0000045a                __vector_19
                0x0000045a                __vector_7
                0x0000045a                __vector_4
                0x0000045a                __vector_21
                0x0000045a                __vector_15
                0x0000045a                __vector_8
                0x0000045a                __vector_14
                0x0000045a                __vector_16
                0x0000045a                __vector_18
                0x0000045a                __vector_20
 .text          0x0000045e      0xa20 Main.o
                0x00000c7c                FUNCSetContrast
                0x00000d7e                FUNCSleepMode
                0x00000830                FUNCProgramAVR
                0x00000482                MAIN_WaitForJoyRelease
                0x000006e0                MAIN_ShowError
                0x00000b10                FUNCClearMem
                0x0000072c                __vector_3
                0x0000066c                MAIN_IntToStr
                0x00000764                FUNCChangeSettings
                0x000007e8                FUNCProgramDataflash
                0x00000aba                FUNCStoreProgram
                0x00000612                MAIN_Delay1MS
                0x00000d14                FUNCSetISPSpeed
                0x000007ce                FUNCAVRISPMode
                0x0000075a                __vector_default
                0x00000db2                FUNCStorageInfo
                0x00000bc8                FUNCManCalib
                0x000004e6                main
                0x00000636                MAIN_ResetCSLine
                0x0000069c                MAIN_ShowProgType
                0x0000045e                MAIN_Delay10MS
                0x00000e62                FUNCGoBootloader
                0x00000bba                FUNCAutoCalib
                0x00000496                FUNCShowAbout
 .text          0x00000e7e       0xe4 OSCCal.o
                0x00000f20                __vector_5
                0x00000e7e                OSCCAL_Calibrate
 .text          0x00000f62      0x21a LCD_Driver.o
                0x0000109a                __vector_22
                0x00001008                LCD_puts_f
                0x00001040                LCD_WriteChar
                0x00000f86                LCD_puts
                0x00000f62                LCD_Init
 .text          0x0000117c       0x46 EEPROM169.o
                0x00001192                eeprom_write_byte_169
                0x0000117c                eeprom_read_byte_169
 .text          0x000011c2       0xb8 USART.o
                0x000011e8                USART_Tx
                0x0000122e                __vector_13
                0x000011c2                USART_Init
                0x000011f8                USART_TxString
                0x00001216                USART_Rx
 .text          0x0000127a       0x3e SPI.o
                0x0000128e                SPI_SPITransmit
                0x0000127a                SPI_SPIInit
                0x0000129c                SPI_SPITransmitWord
 .text          0x000012b8      0x10a USI.o
                0x00001344                USI_SPIOff
                0x0000137e                USI_SPITransmitWord
                0x000012ee                USI_SPISetSpeed
                0x000012b8                __vector_17
                0x0000139a                USI_SPIToggleClock
                0x00001324                USI_SPIInitMaster
                0x00001358                USI_SPITransmit
 .text          0x000013c2      0x33e Dataflash.o
                0x000016d6                DF_CheckCorrectOnboardChip
                0x00001440                DF_ContinuousReadEnable
                0x000015fe                DF_CopyFlashPageToBuffer
                0x00001512                DF_GetChipCharacteristics
                0x000013c2                DF_EnableDataflash
                0x00001592                DF_ErasePage
                0x000013e6                DF_ReadBufferByte
                0x000014c6                DF_BufferWriteEnable
                0x0000166a                DF_CopyBufferToFlashPage
 .text          0x00001700       0xb0 RingBuff.o
                0x00001700                BUFF_InitialiseBuffer
                0x0000171a                BUFF_StoreBuffByte
                0x0000176c                BUFF_GetBuffByte
 .text          0x000017b0       0x56 Timeout.o
                0x000017e6                TIMEOUT_SetupTimeoutTimer
                0x000017b0                __vector_9
 .text          0x00001806      0x3a2 ProgDataflash.o
                0x00001860                DF_StoreDataflashByte
                0x00001806                PD_SetupDFAddressCounters
                0x000018c0                PD_InterpretAVRISPPacket
 .text          0x00001ba8      0x558 V2Protocol.o
                0x00001bea                V2P_SendPacket
                0x00001e18                V2P_RunStateMachine
                0x00001ba8                V2P_GetChecksum
                0x00001dc6                V2P_CheckForExtendedAddress
                0x00001d9e                V2P_IncrementCurrAddress
                0x00001c6a                V2P_GetSetParamater
 .text          0x00002100      0x320 ISPChipComm.o
                0x000021bc                ISPCC_PollForProgComplete
                0x00002100                ISPCC_EnterChipProgrammingMode
                0x00002250                ISPCC_ProgramChip
 .text          0x00002420      0x2de AVRISPCommandInterpreter.o
                0x00002420                AICI_InterpretPacket
 .text          0x000026fe      0xdda ProgramManager.o
                0x000027ee                PM_SetupDFAddressCounters
                0x00002fde                PM_SendFuseLockBytes
                0x000026fe                PM_GetStoredDataSize
                0x0000311e                PM_CreateProgrammingPackets
                0x000028e8                PM_CheckEndOfProgramming
                0x00002a5a                PM_InterpretAVRISPPacket
                0x0000307e                PM_SendEraseCommand
                0x00002872                PM_StoreProgramByte
                0x00002a02                PM_CheckEndOfFuseLockStore
                0x000033d8                PM_ShowStoredItemSizes
 .text          0x000034d8      0x194 TagManager.o
                0x00003620                TM_ShowTags
                0x000034d8                TM_FindNextTag
 .text          0x0000366c        0x4 JoystickInterrupt.o
                0x0000366c                __vector_2
 .text          0x00003670        0xc USIInterrupt.o
                0x00003670                __vector_10
 .text          0x0000367c        0xe C:/WinAVR/bin/../lib/gcc/avr/3.4.5/../../../../avr/lib/avr5\libc.a(strcpy_P.o)
                0x0000367c                strcpy_P
 .text          0x0000368a       0x4a C:/WinAVR/bin/../lib/gcc/avr/3.4.5/../../../../avr/lib/avr5\libc.a(ultoa.o)
                0x0000368a                ultoa
 .text          0x000036d4       0x20 C:/WinAVR/bin/../lib/gcc/avr/3.4.5/../../../../avr/lib/avr5\libc.a(strrev.o)
                0x000036d4                strrev
                0x000036f4                . = ALIGN (0x2)
 *(.text.*)
 .text.libgcc   0x000036f4       0x3e C:/WinAVR/lib/gcc/avr/3.4.5/avr5\libgcc.a(_mulsi3.o)
                0x000036f4                __mulsi3
 .text.libgcc   0x00003732       0x44 C:/WinAVR/lib/gcc/avr/3.4.5/avr5\libgcc.a(_udivmodsi4.o)
                0x00003732                __udivmodsi4
                0x00003776                . = ALIGN (0x2)
 *(.fini9)
 *(.fini8)
 *(.fini7)
 *(.fini6)
 *(.fini5)
 *(.fini4)
 *(.fini3)
 *(.fini2)
 *(.fini1)
 *(.fini0)
                0x00003776                _etext = .

.data           0x00800100       0x26 load address 0x00003776
                0x00800100                PROVIDE (__data_start, .)
 *(.data)
 .data          0x00800100        0x2 Dataflash.o
                0x00800100                DFSPIRoutinePointer
 .data          0x00800102       0x22 EEPROMVariables.o
                0x0080010e                Prog_TotalLockBytes
                0x00800108                Prog_PageLength
                0x00800106                Prog_EPageLength
                0x00800120                Param_SCKDuration
                0x00800118                Prog_EraseChip
                0x00800104                Sys_LCDContrast
                0x0080011c                Prog_WriteEEPROM
                0x00800112                Prog_EnterProgMode
                0x0080011e                Prog_WriteProgram
                0x0080010a                Prog_LockBytes
                0x0080010c                Prog_FuseBytes
                0x00800114                Prog_EEPROMSize
                0x0080011a                Prog_EraseCmdStored
                0x00800102                Sys_MagicNumber
                0x00800110                Prog_TotalFuseBytes
                0x00800116                Prog_DataSize
                0x00800122                Param_ResetPolarity
 .data          0x00800124        0x2 V2Protocol.o
                0x00800124                InterpretPacketRoutine
 *(.gnu.linkonce.d*)
                0x00800126                . = ALIGN (0x2)
                0x00800126                _edata = .
                0x00800126                PROVIDE (__data_end, .)

.bss            0x00800126      0x1b1
                0x00800126                PROVIDE (__bss_start, .)
 *(.bss)
 .bss           0x00800126        0x2 OSCCal.o
 .bss           0x00800128        0x2 Timeout.o
                0x00800129                Ticks
                0x00800128                TimeOut
 .bss           0x0080012a      0x11d V2Protocol.o
                0x0080012b                CurrAddress
                0x00800132                SequenceNum
                0x00800130                MessageSize
                0x0080012a                Param_ControllerInit
                0x0080012f                InProgrammingMode
                0x00800134                PacketBytes
 .bss           0x00800247        0x5 ProgramManager.o
                0x0080024b                MemoryType
                0x00800247                InPMMode
                0x00800248                GPageLength
                0x0080024a                CurrentMode
 .bss           0x0080024c        0x1 TagManager.o
                0x0080024c                TagExists
 *(COMMON)
 COMMON         0x0080024d       0x35 LCD_Driver.o
                0x0080024d                StrEnd
                0x0080024e                ScrollCount
                0x0080024f                StrStart
                0x00800250                TextBuffer
                0x0080026b                UpdateLCD
                0x0080026c                SegBuffer
                0x00800280                ScrollMode
                0x00800281                DelayCount
 COMMON         0x00800282        0x2 USI.o
                0x00800282                TransferComplete
                0x00800283                storedUSIDR
 COMMON         0x00800284        0xa Dataflash.o
                0x00800284                UseExernalDF
                0x00800285                CurrBuffByte
                0x00800287                DataflashInfo
                0x0080028c                CurrPageAddress
 COMMON         0x0080028e       0x45 RingBuff.o
                0x0080028e                RingBuffer
                0x008002ce                StoreLoc
                0x008002d0                RetrieveLoc
                0x008002d2                BuffElements
 COMMON         0x008002d3        0x4 TagManager.o
                0x008002d3                DFPos
                0x008002d7                PROVIDE (__bss_end, .)
                0x00003776                __data_load_start = LOADADDR (.data)
                0x0000379c                __data_load_end = (__data_load_start + SIZEOF (.data))

.noinit         0x008002d7        0x0
                0x008002d7                PROVIDE (__noinit_start, .)
 *(.noinit*)
                0x008002d7                PROVIDE (__noinit_end, .)
                0x008002d7                _end = .
                0x008002d7                PROVIDE (__heap_start, .)

.eeprom         0x00810000        0x0
 *(.eeprom*)
                0x00810000                __eeprom_end = .

.stab           0x00000000       0x84
 *(.stab)
 .stab          0x00000000       0x30 JoystickInterrupt.o
 .stab          0x00000030       0x54 USIInterrupt.o
                                 0x60 (size before relaxing)

.stabstr        0x00000000       0x78
 *(.stabstr)
 .stabstr       0x00000000       0x78 JoystickInterrupt.o

.stab.excl
 *(.stab.excl)

.stab.exclstr
 *(.stab.exclstr)

.stab.index
 *(.stab.index)

.stab.indexstr
 *(.stab.indexstr)

.comment
 *(.comment)

.debug
 *(.debug)

.line
 *(.line)

.debug_srcinfo
 *(.debug_srcinfo)

.debug_sfnames
 *(.debug_sfnames)

.debug_aranges  0x00000000      0x140
 *(.debug_aranges)
 .debug_aranges
                0x00000000       0x14 Main.o
 .debug_aranges
                0x00000014       0x14 OSCCal.o
 .debug_aranges
                0x00000028       0x14 LCD_Driver.o
 .debug_aranges
                0x0000003c       0x14 EEPROM169.o
 .debug_aranges
                0x00000050       0x14 USART.o
 .debug_aranges
                0x00000064       0x14 SPI.o
 .debug_aranges
                0x00000078       0x14 USI.o
 .debug_aranges
                0x0000008c       0x14 Dataflash.o
 .debug_aranges
                0x000000a0       0x14 RingBuff.o
 .debug_aranges
                0x000000b4       0x14 Timeout.o
 .debug_aranges
                0x000000c8       0x14 ProgDataflash.o
 .debug_aranges
                0x000000dc       0x14 V2Protocol.o
 .debug_aranges
                0x000000f0       0x14 ISPChipComm.o
 .debug_aranges
                0x00000104       0x14 AVRISPCommandInterpreter.o
 .debug_aranges
                0x00000118       0x14 ProgramManager.o
 .debug_aranges
                0x0000012c       0x14 TagManager.o

.debug_pubnames
                0x00000000      0xfaf
 *(.debug_pubnames)
 .debug_pubnames
                0x00000000      0x498 Main.o
 .debug_pubnames
                0x00000498       0x36 OSCCal.o
 .debug_pubnames
                0x000004ce       0xdf LCD_Driver.o
 .debug_pubnames
                0x000005ad       0x45 EEPROM169.o
 .debug_pubnames
                0x000005f2       0x5e USART.o
 .debug_pubnames
                0x00000650       0x4e SPI.o
 .debug_pubnames
                0x0000069e       0xd3 USI.o
 .debug_pubnames
                0x00000771      0x19c Dataflash.o
 .debug_pubnames
                0x0000090d       0x95 RingBuff.o
 .debug_pubnames
                0x000009a2       0x55 Timeout.o
 .debug_pubnames
                0x000009f7      0x17a EEPROMVariables.o
 .debug_pubnames
                0x00000b71       0x7d ProgDataflash.o
 .debug_pubnames
                0x00000bee      0x153 V2Protocol.o
 .debug_pubnames
                0x00000d41       0x7e ISPChipComm.o
 .debug_pubnames
                0x00000dbf       0x41 AVRISPCommandInterpreter.o
 .debug_pubnames
                0x00000e00      0x162 ProgramManager.o
 .debug_pubnames
                0x00000f62       0x4d TagManager.o

.debug_info     0x00000000     0x34f5
 *(.debug_info)
 .debug_info    0x00000000      0xeb1 Main.o
 .debug_info    0x00000eb1      0x19c OSCCal.o
 .debug_info    0x0000104d      0x34f LCD_Driver.o
 .debug_info    0x0000139c       0xe2 EEPROM169.o
 .debug_info    0x0000147e      0x1a0 USART.o
 .debug_info    0x0000161e      0x12c SPI.o
 .debug_info    0x0000174a      0x25b USI.o
 .debug_info    0x000019a5      0x43b Dataflash.o
 .debug_info    0x00001de0      0x197 RingBuff.o
 .debug_info    0x00001f77      0x103 Timeout.o
 .debug_info    0x0000207a      0x17a EEPROMVariables.o
 .debug_info    0x000021f4      0x2c4 ProgDataflash.o
 .debug_info    0x000024b8      0x390 V2Protocol.o
 .debug_info    0x00002848      0x279 ISPChipComm.o
 .debug_info    0x00002ac1      0x262 AVRISPCommandInterpreter.o
 .debug_info    0x00002d23      0x63b ProgramManager.o
 .debug_info    0x0000335e      0x197 TagManager.o
 *(.gnu.linkonce.wi.*)

.debug_abbrev   0x00000000      0xe30
 *(.debug_abbrev)
 .debug_abbrev  0x00000000      0x1bd Main.o
 .debug_abbrev  0x000001bd       0xd8 OSCCal.o
 .debug_abbrev  0x00000295       0xd5 LCD_Driver.o
 .debug_abbrev  0x0000036a       0x93 EEPROM169.o
 .debug_abbrev  0x000003fd       0xaa USART.o
 .debug_abbrev  0x000004a7       0x8b SPI.o
 .debug_abbrev  0x00000532       0xfb USI.o
 .debug_abbrev  0x0000062d      0x11e Dataflash.o
 .debug_abbrev  0x0000074b       0xcd RingBuff.o
 .debug_abbrev  0x00000818       0x64 Timeout.o
 .debug_abbrev  0x0000087c       0x4f EEPROMVariables.o
 .debug_abbrev  0x000008cb       0xf4 ProgDataflash.o
 .debug_abbrev  0x000009bf       0xfc V2Protocol.o
 .debug_abbrev  0x00000abb       0xc4 ISPChipComm.o
 .debug_abbrev  0x00000b7f       0xc7 AVRISPCommandInterpreter.o
 .debug_abbrev  0x00000c46      0x130 ProgramManager.o
 .debug_abbrev  0x00000d76       0xba TagManager.o

.debug_line     0x00000000     0x30cf
 *(.debug_line)
 .debug_line    0x00000000      0x95a Main.o
 .debug_line    0x0000095a      0x1e4 OSCCal.o
 .debug_line    0x00000b3e      0x27d LCD_Driver.o
 .debug_line    0x00000dbb       0xdd EEPROM169.o
 .debug_line    0x00000e98      0x18b USART.o
 .debug_line    0x00001023      0x152 SPI.o
 .debug_line    0x00001175      0x21b USI.o
 .debug_line    0x00001390      0x2bc Dataflash.o
 .debug_line    0x0000164c      0x193 RingBuff.o
 .debug_line    0x000017df      0x13e Timeout.o
 .debug_line    0x0000191d       0x81 EEPROMVariables.o
 .debug_line    0x0000199e      0x313 ProgDataflash.o
 .debug_line    0x00001cb1      0x45e V2Protocol.o
 .debug_line    0x0000210f      0x33b ISPChipComm.o
 .debug_line    0x0000244a      0x313 AVRISPCommandInterpreter.o
 .debug_line    0x0000275d      0x778 ProgramManager.o
 .debug_line    0x00002ed5      0x1fa TagManager.o

.debug_frame
 *(.debug_frame)

.debug_str      0x00000000     0x1119
 *(.debug_str)
 .debug_str     0x00000000      0x6a6 Main.o
                                0x730 (size before relaxing)
 .debug_str     0x000006a6       0x47 OSCCal.o
                                0x186 (size before relaxing)
 .debug_str     0x000006ed       0xfe LCD_Driver.o
                                0x22f (size before relaxing)
 .debug_str     0x000007eb       0x3c EEPROM169.o
                                0x113 (size before relaxing)
 .debug_str     0x00000827       0x56 USART.o
                                0x179 (size before relaxing)
 .debug_str     0x0000087d       0x36 SPI.o
                                0x148 (size before relaxing)
 .debug_str     0x000008b3       0xaf USI.o
                                0x1ce (size before relaxing)
 .debug_str     0x00000962      0x162 Dataflash.o
                                0x2d7 (size before relaxing)
 .debug_str     0x00000ac4       0x88 RingBuff.o
                                0x1ab (size before relaxing)
 .debug_str     0x00000b4c       0x35 Timeout.o
                                0x14a (size before relaxing)
 .debug_str     0x00000b81       0xa1 EEPROMVariables.o
                                0x205 (size before relaxing)
 .debug_str     0x00000c22       0xbc ProgDataflash.o
                                0x256 (size before relaxing)
 .debug_str     0x00000cde      0x120 V2Protocol.o
                                0x304 (size before relaxing)
 .debug_str     0x00000dfe       0xb8 ISPChipComm.o
                                0x236 (size before relaxing)
 .debug_str     0x00000eb6       0x79 AVRISPCommandInterpreter.o
                                0x21f (size before relaxing)
 .debug_str     0x00000f2f      0x190 ProgramManager.o
                                0x457 (size before relaxing)
 .debug_str     0x000010bf       0x5a TagManager.o
                                0x185 (size before relaxing)

.debug_loc
 *(.debug_loc)

.debug_macinfo
 *(.debug_macinfo)
OUTPUT(ButtLoad.elf elf32-avr)

Cross Reference Table

Symbol                                            File
AICI_InterpretPacket                              AVRISPCommandInterpreter.o
                                                  V2Protocol.o
                                                  Main.o
AVRISPModeMessage                                 AVRISPCommandInterpreter.o
                                                  Main.o
AboutTextPtrs                                     Main.o
AuthorName                                        Main.o
BUFF_GetBuffByte                                  RingBuff.o
                                                  USART.o
                                                  Main.o
BUFF_InitialiseBuffer                             RingBuff.o
                                                  V2Protocol.o
                                                  USART.o
BUFF_StoreBuffByte                                RingBuff.o
                                                  USART.o
BUTTTAG_Author                                    Main.o
BUTTTAG_Name                                      Main.o
BuffElements                                      V2Protocol.o
                                                  RingBuff.o
                                                  USART.o
                                                  Main.o
CopyRight                                         Main.o
CurrAddress                                       V2Protocol.o
                                                  ProgramManager.o
                                                  AVRISPCommandInterpreter.o
                                                  ISPChipComm.o
                                                  ProgDataflash.o
                                                  Main.o
CurrBuffByte                                      ProgramManager.o
                                                  V2Protocol.o
                                                  ProgDataflash.o
                                                  Dataflash.o
CurrPageAddress                                   ProgramManager.o
                                                  V2Protocol.o
                                                  ProgDataflash.o
                                                  Dataflash.o
CurrentMode                                       ProgramManager.o
DFPos                                             TagManager.o
DFSPIRoutinePointer                               Dataflash.o
                                                  Main.o
DF_BufferWriteEnable                              Dataflash.o
                                                  ProgramManager.o
                                                  V2Protocol.o
                                                  ProgDataflash.o
DF_CheckCorrectOnboardChip                        Dataflash.o
                                                  Main.o
DF_ContinuousReadEnable                           Dataflash.o
                                                  TagManager.o
                                                  ProgramManager.o
DF_CopyBufferToFlashPage                          Dataflash.o
                                                  ProgramManager.o
                                                  V2Protocol.o
                                                  ProgDataflash.o
DF_CopyFlashPageToBuffer                          Dataflash.o
                                                  ProgramManager.o
                                                  V2Protocol.o
                                                  ProgDataflash.o
DF_EnableDataflash                                Dataflash.o
                                                  TagManager.o
                                                  ProgramManager.o
                                                  ProgDataflash.o
                                                  Main.o
DF_ErasePage                                      Dataflash.o
                                                  ProgDataflash.o
DF_GetChipCharacteristics                         Dataflash.o
                                                  ProgDataflash.o
DF_PageBits                                       Dataflash.o
DF_PageSize                                       Dataflash.o
DF_Pages                                          Dataflash.o
DF_ReadBufferByte                                 Dataflash.o
                                                  ProgDataflash.o
DF_StoreDataflashByte                             ProgDataflash.o
DataFlashError                                    Dataflash.o
                                                  ProgDataflash.o
DataFlashProgMode                                 ProgDataflash.o
                                                  Main.o
DataflashInfo                                     ProgDataflash.o
                                                  Dataflash.o
DelayCount                                        LCD_Driver.o
FUNCAVRISPMode                                    Main.o
FUNCAutoCalib                                     Main.o
FUNCChangeSettings                                Main.o
FUNCClearMem                                      Main.o
FUNCGoBootloader                                  Main.o
FUNCManCalib                                      Main.o
FUNCProgramAVR                                    Main.o
FUNCProgramDataflash                              Main.o
FUNCSetContrast                                   Main.o
FUNCSetISPSpeed                                   Main.o
FUNCShowAbout                                     Main.o
FUNCSleepMode                                     Main.o
FUNCStorageInfo                                   Main.o
FUNCStoreProgram                                  Main.o
Func_ISPPRGM                                      Main.o
Func_PRGMAVR                                      Main.o
Func_PRGMDATAFLASH                                Main.o
Func_PRGMSTOREINFO                                Main.o
Func_SETTINGS                                     Main.o
Func_SLEEP                                        Main.o
Func_STOREPRGM                                    Main.o
GPageLength                                       ProgramManager.o
ISPCC_EnterChipProgrammingMode                    ISPChipComm.o
                                                  AVRISPCommandInterpreter.o
                                                  Main.o
ISPCC_PollForProgComplete                         ISPChipComm.o
ISPCC_ProgramChip                                 ISPChipComm.o
                                                  ProgramManager.o
                                                  AVRISPCommandInterpreter.o
InPMMode                                          ProgramManager.o
                                                  V2Protocol.o
                                                  Main.o
InProgrammingMode                                 V2Protocol.o
                                                  ProgramManager.o
                                                  AVRISPCommandInterpreter.o
                                                  ISPChipComm.o
                                                  ProgDataflash.o
InterpretPacketRoutine                            V2Protocol.o
                                                  Main.o
LCD_Init                                          LCD_Driver.o
                                                  Main.o
LCD_SegTable                                      LCD_Driver.o
LCD_WriteChar                                     LCD_Driver.o
LCD_puts                                          LCD_Driver.o
                                                  TagManager.o
                                                  ProgramManager.o
                                                  Main.o
LCD_puts_f                                        LCD_Driver.o
                                                  AVRISPCommandInterpreter.o
                                                  ProgDataflash.o
                                                  Main.o
MAIN_Delay10MS                                    Main.o
                                                  ProgramManager.o
MAIN_Delay1MS                                     Main.o
                                                  ProgramManager.o
                                                  AVRISPCommandInterpreter.o
                                                  ISPChipComm.o
                                                  USI.o
MAIN_IntToStr                                     Main.o
                                                  ProgramManager.o
MAIN_ResetCSLine                                  Main.o
                                                  AVRISPCommandInterpreter.o
                                                  V2Protocol.o
                                                  Dataflash.o
MAIN_ShowError                                    Main.o
                                                  TagManager.o
                                                  RingBuff.o
                                                  Dataflash.o
MAIN_ShowProgType                                 Main.o
MAIN_WaitForJoyRelease                            Main.o
                                                  TagManager.o
                                                  ProgramManager.o
MainFunctionNames                                 Main.o
MainFunctionPtrs                                  Main.o
MemoryType                                        ProgramManager.o
                                                  V2Protocol.o
MessageSize                                       V2Protocol.o
                                                  ProgramManager.o
                                                  AVRISPCommandInterpreter.o
                                                  ProgDataflash.o
OSCCAL_Calibrate                                  OSCCal.o
                                                  Main.o
PD_InterpretAVRISPPacket                          ProgDataflash.o
                                                  Main.o
PD_SetupDFAddressCounters                         ProgDataflash.o
PM_CheckEndOfFuseLockStore                        ProgramManager.o
PM_CheckEndOfProgramming                          ProgramManager.o
PM_CreateProgrammingPackets                       ProgramManager.o
                                                  Main.o
PM_GetStoredDataSize                              ProgramManager.o
                                                  TagManager.o
                                                  Main.o
PM_InterpretAVRISPPacket                          ProgramManager.o
                                                  Main.o
PM_SendEraseCommand                               ProgramManager.o
                                                  Main.o
PM_SendFuseLockBytes                              ProgramManager.o
                                                  Main.o
PM_SetupDFAddressCounters                         ProgramManager.o
                                                  V2Protocol.o
PM_ShowStoredItemSizes                            ProgramManager.o
                                                  Main.o
PM_StoreProgramByte                               ProgramManager.o
PRG_C                                             Main.o
PRG_D                                             Main.o
PRG_DE                                            Main.o
PRG_E                                             Main.o
PRG_F                                             Main.o
PRG_FL                                            Main.o
PRG_L                                             Main.o
PacketBytes                                       V2Protocol.o
                                                  ProgramManager.o
                                                  AVRISPCommandInterpreter.o
                                                  ISPChipComm.o
                                                  ProgDataflash.o
                                                  Main.o
Param_ControllerInit                              V2Protocol.o
Param_ResetPolarity                               EEPROMVariables.o
                                                  V2Protocol.o
                                                  Main.o
Param_SCKDuration                                 EEPROMVariables.o
                                                  AVRISPCommandInterpreter.o
                                                  V2Protocol.o
                                                  Main.o
ProgOptions                                       Main.o
Prog_DataSize                                     EEPROMVariables.o
                                                  ProgramManager.o
Prog_EEPROMSize                                   EEPROMVariables.o
                                                  ProgramManager.o
Prog_EPageLength                                  EEPROMVariables.o
                                                  ProgramManager.o
Prog_EnterProgMode                                EEPROMVariables.o
                                                  ProgramManager.o
                                                  Main.o
Prog_EraseChip                                    EEPROMVariables.o
                                                  ProgramManager.o
Prog_EraseCmdStored                               EEPROMVariables.o
                                                  ProgramManager.o
                                                  Main.o
Prog_FuseBytes                                    EEPROMVariables.o
                                                  ProgramManager.o
Prog_LockBytes                                    EEPROMVariables.o
                                                  ProgramManager.o
Prog_PageLength                                   EEPROMVariables.o
                                                  ProgramManager.o
Prog_TotalFuseBytes                               EEPROMVariables.o
                                                  ProgramManager.o
                                                  Main.o
Prog_TotalLockBytes                               EEPROMVariables.o
                                                  ProgramManager.o
                                                  Main.o
Prog_WriteEEPROM                                  EEPROMVariables.o
                                                  ProgramManager.o
Prog_WriteProgram                                 EEPROMVariables.o
                                                  ProgramManager.o
ProgrammerName                                    Main.o
RetrieveLoc                                       RingBuff.o
RingBuffer                                        RingBuff.o
SFunc_AUTOCALIB                                   Main.o
SFunc_CLEARMEM                                    Main.o
SFunc_GOBOOTLOADER                                Main.o
SFunc_MANCALIB                                    Main.o
SFunc_SETCONTRAST                                 Main.o
SFunc_SETSPISPEED                                 Main.o
SIFOOptionPtrs                                    Main.o
SIFO_Size                                         Main.o
SIFO_Tags                                         Main.o
SPI_SPIInit                                       SPI.o
                                                  Main.o
SPI_SPITransmit                                   SPI.o
                                                  TagManager.o
                                                  ProgramManager.o
                                                  Dataflash.o
                                                  Main.o
SPI_SPITransmitWord                               SPI.o
ScrollCount                                       LCD_Driver.o
ScrollMode                                        LCD_Driver.o
SegBuffer                                         LCD_Driver.o
SequenceNum                                       V2Protocol.o
SettingFunctionNames                              Main.o
SettingFunctionPtrs                               Main.o
SignonResponse                                    V2Protocol.o
StoreLoc                                          RingBuff.o
StrEnd                                            LCD_Driver.o
StrStart                                          LCD_Driver.o
SyncErrorMessage                                  ISPChipComm.o
                                                  AVRISPCommandInterpreter.o
                                                  Main.o
Sys_LCDContrast                                   EEPROMVariables.o
                                                  Main.o
Sys_MagicNumber                                   EEPROMVariables.o
                                                  Main.o
TIMEOUT_SetupTimeoutTimer                         Timeout.o
                                                  V2Protocol.o
TM_FindNextTag                                    TagManager.o
TM_ShowTags                                       TagManager.o
                                                  Main.o
TagExists                                         TagManager.o
TextBuffer                                        LCD_Driver.o
Ticks                                             Timeout.o
                                                  V2Protocol.o
TimeOut                                           Timeout.o
                                                  V2Protocol.o
                                                  USART.o
TransferComplete                                  USI.o
USART_Init                                        USART.o
                                                  Main.o
USART_Rx                                          USART.o
                                                  V2Protocol.o
USART_Tx                                          USART.o
                                                  V2Protocol.o
                                                  Main.o
USART_TxString                                    USART.o
                                                  Main.o
USIPSNamePtrs                                     Main.o
USIPSValues                                       USI.o
USI_SPIInitMaster                                 USI.o
                                                  AVRISPCommandInterpreter.o
                                                  Main.o
USI_SPIOff                                        USI.o
                                                  AVRISPCommandInterpreter.o
                                                  Main.o
USI_SPISetSpeed                                   USI.o
                                                  V2Protocol.o
USI_SPIToggleClock                                USI.o
                                                  ISPChipComm.o
USI_SPITransmit                                   USI.o
                                                  ProgramManager.o
                                                  AVRISPCommandInterpreter.o
                                                  ISPChipComm.o
                                                  V2Protocol.o
                                                  ProgDataflash.o
                                                  Main.o
USI_SPITransmitWord                               USI.o
                                                  ProgramManager.o
                                                  AVRISPCommandInterpreter.o
                                                  ISPChipComm.o
USI_Speed0                                        Main.o
USI_Speed1                                        Main.o
USI_Speed2                                        Main.o
USI_Speed3                                        Main.o
UpdateLCD                                         LCD_Driver.o
UseExernalDF                                      Dataflash.o
                                                  Main.o
V2P_CheckForExtendedAddress                       V2Protocol.o
V2P_GetChecksum                                   V2Protocol.o
V2P_GetSetParamater                               V2Protocol.o
V2P_IncrementCurrAddress                          V2Protocol.o
                                                  ProgramManager.o
                                                  AVRISPCommandInterpreter.o
                                                  ISPChipComm.o
                                                  ProgDataflash.o
V2P_RunStateMachine                               V2Protocol.o
                                                  Main.o
V2P_SendPacket                                    V2Protocol.o
                                                  ProgramManager.o
                                                  AVRISPCommandInterpreter.o
                                                  ProgDataflash.o
VersionData                                       V2Protocol.o
VersionInfo                                       Main.o
WaitText                                          Main.o
__bad_interrupt                                   C:/WinAVR/bin/../lib/gcc/avr/3.4.5/../../../../avr/lib/avr5/crtm169.o
__bss_end                                         C:/WinAVR/lib/gcc/avr/3.4.5/avr5\libgcc.a(_clear_bss.o)
__bss_start                                       C:/WinAVR/lib/gcc/avr/3.4.5/avr5\libgcc.a(_clear_bss.o)
__data_end                                        C:/WinAVR/lib/gcc/avr/3.4.5/avr5\libgcc.a(_copy_data.o)
__data_load_start                                 C:/WinAVR/lib/gcc/avr/3.4.5/avr5\libgcc.a(_copy_data.o)
__data_start                                      C:/WinAVR/lib/gcc/avr/3.4.5/avr5\libgcc.a(_copy_data.o)
__do_clear_bss                                    C:/WinAVR/lib/gcc/avr/3.4.5/avr5\libgcc.a(_clear_bss.o)
                                                  TagManager.o
                                                  ProgramManager.o
                                                  AVRISPCommandInterpreter.o
                                                  ISPChipComm.o
                                                  V2Protocol.o
                                                  ProgDataflash.o
                                                  EEPROMVariables.o
                                                  Timeout.o
                                                  RingBuff.o
                                                  Dataflash.o
                                                  USI.o
                                                  SPI.o
                                                  USART.o
                                                  EEPROM169.o
                                                  LCD_Driver.o
                                                  OSCCal.o
                                                  Main.o
__do_copy_data                                    C:/WinAVR/lib/gcc/avr/3.4.5/avr5\libgcc.a(_copy_data.o)
                                                  TagManager.o
                                                  ProgramManager.o
                                                  AVRISPCommandInterpreter.o
                                                  ISPChipComm.o
                                                  V2Protocol.o
                                                  ProgDataflash.o
                                                  EEPROMVariables.o
                                                  Timeout.o
                                                  RingBuff.o
                                                  Dataflash.o
                                                  USI.o
                                                  SPI.o
                                                  USART.o
                                                  EEPROM169.o
                                                  LCD_Driver.o
                                                  OSCCal.o
                                                  Main.o
__heap_end                                        C:/WinAVR/bin/../lib/gcc/avr/3.4.5/../../../../avr/lib/avr5/crtm169.o
__init                                            C:/WinAVR/bin/../lib/gcc/avr/3.4.5/../../../../avr/lib/avr5/crtm169.o
__mulsi3                                          C:/WinAVR/lib/gcc/avr/3.4.5/avr5\libgcc.a(_mulsi3.o)
                                                  ProgramManager.o
__stack                                           C:/WinAVR/bin/../lib/gcc/avr/3.4.5/../../../../avr/lib/avr5/crtm169.o
                                                  Main.o
__udivmodsi4                                      C:/WinAVR/lib/gcc/avr/3.4.5/avr5\libgcc.a(_udivmodsi4.o)
                                                  C:/WinAVR/bin/../lib/gcc/avr/3.4.5/../../../../avr/lib/avr5\libc.a(ultoa.o)
__vector_1                                        C:/WinAVR/bin/../lib/gcc/avr/3.4.5/../../../../avr/lib/avr5/crtm169.o
__vector_10                                       USIInterrupt.o
                                                  C:/WinAVR/bin/../lib/gcc/avr/3.4.5/../../../../avr/lib/avr5/crtm169.o
__vector_11                                       C:/WinAVR/bin/../lib/gcc/avr/3.4.5/../../../../avr/lib/avr5/crtm169.o
__vector_12                                       C:/WinAVR/bin/../lib/gcc/avr/3.4.5/../../../../avr/lib/avr5/crtm169.o
__vector_13                                       USART.o
                                                  C:/WinAVR/bin/../lib/gcc/avr/3.4.5/../../../../avr/lib/avr5/crtm169.o
__vector_14                                       C:/WinAVR/bin/../lib/gcc/avr/3.4.5/../../../../avr/lib/avr5/crtm169.o
__vector_15                                       C:/WinAVR/bin/../lib/gcc/avr/3.4.5/../../../../avr/lib/avr5/crtm169.o
__vector_16                                       C:/WinAVR/bin/../lib/gcc/avr/3.4.5/../../../../avr/lib/avr5/crtm169.o
__vector_17                                       USI.o
                                                  C:/WinAVR/bin/../lib/gcc/avr/3.4.5/../../../../avr/lib/avr5/crtm169.o
__vector_18                                       C:/WinAVR/bin/../lib/gcc/avr/3.4.5/../../../../avr/lib/avr5/crtm169.o
__vector_19                                       C:/WinAVR/bin/../lib/gcc/avr/3.4.5/../../../../avr/lib/avr5/crtm169.o
__vector_2                                        JoystickInterrupt.o
                                                  C:/WinAVR/bin/../lib/gcc/avr/3.4.5/../../../../avr/lib/avr5/crtm169.o
__vector_20                                       C:/WinAVR/bin/../lib/gcc/avr/3.4.5/../../../../avr/lib/avr5/crtm169.o
__vector_21                                       C:/WinAVR/bin/../lib/gcc/avr/3.4.5/../../../../avr/lib/avr5/crtm169.o
__vector_22                                       LCD_Driver.o
                                                  C:/WinAVR/bin/../lib/gcc/avr/3.4.5/../../../../avr/lib/avr5/crtm169.o
__vector_3                                        Main.o
                                                  C:/WinAVR/bin/../lib/gcc/avr/3.4.5/../../../../avr/lib/avr5/crtm169.o
                                                  JoystickInterrupt.o
__vector_4                                        C:/WinAVR/bin/../lib/gcc/avr/3.4.5/../../../../avr/lib/avr5/crtm169.o
__vector_5                                        OSCCal.o
                                                  C:/WinAVR/bin/../lib/gcc/avr/3.4.5/../../../../avr/lib/avr5/crtm169.o
__vector_6                                        C:/WinAVR/bin/../lib/gcc/avr/3.4.5/../../../../avr/lib/avr5/crtm169.o
__vector_7                                        C:/WinAVR/bin/../lib/gcc/avr/3.4.5/../../../../avr/lib/avr5/crtm169.o
__vector_8                                        C:/WinAVR/bin/../lib/gcc/avr/3.4.5/../../../../avr/lib/avr5/crtm169.o
__vector_9                                        Timeout.o
                                                  C:/WinAVR/bin/../lib/gcc/avr/3.4.5/../../../../avr/lib/avr5/crtm169.o
__vector_default                                  Main.o
                                                  C:/WinAVR/bin/../lib/gcc/avr/3.4.5/../../../../avr/lib/avr5/crtm169.o
__vectors                                         C:/WinAVR/bin/../lib/gcc/avr/3.4.5/../../../../avr/lib/avr5/crtm169.o
eeprom_read_byte_169                              EEPROM169.o
                                                  ProgramManager.o
                                                  AVRISPCommandInterpreter.o
                                                  V2Protocol.o
                                                  Main.o
eeprom_write_byte_169                             EEPROM169.o
                                                  ProgramManager.o
                                                  V2Protocol.o
                                                  Main.o
main                                              Main.o
                                                  C:/WinAVR/bin/../lib/gcc/avr/3.4.5/../../../../avr/lib/avr5/crtm169.o
storedUSIDR                                       USI.o
strcpy_P                                          C:/WinAVR/bin/../lib/gcc/avr/3.4.5/../../../../avr/lib/avr5\libc.a(strcpy_P.o)
                                                  ProgramManager.o
                                                  LCD_Driver.o
                                                  Main.o
strrev                                            C:/WinAVR/bin/../lib/gcc/avr/3.4.5/../../../../avr/lib/avr5\libc.a(strrev.o)
                                                  C:/WinAVR/bin/../lib/gcc/avr/3.4.5/../../../../avr/lib/avr5\libc.a(ultoa.o)
ultoa                                             C:/WinAVR/bin/../lib/gcc/avr/3.4.5/../../../../avr/lib/avr5\libc.a(ultoa.o)
                                                  ProgramManager.o
