Archive member included because of file (symbol)

C:/WinAVR/lib/gcc/avr/3.4.6/avr5\libgcc.a(_copy_data.o)
                              Main.o (__do_copy_data)
C:/WinAVR/lib/gcc/avr/3.4.6/avr5\libgcc.a(_clear_bss.o)
                              Main.o (__do_clear_bss)
C:/WinAVR/bin/../lib/gcc/avr/3.4.6/../../../../avr/lib/avr5\libc.a(strcpy_P.o)
                              Main.o (strcpy_P)
C:/WinAVR/bin/../lib/gcc/avr/3.4.6/../../../../avr/lib/avr5\libc.a(ultoa.o)
                              ProgramManager.o (ultoa)
C:/WinAVR/bin/../lib/gcc/avr/3.4.6/../../../../avr/lib/avr5\libc.a(ee_rb.1F2021.o)
                              Main.o (__eeprom_read_byte_1F2021)
C:/WinAVR/bin/../lib/gcc/avr/3.4.6/../../../../avr/lib/avr5\libc.a(ee_rblk.1F2021.o)
                              ProgramManager.o (__eeprom_read_block_1F2021)
C:/WinAVR/bin/../lib/gcc/avr/3.4.6/../../../../avr/lib/avr5\libc.a(ee_rw.1F2021.o)
                              ProgramManager.o (__eeprom_read_word_1F2021)
C:/WinAVR/bin/../lib/gcc/avr/3.4.6/../../../../avr/lib/avr5\libc.a(ee_wb.1F2021.o)
                              Main.o (__eeprom_write_byte_1F2021)
C:/WinAVR/bin/../lib/gcc/avr/3.4.6/../../../../avr/lib/avr5\libc.a(ee_ww.1F2021.o)
                              ProgramManager.o (__eeprom_write_word_1F2021)
C:/WinAVR/bin/../lib/gcc/avr/3.4.6/../../../../avr/lib/avr5\libc.a(ee_wblk.1F2021.o)
                              ProgramManager.o (__eeprom_write_block_1F2021)
C:/WinAVR/bin/../lib/gcc/avr/3.4.6/../../../../avr/lib/avr5\libc.a(strrev.o)
                              C:/WinAVR/bin/../lib/gcc/avr/3.4.6/../../../../avr/lib/avr5\libc.a(ultoa.o) (strrev)
C:/WinAVR/lib/gcc/avr/3.4.6/avr5\libgcc.a(_udivmodsi4.o)
                              C:/WinAVR/bin/../lib/gcc/avr/3.4.6/../../../../avr/lib/avr5\libc.a(ultoa.o) (__udivmodsi4)

Allocating common symbols
Common symbol       size              file

UseExernalDF        0x1               Dataflash.o
TransferComplete    0x1               USI.o
RingBuffer          0x40              RingBuff.o
StoreLoc            0x2               RingBuff.o
CurrBuffByte        0x2               Dataflash.o
RetrieveLoc         0x2               RingBuff.o
storedUSIDR         0x1               USI.o
BuffElements        0x1               RingBuff.o
DataflashInfo       0x5               Dataflash.o
DFPos               0x4               TagManager.o
CurrPageAddress     0x2               Dataflash.o

Memory Configuration

Name             Origin             Length             Attributes
text             0x00000000         0x00020000         xr
data             0x00800060         0x0000ffa0         rw !x
eeprom           0x00810000         0x00010000         rw !x
*default*        0x00000000         0xffffffff

Linker script and memory map

Address of section .data set to 0x800100
LOAD C:/WinAVR/bin/../lib/gcc/avr/3.4.6/../../../../avr/lib/avr5/crtm169.o
LOAD Main.o
LOAD OSCCal.o
LOAD LCD_Driver.o
LOAD USART.o
LOAD SPI.o
LOAD USI.o
LOAD Dataflash.o
LOAD RingBuff.o
LOAD Timeout.o
LOAD ProgDataflash.o
LOAD V2Protocol.o
LOAD ISPChipComm.o
LOAD AVRISPCommandInterpreter.o
LOAD ProgramManager.o
LOAD TagManager.o
LOAD JoystickInterrupt.o
LOAD USIInterrupt.o
LOAD C:/WinAVR/bin/../lib/gcc/avr/3.4.6/../../../../avr/lib/avr5\libm.a
LOAD C:/WinAVR/lib/gcc/avr/3.4.6/avr5\libgcc.a
LOAD C:/WinAVR/bin/../lib/gcc/avr/3.4.6/../../../../avr/lib/avr5\libc.a
LOAD C:/WinAVR/lib/gcc/avr/3.4.6/avr5\libgcc.a

.hash
 *(.hash)

.dynsym
 *(.dynsym)

.dynstr
 *(.dynstr)

.gnu.version
 *(.gnu.version)

.gnu.version_d
 *(.gnu.version_d)

.gnu.version_r
 *(.gnu.version_r)

.rel.init
 *(.rel.init)

.rela.init
 *(.rela.init)

.rel.text
 *(.rel.text)
 *(.rel.text.*)
 *(.rel.gnu.linkonce.t*)

.rela.text
 *(.rela.text)
 *(.rela.text.*)
 *(.rela.gnu.linkonce.t*)

.rel.fini
 *(.rel.fini)

.rela.fini
 *(.rela.fini)

.rel.rodata
 *(.rel.rodata)
 *(.rel.rodata.*)
 *(.rel.gnu.linkonce.r*)

.rela.rodata
 *(.rela.rodata)
 *(.rela.rodata.*)
 *(.rela.gnu.linkonce.r*)

.rel.data
 *(.rel.data)
 *(.rel.data.*)
 *(.rel.gnu.linkonce.d*)

.rela.data
 *(.rela.data)
 *(.rela.data.*)
 *(.rela.gnu.linkonce.d*)

.rel.ctors
 *(.rel.ctors)

.rela.ctors
 *(.rela.ctors)

.rel.dtors
 *(.rel.dtors)

.rela.dtors
 *(.rela.dtors)

.rel.got
 *(.rel.got)

.rela.got
 *(.rela.got)

.rel.bss
 *(.rel.bss)

.rela.bss
 *(.rela.bss)

.rel.plt
 *(.rel.plt)

.rela.plt
 *(.rela.plt)

.text           0x00000000     0x3538
 *(.vectors)
 .vectors       0x00000000       0x5c C:/WinAVR/bin/../lib/gcc/avr/3.4.6/../../../../avr/lib/avr5/crtm169.o
                0x00000000                __vectors
                0x0000005c                __ctors_start = .
 *(.ctors)
                0x0000005c                __ctors_end = .
                0x0000005c                __dtors_start = .
 *(.dtors)
                0x0000005c                __dtors_end = .
 *(.progmem.gcc*)
 *(.progmem*)
 .progmem.data  0x0000005c      0x2b0 Main.o
                0x00000193                MainFunctionNames
                0x00000231                BUTTTAG_Author
                0x000000e9                PRG_DE
                0x00000244                BUTTTAG_Name
                0x00000221                ProgrammerName
                0x000001df                Func_STOREPRGM
                0x000001c4                Func_PRGMDATAFLASH
                0x000001a1                Func_SLEEP
                0x000001ea                Func_ISPPRGM
                0x0000021c                VersionInfo
                0x00000105                PRG_D
                0x0000011b                SettingFunctionNames
                0x000000f9                PRG_E
                0x000001fe                CopyRight
                0x0000022a                WaitText
                0x000000aa                PRG_C
                0x0000016a                SFunc_SETSPISPEED
                0x000000b5                PRG_FL
                0x000001ac                Func_SETTINGS
                0x00000078                USISpeeds
                0x00000127                SFunc_GOBOOTLOADER
                0x0000005c                SIFONames
                0x000000d9                PRG_F
                0x00000159                SFunc_SETFIRMMINOR
                0x000001d3                Func_PRGMAVR
                0x00000147                SFunc_SETAUTOSLEEPTO
                0x000000c9                PRG_L
                0x0000009c                ProgOptions
                0x0000010f                SettingFunctionPtrs
                0x00000178                SFunc_SETCONTRAST
                0x000001b5                Func_PRGMSTOREINFO
                0x000001f6                AboutTextPtrs
                0x00000185                MainFunctionPtrs
                0x0000013a                SFunc_CLEARMEM
                0x0000020d                AuthorName
 .progmem.data  0x0000030c       0x6c LCD_Driver.o
 .progmem.data  0x00000378        0x8 USI.o
                0x00000378                USIPSValues
 .progmem.data  0x00000380       0x38 Dataflash.o
                0x00000390                DF_Pages
                0x00000380                DataFlashError
                0x000003a0                DF_PageSize
                0x000003b0                DF_PageBits
 .progmem.data  0x000003b8        0xe RingBuff.o
 .progmem.data  0x000003c6        0x5 Timeout.o
                0x000003c6                AutoSleepTOValues
 .progmem.data  0x000003cb       0x11 ProgDataflash.o
                0x000003cb                DataFlashProgMode
 .progmem.data  0x000003dc        0xb V2Protocol.o
                0x000003dc                SignonResponse
 .progmem.data  0x000003e7        0xb ISPChipComm.o
                0x000003e7                SyncErrorMessage
 .progmem.data  0x000003f2       0x10 AVRISPCommandInterpreter.o
                0x000003f2                AVRISPModeMessage
 .progmem.data  0x00000402       0x18 ProgramManager.o
 .progmem.data  0x0000041a        0x8 TagManager.o
                0x00000422                . = ALIGN (0x2)
 *(.init0)
 *(.init1)
 *(.init2)
 .init2         0x00000422        0xc C:/WinAVR/bin/../lib/gcc/avr/3.4.6/../../../../avr/lib/avr5/crtm169.o
 *(.init3)
 *(.init4)
 .init4         0x0000042e       0x16 C:/WinAVR/lib/gcc/avr/3.4.6/avr5\libgcc.a(_copy_data.o)
                0x0000042e                __do_copy_data
 .init4         0x00000444       0x10 C:/WinAVR/lib/gcc/avr/3.4.6/avr5\libgcc.a(_clear_bss.o)
                0x00000444                __do_clear_bss
 *(.init5)
 *(.init6)
 *(.init7)
 *(.init8)
 *(.init9)
 .init9         0x00000454        0x4 C:/WinAVR/bin/../lib/gcc/avr/3.4.6/../../../../avr/lib/avr5/crtm169.o
 *(.text)
 .text          0x00000458        0x4 C:/WinAVR/bin/../lib/gcc/avr/3.4.6/../../../../avr/lib/avr5/crtm169.o
                0x00000458                __vector_1
                0x00000458                __vector_12
                0x00000458                __bad_interrupt
                0x00000458                __vector_6
                0x00000458                __vector_11
                0x00000458                __vector_19
                0x00000458                __vector_7
                0x00000458                __vector_21
                0x00000458                __vector_15
                0x00000458                __vector_8
                0x00000458                __vector_14
                0x00000458                __vector_16
                0x00000458                __vector_18
                0x00000458                __vector_20
 .text          0x0000045c      0xaa6 Main.o
                0x00000b9e                FUNCSetContrast
                0x00000cb4                FUNCSetFirmMinorVer
                0x00000e12                FUNCSleepMode
                0x00000868                FUNCProgramAVR
                0x00000480                MAIN_WaitForJoyRelease
                0x000006d6                MAIN_ShowError
                0x00000b36                FUNCClearMem
                0x00000722                __vector_3
                0x00000664                MAIN_IntToStr
                0x0000076a                FUNCChangeSettings
                0x00000806                FUNCProgramDataflash
                0x00000ad2                FUNCStoreProgram
                0x00000608                MAIN_Delay1MS
                0x00000c44                FUNCSetISPSpeed
                0x000007d4                FUNCAVRISPMode
                0x00000760                __vector_default
                0x00000e3a                FUNCStorageInfo
                0x000004e4                main
                0x0000062c                MAIN_ResetCSLine
                0x00000d4c                FUNCSetAutoSleepTimeOut
                0x00000694                MAIN_ShowProgType
                0x0000045c                MAIN_Delay10MS
                0x00000ee6                FUNCGoBootloader
                0x00000494                FUNCShowAbout
 .text          0x00000f02      0x10c OSCCal.o
                0x00000fcc                __vector_5
                0x00000f02                OSCCAL_Calibrate
 .text          0x0000100e      0x1fa LCD_Driver.o
                0x00001126                __vector_22
                0x00001094                LCD_puts_f
                0x000010cc                LCD_WriteChar
                0x00001028                LCD_puts
                0x0000100e                LCD_Init
 .text          0x00001208       0x4a USART.o
                0x0000122a                USART_Tx
                0x00001208                USART_Init
                0x0000123a                USART_Rx
 .text          0x00001252       0x3e SPI.o
                0x00001266                SPI_SPITransmit
                0x00001252                SPI_SPIInit
                0x00001274                SPI_SPITransmitWord
 .text          0x00001290      0x10a USI.o
                0x0000131c                USI_SPIOff
                0x00001356                USI_SPITransmitWord
                0x000012c6                USI_SPISetSpeed
                0x00001290                __vector_17
                0x00001372                USI_SPIToggleClock
                0x000012fc                USI_SPIInitMaster
                0x00001330                USI_SPITransmit
 .text          0x0000139a      0x304 Dataflash.o
                0x000014c2                DF_WaitWhileBusy
                0x0000166e                DF_CheckCorrectOnboardChip
                0x00001408                DF_ContinuousReadEnable
                0x00001536                DF_CopyFlashPageToBuffer
                0x000015f2                DF_GetChipCharacteristics
                0x0000139a                DF_EnableDataflash
                0x000014f0                DF_EraseBlock
                0x000013be                DF_ReadBufferByte
                0x00001480                DF_BufferWriteEnable
                0x00001594                DF_CopyBufferToFlashPage
 .text          0x0000169e       0xf4 RingBuff.o
                0x00001734                BUFF_InitialiseBuffer
                0x0000169e                __vector_13
                0x0000174e                BUFF_GetBuffByte
 .text          0x00001792       0xfc Timeout.o
                0x00001792                __vector_4
                0x0000181a                __vector_9
                0x000017c8                TOUT_SetupSleepTimer
 .text          0x0000188e      0x3da ProgDataflash.o
                0x0000188e                PD_SetupDFAddressCounters
                0x000018e8                PD_StoreDataflashByte
                0x00001948                PD_InterpretAVRISPPacket
 .text          0x00001c68      0x554 V2Protocol.o
                0x00001caa                V2P_SendPacket
                0x00001ee6                V2P_RunStateMachine
                0x00001c68                V2P_GetChecksum
                0x00001e94                V2P_CheckForExtendedAddress
                0x00001e6c                V2P_IncrementCurrAddress
                0x00001d2a                V2P_GetSetParamater
 .text          0x000021bc      0x320 ISPChipComm.o
                0x00002278                ISPCC_PollForProgComplete
                0x000021bc                ISPCC_EnterChipProgrammingMode
                0x0000230c                ISPCC_ProgramChip
 .text          0x000024dc      0x2e0 AVRISPCommandInterpreter.o
                0x000024dc                AICI_InterpretPacket
 .text          0x000027bc      0xacc ProgramManager.o
                0x0000282a                PM_SetupDFAddressCounters
                0x00002e82                PM_SendFuseLockBytes
                0x000027bc                PM_GetStoredDataSize
                0x00002f42                PM_CreateProgrammingPackets
                0x00002918                PM_CheckEndOfFuseLockData
                0x000029e6                PM_InterpretAVRISPPacket
                0x00002ee4                PM_SendEraseCommand
                0x000028ae                PM_StoreProgramByte
                0x00003186                PM_ShowStoredItemSizes
 .text          0x00003288      0x194 TagManager.o
                0x000033d0                TM_ShowTags
                0x00003288                TM_FindNextTag
 .text          0x0000341c        0x4 JoystickInterrupt.o
                0x0000341c                __vector_2
 .text          0x00003420        0xc USIInterrupt.o
                0x00003420                __vector_10
 .text          0x0000342c        0xe C:/WinAVR/bin/../lib/gcc/avr/3.4.6/../../../../avr/lib/avr5\libc.a(strcpy_P.o)
                0x0000342c                strcpy_P
 .text          0x0000343a       0x4a C:/WinAVR/bin/../lib/gcc/avr/3.4.6/../../../../avr/lib/avr5\libc.a(ultoa.o)
                0x0000343a                ultoa
 .text          0x00003484       0x20 C:/WinAVR/bin/../lib/gcc/avr/3.4.6/../../../../avr/lib/avr5\libc.a(strrev.o)
                0x00003484                strrev
                0x000034a4                . = ALIGN (0x2)
 *(.text.*)
 .text.eeprom   0x000034a4       0x10 C:/WinAVR/bin/../lib/gcc/avr/3.4.6/../../../../avr/lib/avr5\libc.a(ee_rb.1F2021.o)
                0x000034a4                __eeprom_read_byte_1F2021
 .text.eeprom   0x000034b4        0xa C:/WinAVR/bin/../lib/gcc/avr/3.4.6/../../../../avr/lib/avr5\libc.a(ee_rblk.1F2021.o)
                0x000034b4                __eeprom_read_block_1F2021
 .text.eeprom   0x000034be        0xa C:/WinAVR/bin/../lib/gcc/avr/3.4.6/../../../../avr/lib/avr5\libc.a(ee_rw.1F2021.o)
                0x000034be                __eeprom_read_word_1F2021
 .text.eeprom   0x000034c8       0x18 C:/WinAVR/bin/../lib/gcc/avr/3.4.6/../../../../avr/lib/avr5\libc.a(ee_wb.1F2021.o)
                0x000034c8                __eeprom_write_byte_1F2021
 .text.eeprom   0x000034e0        0xa C:/WinAVR/bin/../lib/gcc/avr/3.4.6/../../../../avr/lib/avr5\libc.a(ee_ww.1F2021.o)
                0x000034e0                __eeprom_write_word_1F2021
 .text.eeprom   0x000034ea        0xa C:/WinAVR/bin/../lib/gcc/avr/3.4.6/../../../../avr/lib/avr5\libc.a(ee_wblk.1F2021.o)
                0x000034ea                __eeprom_write_block_1F2021
 .text.libgcc   0x000034f4       0x44 C:/WinAVR/lib/gcc/avr/3.4.6/avr5\libgcc.a(_udivmodsi4.o)
                0x000034f4                __udivmodsi4
                0x00003538                . = ALIGN (0x2)
 *(.fini9)
 *(.fini8)
 *(.fini7)
 *(.fini6)
 *(.fini5)
 *(.fini4)
 *(.fini3)
 *(.fini2)
 *(.fini1)
 *(.fini0)
                0x00003538                _etext = .

.data           0x00800100        0x4 load address 0x00003538
                0x00800100                PROVIDE (__data_start, .)
 *(.data)
 .data          0x00800100        0x2 Dataflash.o
                0x00800100                DFSPIRoutinePointer
 .data          0x00800102        0x2 V2Protocol.o
                0x00800102                InterpretPacketRoutine
 *(.gnu.linkonce.d*)
                0x00800104                . = ALIGN (0x2)
                0x00800104                _edata = .
                0x00800104                PROVIDE (__data_end, .)

.bss            0x00800104      0x1b4
                0x00800104                PROVIDE (__bss_start, .)
 *(.bss)
 .bss           0x00800104        0x2 OSCCal.o
 .bss           0x00800106       0x35 LCD_Driver.o
 .bss           0x0080013b        0x6 Timeout.o
                0x0080013f                PacketTimeOut
                0x0080013b                TicksBeforeAutoSleep
                0x00800140                PacketTimeOutTicks
                0x0080013d                SleepTimeOutTicks
 .bss           0x00800141      0x11d V2Protocol.o
                0x00800142                CurrAddress
                0x00800149                SequenceNum
                0x00800147                MessageSize
                0x00800141                Param_ControllerInit
                0x00800146                InProgrammingMode
                0x0080014b                PacketBytes
 .bss           0x0080025e        0x4 ProgramManager.o
                0x00800261                MemoryType
                0x0080025e                GPageLength
                0x00800260                CurrentMode
 .bss           0x00800262        0x1 TagManager.o
                0x00800262                TagExists
 *(COMMON)
 COMMON         0x00800263        0x2 USI.o
                0x00800263                TransferComplete
                0x00800264                storedUSIDR
 COMMON         0x00800265        0xa Dataflash.o
                0x00800265                UseExernalDF
                0x00800266                CurrBuffByte
                0x00800268                DataflashInfo
                0x0080026d                CurrPageAddress
 COMMON         0x0080026f       0x45 RingBuff.o
                0x0080026f                RingBuffer
                0x008002af                StoreLoc
                0x008002b1                RetrieveLoc
                0x008002b3                BuffElements
 COMMON         0x008002b4        0x4 TagManager.o
                0x008002b4                DFPos
                0x008002b8                PROVIDE (__bss_end, .)
                0x00003538                __data_load_start = LOADADDR (.data)
                0x0000353c                __data_load_end = (__data_load_start + SIZEOF (.data))

.noinit         0x008002b8        0x0
                0x008002b8                PROVIDE (__noinit_start, .)
 *(.noinit*)
                0x008002b8                PROVIDE (__noinit_end, .)
                0x008002b8                _end = .
                0x008002b8                PROVIDE (__heap_start, .)

.eeprom         0x00810000       0x89
 *(.eeprom*)
 .eeprom        0x00810000       0x89 Main.o
                0x00810000                EEPROMVars
                0x00810089                __eeprom_end = .

.stab           0x00000000      0x3e4
 *(.stab)
 .stab          0x00000000      0x36c C:/WinAVR/bin/../lib/gcc/avr/3.4.6/../../../../avr/lib/avr5/crtm169.o
 .stab          0x0000036c       0x24 JoystickInterrupt.o
                                 0x30 (size before relaxing)
 .stab          0x00000390       0x54 USIInterrupt.o
                                 0x60 (size before relaxing)

.stabstr        0x00000000       0xfb
 *(.stabstr)
 .stabstr       0x00000000       0xfb C:/WinAVR/bin/../lib/gcc/avr/3.4.6/../../../../avr/lib/avr5/crtm169.o

.stab.excl
 *(.stab.excl)

.stab.exclstr
 *(.stab.exclstr)

.stab.index
 *(.stab.index)

.stab.indexstr
 *(.stab.indexstr)

.comment
 *(.comment)

.debug
 *(.debug)

.line
 *(.line)

.debug_srcinfo
 *(.debug_srcinfo)

.debug_sfnames
 *(.debug_sfnames)

.debug_aranges  0x00000000      0x12c
 *(.debug_aranges)
 .debug_aranges
                0x00000000       0x14 Main.o
 .debug_aranges
                0x00000014       0x14 OSCCal.o
 .debug_aranges
                0x00000028       0x14 LCD_Driver.o
 .debug_aranges
                0x0000003c       0x14 USART.o
 .debug_aranges
                0x00000050       0x14 SPI.o
 .debug_aranges
                0x00000064       0x14 USI.o
 .debug_aranges
                0x00000078       0x14 Dataflash.o
 .debug_aranges
                0x0000008c       0x14 RingBuff.o
 .debug_aranges
                0x000000a0       0x14 Timeout.o
 .debug_aranges
                0x000000b4       0x14 ProgDataflash.o
 .debug_aranges
                0x000000c8       0x14 V2Protocol.o
 .debug_aranges
                0x000000dc       0x14 ISPChipComm.o
 .debug_aranges
                0x000000f0       0x14 AVRISPCommandInterpreter.o
 .debug_aranges
                0x00000104       0x14 ProgramManager.o
 .debug_aranges
                0x00000118       0x14 TagManager.o

.debug_pubnames
                0x00000000      0xd49
 *(.debug_pubnames)
 .debug_pubnames
                0x00000000      0x460 Main.o
 .debug_pubnames
                0x00000460       0x36 OSCCal.o
 .debug_pubnames
                0x00000496       0x5d LCD_Driver.o
 .debug_pubnames
                0x000004f3       0x3b USART.o
 .debug_pubnames
                0x0000052e       0x4e SPI.o
 .debug_pubnames
                0x0000057c       0xd3 USI.o
 .debug_pubnames
                0x0000064f      0x1b2 Dataflash.o
 .debug_pubnames
                0x00000801       0x8e RingBuff.o
 .debug_pubnames
                0x0000088f       0xb7 Timeout.o
 .debug_pubnames
                0x00000946       0x7d ProgDataflash.o
 .debug_pubnames
                0x000009c3      0x143 V2Protocol.o
 .debug_pubnames
                0x00000b06       0x7e ISPChipComm.o
 .debug_pubnames
                0x00000b84       0x41 AVRISPCommandInterpreter.o
 .debug_pubnames
                0x00000bc5      0x137 ProgramManager.o
 .debug_pubnames
                0x00000cfc       0x4d TagManager.o

.debug_info     0x00000000     0x41ec
 *(.debug_info)
 .debug_info    0x00000000     0x11ff Main.o
 .debug_info    0x000011ff      0x1c2 OSCCal.o
 .debug_info    0x000013c1      0x346 LCD_Driver.o
 .debug_info    0x00001707      0x145 USART.o
 .debug_info    0x0000184c      0x13a SPI.o
 .debug_info    0x00001986      0x259 USI.o
 .debug_info    0x00001bdf      0x4d7 Dataflash.o
 .debug_info    0x000020b6      0x185 RingBuff.o
 .debug_info    0x0000223b      0x379 Timeout.o
 .debug_info    0x000025b4      0x2ee ProgDataflash.o
 .debug_info    0x000028a2      0x5a6 V2Protocol.o
 .debug_info    0x00002e48      0x279 ISPChipComm.o
 .debug_info    0x000030c1      0x426 AVRISPCommandInterpreter.o
 .debug_info    0x000034e7      0xb6e ProgramManager.o
 .debug_info    0x00004055      0x197 TagManager.o
 *(.gnu.linkonce.wi.*)

.debug_abbrev   0x00000000     0x100a
 *(.debug_abbrev)
 .debug_abbrev  0x00000000      0x211 Main.o
 .debug_abbrev  0x00000211       0xe1 OSCCal.o
 .debug_abbrev  0x000002f2       0xc4 LCD_Driver.o
 .debug_abbrev  0x000003b6       0xa8 USART.o
 .debug_abbrev  0x0000045e       0x7b SPI.o
 .debug_abbrev  0x000004d9       0xfb USI.o
 .debug_abbrev  0x000005d4      0x111 Dataflash.o
 .debug_abbrev  0x000006e5       0xa7 RingBuff.o
 .debug_abbrev  0x0000078c      0x12e Timeout.o
 .debug_abbrev  0x000008ba       0xf4 ProgDataflash.o
 .debug_abbrev  0x000009ae      0x185 V2Protocol.o
 .debug_abbrev  0x00000b33       0xc4 ISPChipComm.o
 .debug_abbrev  0x00000bf7      0x12b AVRISPCommandInterpreter.o
 .debug_abbrev  0x00000d22      0x22e ProgramManager.o
 .debug_abbrev  0x00000f50       0xba TagManager.o

.debug_line     0x00000000     0x33aa
 *(.debug_line)
 .debug_line    0x00000000      0xb1b Main.o
 .debug_line    0x00000b1b      0x216 OSCCal.o
 .debug_line    0x00000d31      0x28c LCD_Driver.o
 .debug_line    0x00000fbd      0x182 USART.o
 .debug_line    0x0000113f      0x167 SPI.o
 .debug_line    0x000012a6      0x230 USI.o
 .debug_line    0x000014d6      0x310 Dataflash.o
 .debug_line    0x000017e6      0x1a8 RingBuff.o
 .debug_line    0x0000198e      0x1b4 Timeout.o
 .debug_line    0x00001b42      0x35e ProgDataflash.o
 .debug_line    0x00001ea0      0x471 V2Protocol.o
 .debug_line    0x00002311      0x350 ISPChipComm.o
 .debug_line    0x00002661      0x336 AVRISPCommandInterpreter.o
 .debug_line    0x00002997      0x804 ProgramManager.o
 .debug_line    0x0000319b      0x20f TagManager.o

.debug_frame
 *(.debug_frame)

.debug_str      0x00000000     0x114f
 *(.debug_str)
 .debug_str     0x00000000      0x709 Main.o
                                0x7cb (size before relaxing)
 .debug_str     0x00000709       0x57 OSCCal.o
                                0x19e (size before relaxing)
 .debug_str     0x00000760       0xfe LCD_Driver.o
                                0x22f (size before relaxing)
 .debug_str     0x0000085e       0x4e USART.o
                                0x15b (size before relaxing)
 .debug_str     0x000008ac       0x36 SPI.o
                                0x148 (size before relaxing)
 .debug_str     0x000008e2       0xaf USI.o
                                0x1ce (size before relaxing)
 .debug_str     0x00000991      0x18d Dataflash.o
                                0x302 (size before relaxing)
 .debug_str     0x00000b1e       0x75 RingBuff.o
                                0x198 (size before relaxing)
 .debug_str     0x00000b93       0x6b Timeout.o
                                0x2e1 (size before relaxing)
 .debug_str     0x00000bfe       0xbf ProgDataflash.o
                                0x26f (size before relaxing)
 .debug_str     0x00000cbd      0x109 V2Protocol.o
                                0x3fa (size before relaxing)
 .debug_str     0x00000dc6       0xb8 ISPChipComm.o
                                0x236 (size before relaxing)
 .debug_str     0x00000e7e       0x79 AVRISPCommandInterpreter.o
                                0x332 (size before relaxing)
 .debug_str     0x00000ef7      0x1fe ProgramManager.o
                                0x4ee (size before relaxing)
 .debug_str     0x000010f5       0x5a TagManager.o
                                0x185 (size before relaxing)

.debug_loc
 *(.debug_loc)

.debug_macinfo
 *(.debug_macinfo)
OUTPUT(ButtLoad.elf elf32-avr)

Cross Reference Table

Symbol                                            File
AICI_InterpretPacket                              AVRISPCommandInterpreter.o
                                                  V2Protocol.o
                                                  Main.o
AVRISPModeMessage                                 AVRISPCommandInterpreter.o
                                                  Main.o
AboutTextPtrs                                     Main.o
AuthorName                                        Main.o
AutoSleepTOValues                                 Timeout.o
                                                  Main.o
BUFF_GetBuffByte                                  RingBuff.o
                                                  USART.o
BUFF_InitialiseBuffer                             RingBuff.o
                                                  V2Protocol.o
                                                  USART.o
BUTTTAG_Author                                    Main.o
BUTTTAG_Name                                      Main.o
BuffElements                                      V2Protocol.o
                                                  RingBuff.o
                                                  USART.o
CopyRight                                         Main.o
CurrAddress                                       V2Protocol.o
                                                  ProgramManager.o
                                                  AVRISPCommandInterpreter.o
                                                  ISPChipComm.o
                                                  ProgDataflash.o
                                                  Main.o
CurrBuffByte                                      ProgramManager.o
                                                  ProgDataflash.o
                                                  Dataflash.o
CurrPageAddress                                   ProgramManager.o
                                                  ProgDataflash.o
                                                  Dataflash.o
CurrentMode                                       ProgramManager.o
DFPos                                             TagManager.o
DFSPIRoutinePointer                               Dataflash.o
                                                  Main.o
DF_BufferWriteEnable                              Dataflash.o
                                                  ProgramManager.o
                                                  ProgDataflash.o
DF_CheckCorrectOnboardChip                        Dataflash.o
                                                  Main.o
DF_ContinuousReadEnable                           Dataflash.o
                                                  TagManager.o
                                                  ProgramManager.o
DF_CopyBufferToFlashPage                          Dataflash.o
                                                  ProgramManager.o
                                                  ProgDataflash.o
DF_CopyFlashPageToBuffer                          Dataflash.o
                                                  ProgDataflash.o
DF_EnableDataflash                                Dataflash.o
                                                  TagManager.o
                                                  ProgramManager.o
                                                  ProgDataflash.o
                                                  Main.o
DF_EraseBlock                                     Dataflash.o
                                                  ProgDataflash.o
DF_GetChipCharacteristics                         Dataflash.o
                                                  ProgDataflash.o
DF_PageBits                                       Dataflash.o
DF_PageSize                                       Dataflash.o
DF_Pages                                          Dataflash.o
DF_ReadBufferByte                                 Dataflash.o
                                                  ProgDataflash.o
DF_WaitWhileBusy                                  Dataflash.o
DataFlashError                                    Dataflash.o
                                                  ProgDataflash.o
DataFlashProgMode                                 ProgDataflash.o
                                                  Main.o
DataflashInfo                                     ProgDataflash.o
                                                  Dataflash.o
EEPROMVars                                        Main.o
                                                  ProgramManager.o
                                                  AVRISPCommandInterpreter.o
                                                  V2Protocol.o
                                                  Timeout.o
FUNCAVRISPMode                                    Main.o
FUNCChangeSettings                                Main.o
FUNCClearMem                                      Main.o
FUNCGoBootloader                                  Main.o
FUNCProgramAVR                                    Main.o
FUNCProgramDataflash                              Main.o
FUNCSetAutoSleepTimeOut                           Main.o
FUNCSetContrast                                   Main.o
FUNCSetFirmMinorVer                               Main.o
FUNCSetISPSpeed                                   Main.o
FUNCShowAbout                                     Main.o
FUNCSleepMode                                     Main.o
                                                  Timeout.o
FUNCStorageInfo                                   Main.o
FUNCStoreProgram                                  Main.o
Func_ISPPRGM                                      Main.o
Func_PRGMAVR                                      Main.o
Func_PRGMDATAFLASH                                Main.o
Func_PRGMSTOREINFO                                Main.o
Func_SETTINGS                                     Main.o
Func_SLEEP                                        Main.o
Func_STOREPRGM                                    Main.o
GPageLength                                       ProgramManager.o
ISPCC_EnterChipProgrammingMode                    ISPChipComm.o
                                                  AVRISPCommandInterpreter.o
                                                  Main.o
ISPCC_PollForProgComplete                         ISPChipComm.o
ISPCC_ProgramChip                                 ISPChipComm.o
                                                  ProgramManager.o
                                                  AVRISPCommandInterpreter.o
InProgrammingMode                                 V2Protocol.o
                                                  ProgramManager.o
                                                  AVRISPCommandInterpreter.o
                                                  ISPChipComm.o
                                                  ProgDataflash.o
InterpretPacketRoutine                            V2Protocol.o
                                                  Main.o
LCD_Init                                          LCD_Driver.o
                                                  Main.o
LCD_WriteChar                                     LCD_Driver.o
LCD_puts                                          LCD_Driver.o
                                                  TagManager.o
                                                  ProgramManager.o
                                                  Main.o
LCD_puts_f                                        LCD_Driver.o
                                                  AVRISPCommandInterpreter.o
                                                  ProgDataflash.o
                                                  Main.o
MAIN_Delay10MS                                    Main.o
                                                  ProgramManager.o
MAIN_Delay1MS                                     Main.o
                                                  ProgramManager.o
                                                  AVRISPCommandInterpreter.o
                                                  ISPChipComm.o
                                                  USI.o
MAIN_IntToStr                                     Main.o
                                                  ProgramManager.o
MAIN_ResetCSLine                                  Main.o
                                                  AVRISPCommandInterpreter.o
                                                  V2Protocol.o
                                                  Dataflash.o
MAIN_ShowError                                    Main.o
                                                  TagManager.o
                                                  RingBuff.o
                                                  Dataflash.o
MAIN_ShowProgType                                 Main.o
MAIN_WaitForJoyRelease                            Main.o
                                                  TagManager.o
                                                  ProgramManager.o
MainFunctionNames                                 Main.o
MainFunctionPtrs                                  Main.o
MemoryType                                        ProgramManager.o
MessageSize                                       V2Protocol.o
                                                  ProgramManager.o
                                                  AVRISPCommandInterpreter.o
                                                  ProgDataflash.o
OSCCAL_Calibrate                                  OSCCal.o
                                                  Main.o
PD_InterpretAVRISPPacket                          ProgDataflash.o
                                                  Main.o
PD_SetupDFAddressCounters                         ProgDataflash.o
PD_StoreDataflashByte                             ProgDataflash.o
PM_CheckEndOfFuseLockData                         ProgramManager.o
PM_CreateProgrammingPackets                       ProgramManager.o
                                                  Main.o
PM_GetStoredDataSize                              ProgramManager.o
                                                  TagManager.o
                                                  Main.o
PM_InterpretAVRISPPacket                          ProgramManager.o
                                                  Main.o
PM_SendEraseCommand                               ProgramManager.o
                                                  Main.o
PM_SendFuseLockBytes                              ProgramManager.o
                                                  Main.o
PM_SetupDFAddressCounters                         ProgramManager.o
PM_ShowStoredItemSizes                            ProgramManager.o
                                                  Main.o
PM_StoreProgramByte                               ProgramManager.o
PRG_C                                             Main.o
PRG_D                                             Main.o
PRG_DE                                            Main.o
PRG_E                                             Main.o
PRG_F                                             Main.o
PRG_FL                                            Main.o
PRG_L                                             Main.o
PacketBytes                                       V2Protocol.o
                                                  ProgramManager.o
                                                  AVRISPCommandInterpreter.o
                                                  ISPChipComm.o
                                                  ProgDataflash.o
                                                  Main.o
PacketTimeOut                                     Timeout.o
                                                  V2Protocol.o
                                                  USART.o
PacketTimeOutTicks                                Timeout.o
                                                  V2Protocol.o
Param_ControllerInit                              V2Protocol.o
ProgOptions                                       Main.o
ProgrammerName                                    Main.o
RetrieveLoc                                       RingBuff.o
RingBuffer                                        RingBuff.o
SFunc_CLEARMEM                                    Main.o
SFunc_GOBOOTLOADER                                Main.o
SFunc_SETAUTOSLEEPTO                              Main.o
SFunc_SETCONTRAST                                 Main.o
SFunc_SETFIRMMINOR                                Main.o
SFunc_SETSPISPEED                                 Main.o
SIFONames                                         Main.o
SPI_SPIInit                                       SPI.o
                                                  Main.o
SPI_SPITransmit                                   SPI.o
                                                  TagManager.o
                                                  ProgramManager.o
                                                  Dataflash.o
                                                  Main.o
SPI_SPITransmitWord                               SPI.o
SequenceNum                                       V2Protocol.o
SettingFunctionNames                              Main.o
SettingFunctionPtrs                               Main.o
SignonResponse                                    V2Protocol.o
SleepTimeOutTicks                                 Timeout.o
                                                  Main.o
StoreLoc                                          RingBuff.o
SyncErrorMessage                                  ISPChipComm.o
                                                  AVRISPCommandInterpreter.o
                                                  Main.o
TM_FindNextTag                                    TagManager.o
TM_ShowTags                                       TagManager.o
                                                  Main.o
TOUT_SetupSleepTimer                              Timeout.o
                                                  Main.o
TagExists                                         TagManager.o
TicksBeforeAutoSleep                              Timeout.o
TransferComplete                                  USI.o
USART_Init                                        USART.o
                                                  Main.o
USART_Rx                                          USART.o
                                                  V2Protocol.o
USART_Tx                                          USART.o
                                                  V2Protocol.o
USIPSValues                                       USI.o
USISpeeds                                         Main.o
USI_SPIInitMaster                                 USI.o
                                                  AVRISPCommandInterpreter.o
                                                  Main.o
USI_SPIOff                                        USI.o
                                                  AVRISPCommandInterpreter.o
                                                  Main.o
USI_SPISetSpeed                                   USI.o
                                                  V2Protocol.o
USI_SPIToggleClock                                USI.o
                                                  ISPChipComm.o
USI_SPITransmit                                   USI.o
                                                  ProgramManager.o
                                                  AVRISPCommandInterpreter.o
                                                  ISPChipComm.o
                                                  V2Protocol.o
                                                  ProgDataflash.o
                                                  Main.o
USI_SPITransmitWord                               USI.o
                                                  ProgramManager.o
                                                  AVRISPCommandInterpreter.o
                                                  ISPChipComm.o
UseExernalDF                                      Dataflash.o
                                                  Main.o
V2P_CheckForExtendedAddress                       V2Protocol.o
V2P_GetChecksum                                   V2Protocol.o
V2P_GetSetParamater                               V2Protocol.o
V2P_IncrementCurrAddress                          V2Protocol.o
                                                  ProgramManager.o
                                                  AVRISPCommandInterpreter.o
                                                  ISPChipComm.o
                                                  ProgDataflash.o
V2P_RunStateMachine                               V2Protocol.o
                                                  Main.o
V2P_SendPacket                                    V2Protocol.o
                                                  ProgramManager.o
                                                  AVRISPCommandInterpreter.o
                                                  ProgDataflash.o
VersionInfo                                       Main.o
WaitText                                          Main.o
                                                  ProgDataflash.o
__bad_interrupt                                   C:/WinAVR/bin/../lib/gcc/avr/3.4.6/../../../../avr/lib/avr5/crtm169.o
__bss_end                                         C:/WinAVR/lib/gcc/avr/3.4.6/avr5\libgcc.a(_clear_bss.o)
__bss_start                                       C:/WinAVR/lib/gcc/avr/3.4.6/avr5\libgcc.a(_clear_bss.o)
__data_end                                        C:/WinAVR/lib/gcc/avr/3.4.6/avr5\libgcc.a(_copy_data.o)
__data_load_start                                 C:/WinAVR/lib/gcc/avr/3.4.6/avr5\libgcc.a(_copy_data.o)
__data_start                                      C:/WinAVR/lib/gcc/avr/3.4.6/avr5\libgcc.a(_copy_data.o)
__do_clear_bss                                    C:/WinAVR/lib/gcc/avr/3.4.6/avr5\libgcc.a(_clear_bss.o)
                                                  TagManager.o
                                                  ProgramManager.o
                                                  AVRISPCommandInterpreter.o
                                                  ISPChipComm.o
                                                  V2Protocol.o
                                                  ProgDataflash.o
                                                  Timeout.o
                                                  RingBuff.o
                                                  Dataflash.o
                                                  USI.o
                                                  SPI.o
                                                  USART.o
                                                  LCD_Driver.o
                                                  OSCCal.o
                                                  Main.o
__do_copy_data                                    C:/WinAVR/lib/gcc/avr/3.4.6/avr5\libgcc.a(_copy_data.o)
                                                  TagManager.o
                                                  ProgramManager.o
                                                  AVRISPCommandInterpreter.o
                                                  ISPChipComm.o
                                                  V2Protocol.o
                                                  ProgDataflash.o
                                                  Timeout.o
                                                  RingBuff.o
                                                  Dataflash.o
                                                  USI.o
                                                  SPI.o
                                                  USART.o
                                                  LCD_Driver.o
                                                  OSCCal.o
                                                  Main.o
__eeprom_read_block_1F2021                        C:/WinAVR/bin/../lib/gcc/avr/3.4.6/../../../../avr/lib/avr5\libc.a(ee_rblk.1F2021.o)
                                                  ProgramManager.o
__eeprom_read_byte_1F2021                         C:/WinAVR/bin/../lib/gcc/avr/3.4.6/../../../../avr/lib/avr5\libc.a(ee_rb.1F2021.o)
                                                  C:/WinAVR/bin/../lib/gcc/avr/3.4.6/../../../../avr/lib/avr5\libc.a(ee_rw.1F2021.o)
                                                  C:/WinAVR/bin/../lib/gcc/avr/3.4.6/../../../../avr/lib/avr5\libc.a(ee_rblk.1F2021.o)
                                                  ProgramManager.o
                                                  AVRISPCommandInterpreter.o
                                                  V2Protocol.o
                                                  Timeout.o
                                                  Main.o
__eeprom_read_word_1F2021                         C:/WinAVR/bin/../lib/gcc/avr/3.4.6/../../../../avr/lib/avr5\libc.a(ee_rw.1F2021.o)
                                                  ProgramManager.o
__eeprom_write_block_1F2021                       C:/WinAVR/bin/../lib/gcc/avr/3.4.6/../../../../avr/lib/avr5\libc.a(ee_wblk.1F2021.o)
                                                  ProgramManager.o
__eeprom_write_byte_1F2021                        C:/WinAVR/bin/../lib/gcc/avr/3.4.6/../../../../avr/lib/avr5\libc.a(ee_wb.1F2021.o)
                                                  C:/WinAVR/bin/../lib/gcc/avr/3.4.6/../../../../avr/lib/avr5\libc.a(ee_wblk.1F2021.o)
                                                  C:/WinAVR/bin/../lib/gcc/avr/3.4.6/../../../../avr/lib/avr5\libc.a(ee_ww.1F2021.o)
                                                  ProgramManager.o
                                                  V2Protocol.o
                                                  Main.o
__eeprom_write_word_1F2021                        C:/WinAVR/bin/../lib/gcc/avr/3.4.6/../../../../avr/lib/avr5\libc.a(ee_ww.1F2021.o)
                                                  ProgramManager.o
__heap_end                                        C:/WinAVR/bin/../lib/gcc/avr/3.4.6/../../../../avr/lib/avr5/crtm169.o
__init                                            C:/WinAVR/bin/../lib/gcc/avr/3.4.6/../../../../avr/lib/avr5/crtm169.o
__stack                                           C:/WinAVR/bin/../lib/gcc/avr/3.4.6/../../../../avr/lib/avr5/crtm169.o
                                                  Main.o
__udivmodsi4                                      C:/WinAVR/lib/gcc/avr/3.4.6/avr5\libgcc.a(_udivmodsi4.o)
                                                  C:/WinAVR/bin/../lib/gcc/avr/3.4.6/../../../../avr/lib/avr5\libc.a(ultoa.o)
__vector_1                                        C:/WinAVR/bin/../lib/gcc/avr/3.4.6/../../../../avr/lib/avr5/crtm169.o
__vector_10                                       USIInterrupt.o
                                                  C:/WinAVR/bin/../lib/gcc/avr/3.4.6/../../../../avr/lib/avr5/crtm169.o
__vector_11                                       C:/WinAVR/bin/../lib/gcc/avr/3.4.6/../../../../avr/lib/avr5/crtm169.o
__vector_12                                       C:/WinAVR/bin/../lib/gcc/avr/3.4.6/../../../../avr/lib/avr5/crtm169.o
__vector_13                                       RingBuff.o
                                                  C:/WinAVR/bin/../lib/gcc/avr/3.4.6/../../../../avr/lib/avr5/crtm169.o
__vector_14                                       C:/WinAVR/bin/../lib/gcc/avr/3.4.6/../../../../avr/lib/avr5/crtm169.o
__vector_15                                       C:/WinAVR/bin/../lib/gcc/avr/3.4.6/../../../../avr/lib/avr5/crtm169.o
__vector_16                                       C:/WinAVR/bin/../lib/gcc/avr/3.4.6/../../../../avr/lib/avr5/crtm169.o
__vector_17                                       USI.o
                                                  C:/WinAVR/bin/../lib/gcc/avr/3.4.6/../../../../avr/lib/avr5/crtm169.o
__vector_18                                       C:/WinAVR/bin/../lib/gcc/avr/3.4.6/../../../../avr/lib/avr5/crtm169.o
__vector_19                                       C:/WinAVR/bin/../lib/gcc/avr/3.4.6/../../../../avr/lib/avr5/crtm169.o
__vector_2                                        JoystickInterrupt.o
                                                  C:/WinAVR/bin/../lib/gcc/avr/3.4.6/../../../../avr/lib/avr5/crtm169.o
__vector_20                                       C:/WinAVR/bin/../lib/gcc/avr/3.4.6/../../../../avr/lib/avr5/crtm169.o
__vector_21                                       C:/WinAVR/bin/../lib/gcc/avr/3.4.6/../../../../avr/lib/avr5/crtm169.o
__vector_22                                       LCD_Driver.o
                                                  C:/WinAVR/bin/../lib/gcc/avr/3.4.6/../../../../avr/lib/avr5/crtm169.o
__vector_3                                        Main.o
                                                  C:/WinAVR/bin/../lib/gcc/avr/3.4.6/../../../../avr/lib/avr5/crtm169.o
                                                  JoystickInterrupt.o
__vector_4                                        Timeout.o
                                                  C:/WinAVR/bin/../lib/gcc/avr/3.4.6/../../../../avr/lib/avr5/crtm169.o
__vector_5                                        OSCCal.o
                                                  C:/WinAVR/bin/../lib/gcc/avr/3.4.6/../../../../avr/lib/avr5/crtm169.o
__vector_6                                        C:/WinAVR/bin/../lib/gcc/avr/3.4.6/../../../../avr/lib/avr5/crtm169.o
__vector_7                                        C:/WinAVR/bin/../lib/gcc/avr/3.4.6/../../../../avr/lib/avr5/crtm169.o
__vector_8                                        C:/WinAVR/bin/../lib/gcc/avr/3.4.6/../../../../avr/lib/avr5/crtm169.o
__vector_9                                        Timeout.o
                                                  C:/WinAVR/bin/../lib/gcc/avr/3.4.6/../../../../avr/lib/avr5/crtm169.o
__vector_default                                  Main.o
                                                  C:/WinAVR/bin/../lib/gcc/avr/3.4.6/../../../../avr/lib/avr5/crtm169.o
__vectors                                         C:/WinAVR/bin/../lib/gcc/avr/3.4.6/../../../../avr/lib/avr5/crtm169.o
main                                              Main.o
                                                  C:/WinAVR/bin/../lib/gcc/avr/3.4.6/../../../../avr/lib/avr5/crtm169.o
storedUSIDR                                       USI.o
strcpy_P                                          C:/WinAVR/bin/../lib/gcc/avr/3.4.6/../../../../avr/lib/avr5\libc.a(strcpy_P.o)
                                                  ProgramManager.o
                                                  LCD_Driver.o
                                                  Main.o
strrev                                            C:/WinAVR/bin/../lib/gcc/avr/3.4.6/../../../../avr/lib/avr5\libc.a(strrev.o)
                                                  C:/WinAVR/bin/../lib/gcc/avr/3.4.6/../../../../avr/lib/avr5\libc.a(ultoa.o)
ultoa                                             C:/WinAVR/bin/../lib/gcc/avr/3.4.6/../../../../avr/lib/avr5\libc.a(ultoa.o)
                                                  ProgramManager.o
