Archive member included because of file (symbol)

c:/winavr/bin/../lib/gcc/avr/4.1.1/avr5\libgcc.a(_exit.o)
                              c:/winavr/bin/../lib/gcc/avr/4.1.1/../../../../avr/lib/avr5/crtm169.o (exit)
c:/winavr/bin/../lib/gcc/avr/4.1.1/avr5\libgcc.a(_copy_data.o)
                              Main.o (__do_copy_data)
c:/winavr/bin/../lib/gcc/avr/4.1.1/avr5\libgcc.a(_clear_bss.o)
                              Main.o (__do_clear_bss)
c:/winavr/bin/../lib/gcc/avr/4.1.1/../../../../avr/lib/avr5\libc.a(strcpy_P.o)
                              Main.o (strcpy_P)
c:/winavr/bin/../lib/gcc/avr/4.1.1/../../../../avr/lib/avr5\libc.a(ultoa.o)
                              ProgramManager.o (ultoa)
c:/winavr/bin/../lib/gcc/avr/4.1.1/../../../../avr/lib/avr5\libc.a(ee_rb.1F2021.o)
                              Main.o (__eeprom_read_byte_1F2021)
c:/winavr/bin/../lib/gcc/avr/4.1.1/../../../../avr/lib/avr5\libc.a(ee_rblk.1F2021.o)
                              ProgramManager.o (__eeprom_read_block_1F2021)
c:/winavr/bin/../lib/gcc/avr/4.1.1/../../../../avr/lib/avr5\libc.a(ee_rw.1F2021.o)
                              ProgramManager.o (__eeprom_read_word_1F2021)
c:/winavr/bin/../lib/gcc/avr/4.1.1/../../../../avr/lib/avr5\libc.a(ee_wb.1F2021.o)
                              Main.o (__eeprom_write_byte_1F2021)
c:/winavr/bin/../lib/gcc/avr/4.1.1/../../../../avr/lib/avr5\libc.a(ee_ww.1F2021.o)
                              ProgramManager.o (__eeprom_write_word_1F2021)
c:/winavr/bin/../lib/gcc/avr/4.1.1/../../../../avr/lib/avr5\libc.a(ee_wblk.1F2021.o)
                              ProgramManager.o (__eeprom_write_block_1F2021)
c:/winavr/bin/../lib/gcc/avr/4.1.1/../../../../avr/lib/avr5\libc.a(strrev.o)
                              c:/winavr/bin/../lib/gcc/avr/4.1.1/../../../../avr/lib/avr5\libc.a(ultoa.o) (strrev)
c:/winavr/bin/../lib/gcc/avr/4.1.1/avr5\libgcc.a(_udivmodsi4.o)
                              c:/winavr/bin/../lib/gcc/avr/4.1.1/../../../../avr/lib/avr5\libc.a(ultoa.o) (__udivmodsi4)

Discarded input sections

 .stabstr       0x00000000        0x0 JoystickInterrupt.o
 .stabstr       0x00000000        0x0 USIInterrupt.o

Memory Configuration

Name             Origin             Length             Attributes
text             0x00000000         0x00020000         xr
data             0x00800060         0x0000ffa0         rw !x
eeprom           0x00810000         0x00010000         rw !x
*default*        0x00000000         0xffffffff

Linker script and memory map

Address of section .data set to 0x800100
LOAD c:/winavr/bin/../lib/gcc/avr/4.1.1/../../../../avr/lib/avr5/crtm169.o
LOAD Main.o
LOAD OSCCal.o
LOAD LCD_Driver.o
LOAD USART.o
LOAD SPI.o
LOAD USI.o
LOAD Dataflash.o
LOAD RingBuff.o
LOAD Timeout.o
LOAD ProgDataflash.o
LOAD V2Protocol.o
LOAD ISPChipComm.o
LOAD AVRISPCommandInterpreter.o
LOAD ProgramManager.o
LOAD TagManager.o
LOAD JoystickInterrupt.o
LOAD USIInterrupt.o
LOAD c:/winavr/bin/../lib/gcc/avr/4.1.1/../../../../avr/lib/avr5\libm.a
LOAD c:/winavr/bin/../lib/gcc/avr/4.1.1/avr5\libgcc.a
LOAD c:/winavr/bin/../lib/gcc/avr/4.1.1/../../../../avr/lib/avr5\libc.a
LOAD c:/winavr/bin/../lib/gcc/avr/4.1.1/avr5\libgcc.a

.hash
 *(.hash)

.dynsym
 *(.dynsym)

.dynstr
 *(.dynstr)

.gnu.version
 *(.gnu.version)

.gnu.version_d
 *(.gnu.version_d)

.gnu.version_r
 *(.gnu.version_r)

.rel.init
 *(.rel.init)

.rela.init
 *(.rela.init)

.rel.text
 *(.rel.text)
 *(.rel.text.*)
 *(.rel.gnu.linkonce.t*)

.rela.text
 *(.rela.text)
 *(.rela.text.*)
 *(.rela.gnu.linkonce.t*)

.rel.fini
 *(.rel.fini)

.rela.fini
 *(.rela.fini)

.rel.rodata
 *(.rel.rodata)
 *(.rel.rodata.*)
 *(.rel.gnu.linkonce.r*)

.rela.rodata
 *(.rela.rodata)
 *(.rela.rodata.*)
 *(.rela.gnu.linkonce.r*)

.rel.data
 *(.rel.data)
 *(.rel.data.*)
 *(.rel.gnu.linkonce.d*)

.rela.data
 *(.rela.data)
 *(.rela.data.*)
 *(.rela.gnu.linkonce.d*)

.rel.ctors
 *(.rel.ctors)

.rela.ctors
 *(.rela.ctors)

.rel.dtors
 *(.rel.dtors)

.rela.dtors
 *(.rela.dtors)

.rel.got
 *(.rel.got)

.rela.got
 *(.rela.got)

.rel.bss
 *(.rel.bss)

.rela.bss
 *(.rela.bss)

.rel.plt
 *(.rel.plt)

.rela.plt
 *(.rela.plt)

.text           0x00000000     0x35b4
 *(.vectors)
 .vectors       0x00000000       0x5c c:/winavr/bin/../lib/gcc/avr/4.1.1/../../../../avr/lib/avr5/crtm169.o
                0x00000000                __vectors
 *(.vectors)
 *(.progmem.gcc*)
 *(.progmem*)
 .progmem.data  0x0000005c      0x2d0 Main.o
                0x00000103                MainFunctionNames
                0x000001a8                PRG_A
                0x00000079                BUTTTAG_Author
                0x000001c7                PRG_DE
                0x0000024e                SPIResetModes
                0x000000ba                Func_STOREPRGM
                0x0000008c                BUTTTAG_Copyright
                0x000000d1                Func_PRGMDATAFLASH
                0x000000f8                Func_SLEEP
                0x000000ae                Func_ISPPRGM
                0x0000005c                BUTTTAG_Title
                0x000001b1                PRG_D
                0x0000018c                SettingFunctionNames
                0x000001bb                PRG_E
                0x000000a7                WaitText
                0x0000020b                PRG_C
                0x0000012c                SFunc_SETSPISPEED
                0x000001f7                PRG_FL
                0x000000ef                Func_SETTINGS
                0x00000226                USISpeeds
                0x00000179                SFunc_GOBOOTLOADER
                0x0000025a                SIFONames
                0x000001d7                PRG_F
                0x00000149                SFunc_SETFIRMMINOR
                0x000000c5                Func_PRGMAVR
                0x0000015a                SFunc_SETAUTOSLEEPTO
                0x00000070                BUTTTAG_Version
                0x000001e7                PRG_L
                0x00000216                ProgOptions
                0x0000019a                SettingFunctionPtrs
                0x0000011f                SFunc_SETCONTRAST
                0x000000e0                Func_PRGMSTOREINFO
                0x0000009f                AboutTextPtrs
                0x00000111                MainFunctionPtrs
                0x0000016c                SFunc_CLEARMEM
                0x0000013a                SFunc_SETRESETMODE
 .progmem.data  0x0000032c       0x6c LCD_Driver.o
 .progmem.data  0x00000398        0x8 USI.o
                0x00000398                USIPSValues
 .progmem.data  0x000003a0       0x38 Dataflash.o
                0x000003b8                DF_Pages
                0x000003c8                DataFlashError
                0x000003a8                DF_PageSize
                0x000003a0                DF_PageBits
 .progmem.data  0x000003d8        0x9 RingBuff.o
 .progmem.data  0x000003e1       0x18 Timeout.o
                0x000003e1                AutoSleepTOValues
 .progmem.data  0x000003f9       0x11 ProgDataflash.o
                0x000003f9                DataFlashProgMode
 .progmem.data  0x0000040a       0x21 V2Protocol.o
                0x00000416                ButtLoadData
                0x0000040a                SignonResponse
 .progmem.data  0x0000042b        0xb ISPChipComm.o
                0x0000042b                SyncErrorMessage
 .progmem.data  0x00000436       0x10 AVRISPCommandInterpreter.o
                0x00000436                AVRISPModeMessage
 .progmem.data  0x00000446       0x18 ProgramManager.o
 .progmem.data  0x0000045e        0x8 TagManager.o
                0x00000466                . = ALIGN (0x2)
                0x00000466                __trampolines_start = .
 *(.trampolines)
 .trampolines   0x00000466        0x0 linker stubs
 *(.trampolines*)
                0x00000466                __trampolines_end = .
 *(.jumptables)
 *(.jumptables*)
 *(.lowtext)
 *(.lowtext*)
                0x00000466                __ctors_start = .
 *(.ctors)
                0x00000466                __ctors_end = .
                0x00000466                __dtors_start = .
 *(.dtors)
                0x00000466                __dtors_end = .
 SORT(*)(.ctors)
 SORT(*)(.dtors)
 *(.init0)
 .init0         0x00000466        0x0 c:/winavr/bin/../lib/gcc/avr/4.1.1/../../../../avr/lib/avr5/crtm169.o
                0x00000466                __init
 *(.init0)
 *(.init1)
 *(.init1)
 *(.init2)
 .init2         0x00000466        0xc c:/winavr/bin/../lib/gcc/avr/4.1.1/../../../../avr/lib/avr5/crtm169.o
 *(.init2)
 *(.init3)
 *(.init3)
 *(.init4)
 .init4         0x00000472       0x16 c:/winavr/bin/../lib/gcc/avr/4.1.1/avr5\libgcc.a(_copy_data.o)
                0x00000472                __do_copy_data
 .init4         0x00000488       0x10 c:/winavr/bin/../lib/gcc/avr/4.1.1/avr5\libgcc.a(_clear_bss.o)
                0x00000488                __do_clear_bss
 *(.init4)
 *(.init5)
 *(.init5)
 *(.init6)
 *(.init6)
 *(.init7)
 *(.init7)
 *(.init8)
 *(.init8)
 *(.init9)
 .init9         0x00000498        0x8 c:/winavr/bin/../lib/gcc/avr/4.1.1/../../../../avr/lib/avr5/crtm169.o
 *(.init9)
 *(.text)
 .text          0x000004a0        0x4 c:/winavr/bin/../lib/gcc/avr/4.1.1/../../../../avr/lib/avr5/crtm169.o
                0x000004a0                __vector_1
                0x000004a0                __vector_12
                0x000004a0                __bad_interrupt
                0x000004a0                __vector_6
                0x000004a0                __vector_11
                0x000004a0                __vector_19
                0x000004a0                __vector_7
                0x000004a0                __vector_21
                0x000004a0                __vector_15
                0x000004a0                __vector_8
                0x000004a0                __vector_14
                0x000004a0                __vector_16
                0x000004a0                __vector_18
                0x000004a0                __vector_20
 .text          0x000004a4      0xb1e Main.o
                0x00000dea                FUNCSetContrast
                0x00000f38                FUNCSetFirmMinorVer
                0x000005aa                FUNCSleepMode
                0x000009de                FUNCProgramAVR
                0x0000051a                MAIN_WaitForJoyRelease
                0x0000077c                MAIN_ShowError
                0x00000d84                FUNCClearMem
                0x0000056c                __vector_3
                0x0000052e                MAIN_IntToStr
                0x0000064e                FUNCChangeSettings
                0x0000093e                FUNCProgramDataflash
                0x000008b8                FUNCStoreProgram
                0x000004b8                MAIN_Delay1MS
                0x00000e82                FUNCSetISPSpeed
                0x00000914                FUNCAVRISPMode
                0x0000098e                MAIN_CrashProgram
                0x000009d6                __vector_default
                0x000007c8                FUNCStorageInfo
                0x00000c64                main
                0x000004cc                MAIN_ResetCSLine
                0x000006b8                FUNCSetAutoSleepTimeOut
                0x00000ee8                FUNCSetResetMode
                0x0000086c                MAIN_ShowProgType
                0x000004a4                MAIN_Delay10MS
                0x000005de                FUNCGoBootloader
                0x000005fe                FUNCShowAbout
 .text          0x00000fc2      0x10c OSCCal.o
                0x00001080                __vector_5
                0x00000fc2                OSCCAL_Calibrate
 .text          0x000010ce      0x236 LCD_Driver.o
                0x000011c6                __vector_22
                0x000012c2                LCD_puts_f
                0x00001166                LCD_WriteChar
                0x000010e8                LCD_puts
                0x000010ce                LCD_Init
 .text          0x00001304       0x4a USART.o
                0x00001304                USART_Tx
                0x0000132c                USART_Init
                0x00001314                USART_Rx
 .text          0x0000134e       0x40 SPI.o
                0x00001362                SPI_SPITransmit
                0x0000134e                SPI_SPIInit
                0x00001370                SPI_SPITransmitWord
 .text          0x0000138e      0x122 USI.o
                0x000013cc                USI_SPIOff
                0x00001406                USI_SPITransmitWord
                0x00001422                USI_SPISetSpeed
                0x0000138e                __vector_17
                0x00001480                USI_SPIToggleClock
                0x00001460                USI_SPIInitMaster
                0x000013e0                USI_SPITransmit
 .text          0x000014b0      0x306 Dataflash.o
                0x000015d6                DF_WaitWhileBusy
                0x00001786                DF_CheckCorrectOnboardChip
                0x0000151e                DF_ContinuousReadEnable
                0x0000164a                DF_CopyFlashPageToBuffer
                0x00001706                DF_GetChipCharacteristics
                0x000014b0                DF_EnableDataflash
                0x00001604                DF_EraseBlock
                0x000014d4                DF_ReadBufferByte
                0x00001594                DF_BufferWriteEnable
                0x000016a8                DF_CopyBufferToFlashPage
 .text          0x000017b6       0xce RingBuff.o
                0x000017b6                BUFF_InitialiseBuffer
                0x00001802                __vector_13
                0x000017c4                BUFF_GetBuffByte
 .text          0x00001884      0x176 Timeout.o
                0x0000197a                __vector_4
                0x00001906                __vector_9
                0x00001884                TOUT_SetupSleepTimer
 .text          0x000019fa      0x3a0 ProgDataflash.o
                0x000019fa                PD_SetupDFAddressCounters
                0x00001a6a                PD_StoreDataflashByte
                0x00001ac8                PD_InterpretAVRISPPacket
 .text          0x00001d9a      0x504 V2Protocol.o
                0x00001e4e                V2P_SendPacket
                0x00001fec                V2P_RunStateMachine
                0x00001d9a                V2P_GetChecksum
                0x00001dfc                V2P_CheckForExtendedAddress
                0x00001dd4                V2P_IncrementCurrAddress
                0x00001ec2                V2P_GetSetParamater
 .text          0x0000229e      0x358 ISPChipComm.o
                0x0000229e                ISPCC_PollForProgComplete
                0x00002534                ISPCC_EnterChipProgrammingMode
                0x00002334                ISPCC_ProgramChip
 .text          0x000025f6      0x2ae AVRISPCommandInterpreter.o
                0x000025f6                AICI_InterpretPacket
 .text          0x000028a4      0xa64 ProgramManager.o
                0x000028a4                PM_SetupDFAddressCounters
                0x00002ab6                PM_SendFuseLockBytes
                0x000029ee                PM_GetStoredDataSize
                0x00002b8a                PM_CreateProgrammingPackets
                0x0000291a                PM_CheckEndOfFuseLockData
                0x00002ea8                PM_InterpretAVRISPPacket
                0x00002b32                PM_SendEraseCommand
                0x00002a4e                PM_StoreProgramByte
                0x00002dc0                PM_ShowStoredItemSizes
 .text          0x00003308      0x18e TagManager.o
                0x00003448                TM_ShowTags
                0x00003308                TM_FindNextTag
 .text          0x00003496        0x4 JoystickInterrupt.o
                0x00003496                __vector_2
 .text          0x0000349a        0xc USIInterrupt.o
                0x0000349a                __vector_10
 .text          0x000034a6        0x0 c:/winavr/bin/../lib/gcc/avr/4.1.1/avr5\libgcc.a(_exit.o)
 .text          0x000034a6        0x0 c:/winavr/bin/../lib/gcc/avr/4.1.1/avr5\libgcc.a(_copy_data.o)
 .text          0x000034a6        0x0 c:/winavr/bin/../lib/gcc/avr/4.1.1/avr5\libgcc.a(_clear_bss.o)
 .text          0x000034a6        0xe c:/winavr/bin/../lib/gcc/avr/4.1.1/../../../../avr/lib/avr5\libc.a(strcpy_P.o)
                0x000034a6                strcpy_P
 .text          0x000034b4       0x4a c:/winavr/bin/../lib/gcc/avr/4.1.1/../../../../avr/lib/avr5\libc.a(ultoa.o)
                0x000034b4                ultoa
 .text          0x000034fe        0x0 c:/winavr/bin/../lib/gcc/avr/4.1.1/../../../../avr/lib/avr5\libc.a(ee_rb.1F2021.o)
 .text          0x000034fe        0x0 c:/winavr/bin/../lib/gcc/avr/4.1.1/../../../../avr/lib/avr5\libc.a(ee_rblk.1F2021.o)
 .text          0x000034fe        0x0 c:/winavr/bin/../lib/gcc/avr/4.1.1/../../../../avr/lib/avr5\libc.a(ee_rw.1F2021.o)
 .text          0x000034fe        0x0 c:/winavr/bin/../lib/gcc/avr/4.1.1/../../../../avr/lib/avr5\libc.a(ee_wb.1F2021.o)
 .text          0x000034fe        0x0 c:/winavr/bin/../lib/gcc/avr/4.1.1/../../../../avr/lib/avr5\libc.a(ee_ww.1F2021.o)
 .text          0x000034fe        0x0 c:/winavr/bin/../lib/gcc/avr/4.1.1/../../../../avr/lib/avr5\libc.a(ee_wblk.1F2021.o)
 .text          0x000034fe       0x20 c:/winavr/bin/../lib/gcc/avr/4.1.1/../../../../avr/lib/avr5\libc.a(strrev.o)
                0x000034fe                strrev
 .text          0x0000351e        0x0 c:/winavr/bin/../lib/gcc/avr/4.1.1/avr5\libgcc.a(_udivmodsi4.o)
                0x0000351e                . = ALIGN (0x2)
 *(.text.*)
 .text.libgcc   0x0000351e        0x0 c:/winavr/bin/../lib/gcc/avr/4.1.1/avr5\libgcc.a(_exit.o)
 .text.libgcc   0x0000351e        0x0 c:/winavr/bin/../lib/gcc/avr/4.1.1/avr5\libgcc.a(_copy_data.o)
 .text.libgcc   0x0000351e        0x0 c:/winavr/bin/../lib/gcc/avr/4.1.1/avr5\libgcc.a(_clear_bss.o)
 .text.eeprom   0x0000351e       0x10 c:/winavr/bin/../lib/gcc/avr/4.1.1/../../../../avr/lib/avr5\libc.a(ee_rb.1F2021.o)
                0x0000351e                __eeprom_read_byte_1F2021
 .text.eeprom   0x0000352e        0xa c:/winavr/bin/../lib/gcc/avr/4.1.1/../../../../avr/lib/avr5\libc.a(ee_rblk.1F2021.o)
                0x0000352e                __eeprom_read_block_1F2021
 .text.eeprom   0x00003538        0xa c:/winavr/bin/../lib/gcc/avr/4.1.1/../../../../avr/lib/avr5\libc.a(ee_rw.1F2021.o)
                0x00003538                __eeprom_read_word_1F2021
 .text.eeprom   0x00003542       0x18 c:/winavr/bin/../lib/gcc/avr/4.1.1/../../../../avr/lib/avr5\libc.a(ee_wb.1F2021.o)
                0x00003542                __eeprom_write_byte_1F2021
 .text.eeprom   0x0000355a        0xa c:/winavr/bin/../lib/gcc/avr/4.1.1/../../../../avr/lib/avr5\libc.a(ee_ww.1F2021.o)
                0x0000355a                __eeprom_write_word_1F2021
 .text.eeprom   0x00003564        0xa c:/winavr/bin/../lib/gcc/avr/4.1.1/../../../../avr/lib/avr5\libc.a(ee_wblk.1F2021.o)
                0x00003564                __eeprom_write_block_1F2021
 .text.libgcc   0x0000356e       0x44 c:/winavr/bin/../lib/gcc/avr/4.1.1/avr5\libgcc.a(_udivmodsi4.o)
                0x0000356e                __udivmodsi4
                0x000035b2                . = ALIGN (0x2)
 *(.fini9)
 .fini9         0x000035b2        0x0 c:/winavr/bin/../lib/gcc/avr/4.1.1/avr5\libgcc.a(_exit.o)
                0x000035b2                exit
                0x000035b2                _exit
 *(.fini9)
 *(.fini8)
 *(.fini8)
 *(.fini7)
 *(.fini7)
 *(.fini6)
 *(.fini6)
 *(.fini5)
 *(.fini5)
 *(.fini4)
 *(.fini4)
 *(.fini3)
 *(.fini3)
 *(.fini2)
 *(.fini2)
 *(.fini1)
 *(.fini1)
 *(.fini0)
 .fini0         0x000035b2        0x2 c:/winavr/bin/../lib/gcc/avr/4.1.1/avr5\libgcc.a(_exit.o)
 *(.fini0)
                0x000035b4                _etext = .

.data           0x00800100        0x4 load address 0x000035b4
                0x00800100                PROVIDE (__data_start, .)
 *(.data)
 .data          0x00800100        0x0 c:/winavr/bin/../lib/gcc/avr/4.1.1/../../../../avr/lib/avr5/crtm169.o
 .data          0x00800100        0x0 Main.o
 .data          0x00800100        0x0 OSCCal.o
 .data          0x00800100        0x0 LCD_Driver.o
 .data          0x00800100        0x0 USART.o
 .data          0x00800100        0x0 SPI.o
 .data          0x00800100        0x0 USI.o
 .data          0x00800100        0x2 Dataflash.o
                0x00800100                DFSPIRoutinePointer
 .data          0x00800102        0x0 RingBuff.o
 .data          0x00800102        0x0 Timeout.o
 .data          0x00800102        0x0 ProgDataflash.o
 .data          0x00800102        0x0 V2Protocol.o
 .data          0x00800102        0x0 ISPChipComm.o
 .data          0x00800102        0x0 AVRISPCommandInterpreter.o
 .data          0x00800102        0x1 ProgramManager.o
                0x00800102                MemoryType
 .data          0x00800103        0x0 TagManager.o
 .data          0x00800103        0x0 JoystickInterrupt.o
 .data          0x00800103        0x0 USIInterrupt.o
 .data          0x00800103        0x0 c:/winavr/bin/../lib/gcc/avr/4.1.1/avr5\libgcc.a(_exit.o)
 .data          0x00800103        0x0 c:/winavr/bin/../lib/gcc/avr/4.1.1/avr5\libgcc.a(_copy_data.o)
 .data          0x00800103        0x0 c:/winavr/bin/../lib/gcc/avr/4.1.1/avr5\libgcc.a(_clear_bss.o)
 .data          0x00800103        0x0 c:/winavr/bin/../lib/gcc/avr/4.1.1/../../../../avr/lib/avr5\libc.a(strcpy_P.o)
 .data          0x00800103        0x0 c:/winavr/bin/../lib/gcc/avr/4.1.1/../../../../avr/lib/avr5\libc.a(ultoa.o)
 .data          0x00800103        0x0 c:/winavr/bin/../lib/gcc/avr/4.1.1/../../../../avr/lib/avr5\libc.a(ee_rb.1F2021.o)
 .data          0x00800103        0x0 c:/winavr/bin/../lib/gcc/avr/4.1.1/../../../../avr/lib/avr5\libc.a(ee_rblk.1F2021.o)
 .data          0x00800103        0x0 c:/winavr/bin/../lib/gcc/avr/4.1.1/../../../../avr/lib/avr5\libc.a(ee_rw.1F2021.o)
 .data          0x00800103        0x0 c:/winavr/bin/../lib/gcc/avr/4.1.1/../../../../avr/lib/avr5\libc.a(ee_wb.1F2021.o)
 .data          0x00800103        0x0 c:/winavr/bin/../lib/gcc/avr/4.1.1/../../../../avr/lib/avr5\libc.a(ee_ww.1F2021.o)
 .data          0x00800103        0x0 c:/winavr/bin/../lib/gcc/avr/4.1.1/../../../../avr/lib/avr5\libc.a(ee_wblk.1F2021.o)
 .data          0x00800103        0x0 c:/winavr/bin/../lib/gcc/avr/4.1.1/../../../../avr/lib/avr5\libc.a(strrev.o)
 .data          0x00800103        0x0 c:/winavr/bin/../lib/gcc/avr/4.1.1/avr5\libgcc.a(_udivmodsi4.o)
 *(.data*)
 *(.rodata)
 *(.rodata*)
 *(.gnu.linkonce.d*)
                0x00800104                . = ALIGN (0x2)
 *fill*         0x00800103        0x1 00
                0x00800104                _edata = .
                0x00800104                PROVIDE (__data_end, .)

.bss            0x00800104      0x1b2
                0x00800104                PROVIDE (__bss_start, .)
 *(.bss)
 .bss           0x00800104        0x0 c:/winavr/bin/../lib/gcc/avr/4.1.1/../../../../avr/lib/avr5/crtm169.o
 .bss           0x00800104        0x0 Main.o
 .bss           0x00800104        0x2 OSCCal.o
                0x00800104                ActualCount
 .bss           0x00800106       0x35 LCD_Driver.o
 .bss           0x0080013b        0x0 USART.o
 .bss           0x0080013b        0x0 SPI.o
 .bss           0x0080013b        0x2 USI.o
                0x0080013c                TransferComplete
                0x0080013b                StoredUSIDR
 .bss           0x0080013d        0xb Dataflash.o
                0x0080013d                DataflashInfo
 .bss           0x00800148       0x43 RingBuff.o
                0x00800148                RingBuffer
                0x0080018a                OutPos
                0x00800189                InPos
                0x00800188                BuffElements
 .bss           0x0080018b        0x6 Timeout.o
                0x0080018c                PacketTimeOut
                0x0080018f                TicksBeforeAutoSleep
                0x0080018b                PacketTimeOutTicks
                0x0080018d                SleepTimeOutTicks
 .bss           0x00800191        0x0 ProgDataflash.o
 .bss           0x00800191      0x11d V2Protocol.o
                0x008002a9                CurrAddress
                0x008002a4                SequenceNum
                0x008002a6                MessageSize
                0x008002ad                Param_ControllerInit
                0x008002a8                InProgrammingMode
                0x00800191                PacketBytes
 .bss           0x008002ae        0x0 ISPChipComm.o
 .bss           0x008002ae        0x0 AVRISPCommandInterpreter.o
 .bss           0x008002ae        0x3 ProgramManager.o
                0x008002af                GPageLength
                0x008002ae                CurrentMode
 .bss           0x008002b1        0x5 TagManager.o
                0x008002b1                TagExists
                0x008002b2                DFPos
 .bss           0x008002b6        0x0 JoystickInterrupt.o
 .bss           0x008002b6        0x0 USIInterrupt.o
 .bss           0x008002b6        0x0 c:/winavr/bin/../lib/gcc/avr/4.1.1/avr5\libgcc.a(_exit.o)
 .bss           0x008002b6        0x0 c:/winavr/bin/../lib/gcc/avr/4.1.1/avr5\libgcc.a(_copy_data.o)
 .bss           0x008002b6        0x0 c:/winavr/bin/../lib/gcc/avr/4.1.1/avr5\libgcc.a(_clear_bss.o)
 .bss           0x008002b6        0x0 c:/winavr/bin/../lib/gcc/avr/4.1.1/../../../../avr/lib/avr5\libc.a(strcpy_P.o)
 .bss           0x008002b6        0x0 c:/winavr/bin/../lib/gcc/avr/4.1.1/../../../../avr/lib/avr5\libc.a(ultoa.o)
 .bss           0x008002b6        0x0 c:/winavr/bin/../lib/gcc/avr/4.1.1/../../../../avr/lib/avr5\libc.a(ee_rb.1F2021.o)
 .bss           0x008002b6        0x0 c:/winavr/bin/../lib/gcc/avr/4.1.1/../../../../avr/lib/avr5\libc.a(ee_rblk.1F2021.o)
 .bss           0x008002b6        0x0 c:/winavr/bin/../lib/gcc/avr/4.1.1/../../../../avr/lib/avr5\libc.a(ee_rw.1F2021.o)
 .bss           0x008002b6        0x0 c:/winavr/bin/../lib/gcc/avr/4.1.1/../../../../avr/lib/avr5\libc.a(ee_wb.1F2021.o)
 .bss           0x008002b6        0x0 c:/winavr/bin/../lib/gcc/avr/4.1.1/../../../../avr/lib/avr5\libc.a(ee_ww.1F2021.o)
 .bss           0x008002b6        0x0 c:/winavr/bin/../lib/gcc/avr/4.1.1/../../../../avr/lib/avr5\libc.a(ee_wblk.1F2021.o)
 .bss           0x008002b6        0x0 c:/winavr/bin/../lib/gcc/avr/4.1.1/../../../../avr/lib/avr5\libc.a(strrev.o)
 .bss           0x008002b6        0x0 c:/winavr/bin/../lib/gcc/avr/4.1.1/avr5\libgcc.a(_udivmodsi4.o)
 *(.bss*)
 *(COMMON)
                0x008002b6                PROVIDE (__bss_end, .)
                0x000035b4                __data_load_start = LOADADDR (.data)
                0x000035b8                __data_load_end = (__data_load_start + SIZEOF (.data))

.noinit         0x008002b6        0x0
                0x008002b6                PROVIDE (__noinit_start, .)
 *(.noinit*)
                0x008002b6                PROVIDE (__noinit_end, .)
                0x008002b6                _end = .
                0x008002b6                PROVIDE (__heap_start, .)

.eeprom         0x00810000       0x8b
 *(.eeprom*)
 .eeprom        0x00810000       0x8b Main.o
                0x00810000                EEPROMVars
                0x0081008b                __eeprom_end = .

.stab           0x00000000       0x84
 *(.stab)
 .stab          0x00000000       0x30 JoystickInterrupt.o
 .stab          0x00000030       0x54 USIInterrupt.o
                                 0x60 (size before relaxing)

.stabstr        0x00000000       0x78
 *(.stabstr)
 .stabstr       0x00000000       0x78 JoystickInterrupt.o

.stab.excl
 *(.stab.excl)

.stab.exclstr
 *(.stab.exclstr)

.stab.index
 *(.stab.index)

.stab.indexstr
 *(.stab.indexstr)

.comment
 *(.comment)

.debug
 *(.debug)

.line
 *(.line)

.debug_srcinfo
 *(.debug_srcinfo)

.debug_sfnames
 *(.debug_sfnames)

.debug_aranges  0x00000000      0x12c
 *(.debug_aranges)
 .debug_aranges
                0x00000000       0x14 Main.o
 .debug_aranges
                0x00000014       0x14 OSCCal.o
 .debug_aranges
                0x00000028       0x14 LCD_Driver.o
 .debug_aranges
                0x0000003c       0x14 USART.o
 .debug_aranges
                0x00000050       0x14 SPI.o
 .debug_aranges
                0x00000064       0x14 USI.o
 .debug_aranges
                0x00000078       0x14 Dataflash.o
 .debug_aranges
                0x0000008c       0x14 RingBuff.o
 .debug_aranges
                0x000000a0       0x14 Timeout.o
 .debug_aranges
                0x000000b4       0x14 ProgDataflash.o
 .debug_aranges
                0x000000c8       0x14 V2Protocol.o
 .debug_aranges
                0x000000dc       0x14 ISPChipComm.o
 .debug_aranges
                0x000000f0       0x14 AVRISPCommandInterpreter.o
 .debug_aranges
                0x00000104       0x14 ProgramManager.o
 .debug_aranges
                0x00000118       0x14 TagManager.o

.debug_pubnames
                0x00000000      0xd5a
 *(.debug_pubnames)
 .debug_pubnames
                0x00000000      0x4a9 Main.o
 .debug_pubnames
                0x000004a9       0x46 OSCCal.o
 .debug_pubnames
                0x000004ef       0x5d LCD_Driver.o
 .debug_pubnames
                0x0000054c       0x3b USART.o
 .debug_pubnames
                0x00000587       0x4e SPI.o
 .debug_pubnames
                0x000005d5       0xd3 USI.o
 .debug_pubnames
                0x000006a8      0x17c Dataflash.o
 .debug_pubnames
                0x00000824       0x86 RingBuff.o
 .debug_pubnames
                0x000008aa       0xb7 Timeout.o
 .debug_pubnames
                0x00000961       0x7d ProgDataflash.o
 .debug_pubnames
                0x000009de      0x139 V2Protocol.o
 .debug_pubnames
                0x00000b17       0x7e ISPChipComm.o
 .debug_pubnames
                0x00000b95       0x41 AVRISPCommandInterpreter.o
 .debug_pubnames
                0x00000bd6      0x137 ProgramManager.o
 .debug_pubnames
                0x00000d0d       0x4d TagManager.o

.debug_info     0x00000000     0x44c4
 *(.debug_info)
 .debug_info    0x00000000     0x1539 Main.o
 .debug_info    0x00001539      0x1a4 OSCCal.o
 .debug_info    0x000016dd      0x31c LCD_Driver.o
 .debug_info    0x000019f9      0x117 USART.o
 .debug_info    0x00001b10      0x14f SPI.o
 .debug_info    0x00001c5f      0x3f8 USI.o
 .debug_info    0x00002057      0x464 Dataflash.o
 .debug_info    0x000024bb      0x174 RingBuff.o
 .debug_info    0x0000262f      0x3d2 Timeout.o
 .debug_info    0x00002a01      0x2c8 ProgDataflash.o
 .debug_info    0x00002cc9      0x5a7 V2Protocol.o
 .debug_info    0x00003270      0x25d ISPChipComm.o
 .debug_info    0x000034cd      0x239 AVRISPCommandInterpreter.o
 .debug_info    0x00003706      0xc0f ProgramManager.o
 .debug_info    0x00004315      0x1af TagManager.o
 *(.gnu.linkonce.wi.*)

.debug_abbrev   0x00000000     0x1290
 *(.debug_abbrev)
 .debug_abbrev  0x00000000      0x28a Main.o
 .debug_abbrev  0x0000028a       0xfb OSCCal.o
 .debug_abbrev  0x00000385       0xda LCD_Driver.o
 .debug_abbrev  0x0000045f       0xa8 USART.o
 .debug_abbrev  0x00000507       0xdc SPI.o
 .debug_abbrev  0x000005e3      0x165 USI.o
 .debug_abbrev  0x00000748      0x12d Dataflash.o
 .debug_abbrev  0x00000875       0xcb RingBuff.o
 .debug_abbrev  0x00000940      0x148 Timeout.o
 .debug_abbrev  0x00000a88      0x119 ProgDataflash.o
 .debug_abbrev  0x00000ba1      0x1cc V2Protocol.o
 .debug_abbrev  0x00000d6d       0xdc ISPChipComm.o
 .debug_abbrev  0x00000e49       0xc7 AVRISPCommandInterpreter.o
 .debug_abbrev  0x00000f10      0x2a1 ProgramManager.o
 .debug_abbrev  0x000011b1       0xdf TagManager.o

.debug_line     0x00000000     0x3361
 *(.debug_line)
 .debug_line    0x00000000      0xb47 Main.o
 .debug_line    0x00000b47      0x220 OSCCal.o
 .debug_line    0x00000d67      0x2a1 LCD_Driver.o
 .debug_line    0x00001008      0x1b2 USART.o
 .debug_line    0x000011ba      0x1a5 SPI.o
 .debug_line    0x0000135f      0x270 USI.o
 .debug_line    0x000015cf      0x32a Dataflash.o
 .debug_line    0x000018f9      0x1b8 RingBuff.o
 .debug_line    0x00001ab1      0x1fe Timeout.o
 .debug_line    0x00001caf      0x321 ProgDataflash.o
 .debug_line    0x00001fd0      0x40d V2Protocol.o
 .debug_line    0x000023dd      0x341 ISPChipComm.o
 .debug_line    0x0000271e      0x2f3 AVRISPCommandInterpreter.o
 .debug_line    0x00002a11      0x725 ProgramManager.o
 .debug_line    0x00003136      0x22b TagManager.o

.debug_frame    0x00000000      0x4f8
 *(.debug_frame)
 .debug_frame   0x00000000      0x148 Main.o
 .debug_frame   0x00000148       0x28 OSCCal.o
 .debug_frame   0x00000170       0x4c LCD_Driver.o
 .debug_frame   0x000001bc       0x34 USART.o
 .debug_frame   0x000001f0       0x34 SPI.o
 .debug_frame   0x00000224       0x64 USI.o
 .debug_frame   0x00000288       0x88 Dataflash.o
 .debug_frame   0x00000310       0x34 RingBuff.o
 .debug_frame   0x00000344       0x34 Timeout.o
 .debug_frame   0x00000378       0x34 ProgDataflash.o
 .debug_frame   0x000003ac       0x58 V2Protocol.o
 .debug_frame   0x00000404       0x34 ISPChipComm.o
 .debug_frame   0x00000438       0x1c AVRISPCommandInterpreter.o
 .debug_frame   0x00000454       0x7c ProgramManager.o
 .debug_frame   0x000004d0       0x28 TagManager.o

.debug_str      0x00000000     0x11a2
 *(.debug_str)
 .debug_str     0x00000000      0x798 Main.o
                                0x86c (size before relaxing)
 .debug_str     0x00000798       0x57 OSCCal.o
                                0x1b4 (size before relaxing)
 .debug_str     0x000007ef       0xfe LCD_Driver.o
                                0x245 (size before relaxing)
 .debug_str     0x000008ed       0x45 USART.o
                                0x168 (size before relaxing)
 .debug_str     0x00000932       0x36 SPI.o
                                0x15e (size before relaxing)
 .debug_str     0x00000968       0xaa USI.o
                                0x319 (size before relaxing)
 .debug_str     0x00000a12      0x150 Dataflash.o
                                0x318 (size before relaxing)
 .debug_str     0x00000b62       0x64 RingBuff.o
                                0x194 (size before relaxing)
 .debug_str     0x00000bc6       0x6b Timeout.o
                                0x30c (size before relaxing)
 .debug_str     0x00000c31       0xbf ProgDataflash.o
                                0x292 (size before relaxing)
 .debug_str     0x00000cf0      0x11e V2Protocol.o
                                0x427 (size before relaxing)
 .debug_str     0x00000e0e       0xc3 ISPChipComm.o
                                0x257 (size before relaxing)
 .debug_str     0x00000ed1       0x79 AVRISPCommandInterpreter.o
                                0x223 (size before relaxing)
 .debug_str     0x00000f4a      0x1fe ProgramManager.o
                                0x558 (size before relaxing)
 .debug_str     0x00001148       0x5a TagManager.o
                                0x19b (size before relaxing)

.debug_loc      0x00000000     0x116e
 *(.debug_loc)
 .debug_loc     0x00000000      0x478 Main.o
 .debug_loc     0x00000478       0x10 OSCCal.o
 .debug_loc     0x00000488       0xe9 LCD_Driver.o
 .debug_loc     0x00000571       0x12 USART.o
 .debug_loc     0x00000583       0x27 SPI.o
 .debug_loc     0x000005aa       0x44 USI.o
 .debug_loc     0x000005ee      0x118 Dataflash.o
 .debug_loc     0x00000706       0x4b Timeout.o
 .debug_loc     0x00000751       0xa6 ProgDataflash.o
 .debug_loc     0x000007f7      0x11e V2Protocol.o
 .debug_loc     0x00000915      0x116 ISPChipComm.o
 .debug_loc     0x00000a2b       0xe8 AVRISPCommandInterpreter.o
 .debug_loc     0x00000b13      0x602 ProgramManager.o
 .debug_loc     0x00001115       0x59 TagManager.o

.debug_macinfo
 *(.debug_macinfo)
OUTPUT(ButtLoad.elf elf32-avr)
LOAD linker stubs

.debug_ranges   0x00000000       0x60
 .debug_ranges  0x00000000        0xc Main.o
 .debug_ranges  0x0000000c        0xc LCD_Driver.o
 .debug_ranges  0x00000018        0xc Timeout.o
 .debug_ranges  0x00000024        0xc ProgDataflash.o
 .debug_ranges  0x00000030       0x18 ISPChipComm.o
 .debug_ranges  0x00000048       0x18 ProgramManager.o

Cross Reference Table

Symbol                                            File
AICI_InterpretPacket                              AVRISPCommandInterpreter.o
                                                  Main.o
AVRISPModeMessage                                 AVRISPCommandInterpreter.o
                                                  Main.o
AboutTextPtrs                                     Main.o
ActualCount                                       OSCCal.o
AutoSleepTOValues                                 Timeout.o
                                                  Main.o
BUFF_GetBuffByte                                  RingBuff.o
                                                  USART.o
BUFF_InitialiseBuffer                             RingBuff.o
                                                  V2Protocol.o
                                                  USART.o
BUTTTAG_Author                                    Main.o
BUTTTAG_Copyright                                 Main.o
BUTTTAG_Title                                     Main.o
BUTTTAG_Version                                   Main.o
BuffElements                                      RingBuff.o
                                                  V2Protocol.o
                                                  USART.o
ButtLoadData                                      V2Protocol.o
CurrAddress                                       V2Protocol.o
                                                  ProgramManager.o
                                                  AVRISPCommandInterpreter.o
                                                  ISPChipComm.o
                                                  ProgDataflash.o
                                                  Main.o
CurrentMode                                       ProgramManager.o
DFPos                                             TagManager.o
DFSPIRoutinePointer                               Dataflash.o
                                                  Main.o
DF_BufferWriteEnable                              Dataflash.o
                                                  ProgramManager.o
                                                  ProgDataflash.o
DF_CheckCorrectOnboardChip                        Dataflash.o
                                                  Main.o
DF_ContinuousReadEnable                           Dataflash.o
                                                  TagManager.o
                                                  ProgramManager.o
DF_CopyBufferToFlashPage                          Dataflash.o
                                                  ProgramManager.o
                                                  ProgDataflash.o
DF_CopyFlashPageToBuffer                          Dataflash.o
                                                  ProgDataflash.o
DF_EnableDataflash                                Dataflash.o
                                                  TagManager.o
                                                  ProgramManager.o
                                                  ProgDataflash.o
                                                  Main.o
DF_EraseBlock                                     Dataflash.o
                                                  ProgDataflash.o
DF_GetChipCharacteristics                         Dataflash.o
                                                  ProgDataflash.o
DF_PageBits                                       Dataflash.o
DF_PageSize                                       Dataflash.o
DF_Pages                                          Dataflash.o
DF_ReadBufferByte                                 Dataflash.o
                                                  ProgDataflash.o
DF_WaitWhileBusy                                  Dataflash.o
DataFlashError                                    Dataflash.o
                                                  ProgDataflash.o
DataFlashProgMode                                 ProgDataflash.o
                                                  Main.o
DataflashInfo                                     Dataflash.o
                                                  ProgramManager.o
                                                  ProgDataflash.o
                                                  Main.o
EEPROMVars                                        Main.o
                                                  ProgramManager.o
                                                  V2Protocol.o
                                                  Timeout.o
                                                  USI.o
FUNCAVRISPMode                                    Main.o
FUNCChangeSettings                                Main.o
FUNCClearMem                                      Main.o
FUNCGoBootloader                                  Main.o
FUNCProgramAVR                                    Main.o
FUNCProgramDataflash                              Main.o
FUNCSetAutoSleepTimeOut                           Main.o
FUNCSetContrast                                   Main.o
FUNCSetFirmMinorVer                               Main.o
FUNCSetISPSpeed                                   Main.o
FUNCSetResetMode                                  Main.o
FUNCShowAbout                                     Main.o
FUNCSleepMode                                     Main.o
                                                  Timeout.o
FUNCStorageInfo                                   Main.o
FUNCStoreProgram                                  Main.o
Func_ISPPRGM                                      Main.o
Func_PRGMAVR                                      Main.o
Func_PRGMDATAFLASH                                Main.o
Func_PRGMSTOREINFO                                Main.o
Func_SETTINGS                                     Main.o
Func_SLEEP                                        Main.o
Func_STOREPRGM                                    Main.o
GPageLength                                       ProgramManager.o
ISPCC_EnterChipProgrammingMode                    ISPChipComm.o
                                                  AVRISPCommandInterpreter.o
                                                  Main.o
ISPCC_PollForProgComplete                         ISPChipComm.o
ISPCC_ProgramChip                                 ISPChipComm.o
                                                  ProgramManager.o
                                                  AVRISPCommandInterpreter.o
InPos                                             RingBuff.o
InProgrammingMode                                 V2Protocol.o
                                                  ProgramManager.o
                                                  AVRISPCommandInterpreter.o
                                                  ISPChipComm.o
                                                  ProgDataflash.o
LCD_Init                                          LCD_Driver.o
                                                  Main.o
LCD_WriteChar                                     LCD_Driver.o
LCD_puts                                          LCD_Driver.o
                                                  TagManager.o
                                                  ProgramManager.o
                                                  Main.o
LCD_puts_f                                        LCD_Driver.o
                                                  AVRISPCommandInterpreter.o
                                                  ProgDataflash.o
                                                  Main.o
MAIN_CrashProgram                                 Main.o
                                                  Timeout.o
                                                  RingBuff.o
MAIN_Delay10MS                                    Main.o
                                                  ProgramManager.o
MAIN_Delay1MS                                     Main.o
                                                  ProgramManager.o
                                                  AVRISPCommandInterpreter.o
                                                  ISPChipComm.o
                                                  USI.o
MAIN_IntToStr                                     Main.o
MAIN_ResetCSLine                                  Main.o
                                                  AVRISPCommandInterpreter.o
                                                  V2Protocol.o
                                                  Dataflash.o
MAIN_ShowError                                    Main.o
                                                  TagManager.o
                                                  Dataflash.o
MAIN_ShowProgType                                 Main.o
MAIN_WaitForJoyRelease                            Main.o
                                                  TagManager.o
                                                  ProgramManager.o
MainFunctionNames                                 Main.o
MainFunctionPtrs                                  Main.o
MemoryType                                        ProgramManager.o
MessageSize                                       V2Protocol.o
                                                  ProgramManager.o
                                                  AVRISPCommandInterpreter.o
                                                  ProgDataflash.o
OSCCAL_Calibrate                                  OSCCal.o
                                                  Main.o
OutPos                                            RingBuff.o
PD_InterpretAVRISPPacket                          ProgDataflash.o
                                                  Main.o
PD_SetupDFAddressCounters                         ProgDataflash.o
PD_StoreDataflashByte                             ProgDataflash.o
PM_CheckEndOfFuseLockData                         ProgramManager.o
PM_CreateProgrammingPackets                       ProgramManager.o
                                                  Main.o
PM_GetStoredDataSize                              ProgramManager.o
                                                  TagManager.o
                                                  Main.o
PM_InterpretAVRISPPacket                          ProgramManager.o
                                                  Main.o
PM_SendEraseCommand                               ProgramManager.o
                                                  Main.o
PM_SendFuseLockBytes                              ProgramManager.o
                                                  Main.o
PM_SetupDFAddressCounters                         ProgramManager.o
PM_ShowStoredItemSizes                            ProgramManager.o
                                                  Main.o
PM_StoreProgramByte                               ProgramManager.o
PRG_A                                             Main.o
PRG_C                                             Main.o
PRG_D                                             Main.o
PRG_DE                                            Main.o
PRG_E                                             Main.o
PRG_F                                             Main.o
PRG_FL                                            Main.o
PRG_L                                             Main.o
PacketBytes                                       V2Protocol.o
                                                  ProgramManager.o
                                                  AVRISPCommandInterpreter.o
                                                  ISPChipComm.o
                                                  ProgDataflash.o
                                                  Main.o
PacketTimeOut                                     Timeout.o
                                                  V2Protocol.o
                                                  USART.o
PacketTimeOutTicks                                Timeout.o
                                                  V2Protocol.o
Param_ControllerInit                              V2Protocol.o
ProgOptions                                       Main.o
RingBuffer                                        RingBuff.o
SFunc_CLEARMEM                                    Main.o
SFunc_GOBOOTLOADER                                Main.o
SFunc_SETAUTOSLEEPTO                              Main.o
SFunc_SETCONTRAST                                 Main.o
SFunc_SETFIRMMINOR                                Main.o
SFunc_SETRESETMODE                                Main.o
SFunc_SETSPISPEED                                 Main.o
SIFONames                                         Main.o
SPIResetModes                                     Main.o
SPI_SPIInit                                       SPI.o
                                                  Main.o
SPI_SPITransmit                                   SPI.o
                                                  TagManager.o
                                                  ProgramManager.o
                                                  Dataflash.o
                                                  Main.o
SPI_SPITransmitWord                               SPI.o
SequenceNum                                       V2Protocol.o
SettingFunctionNames                              Main.o
SettingFunctionPtrs                               Main.o
SignonResponse                                    V2Protocol.o
SleepTimeOutTicks                                 Timeout.o
                                                  Main.o
StoredUSIDR                                       USI.o
SyncErrorMessage                                  ISPChipComm.o
                                                  AVRISPCommandInterpreter.o
                                                  Main.o
TM_FindNextTag                                    TagManager.o
TM_ShowTags                                       TagManager.o
                                                  Main.o
TOUT_SetupSleepTimer                              Timeout.o
                                                  V2Protocol.o
                                                  Main.o
TagExists                                         TagManager.o
TicksBeforeAutoSleep                              Timeout.o
TransferComplete                                  USI.o
USART_Init                                        USART.o
                                                  Main.o
USART_Rx                                          USART.o
                                                  V2Protocol.o
USART_Tx                                          USART.o
                                                  V2Protocol.o
USIPSValues                                       USI.o
USISpeeds                                         Main.o
USI_SPIInitMaster                                 USI.o
                                                  AVRISPCommandInterpreter.o
                                                  Main.o
USI_SPIOff                                        USI.o
                                                  AVRISPCommandInterpreter.o
                                                  Main.o
USI_SPISetSpeed                                   USI.o
                                                  V2Protocol.o
USI_SPIToggleClock                                USI.o
                                                  ISPChipComm.o
USI_SPITransmit                                   USI.o
                                                  ProgramManager.o
                                                  AVRISPCommandInterpreter.o
                                                  ISPChipComm.o
                                                  V2Protocol.o
                                                  ProgDataflash.o
                                                  Main.o
USI_SPITransmitWord                               USI.o
                                                  ProgramManager.o
                                                  AVRISPCommandInterpreter.o
                                                  ISPChipComm.o
V2P_CheckForExtendedAddress                       V2Protocol.o
V2P_GetChecksum                                   V2Protocol.o
V2P_GetSetParamater                               V2Protocol.o
V2P_IncrementCurrAddress                          V2Protocol.o
                                                  ProgramManager.o
                                                  AVRISPCommandInterpreter.o
                                                  ISPChipComm.o
                                                  ProgDataflash.o
V2P_RunStateMachine                               V2Protocol.o
                                                  Main.o
V2P_SendPacket                                    V2Protocol.o
                                                  ProgramManager.o
                                                  AVRISPCommandInterpreter.o
                                                  ProgDataflash.o
WaitText                                          Main.o
                                                  ProgDataflash.o
__bad_interrupt                                   c:/winavr/bin/../lib/gcc/avr/4.1.1/../../../../avr/lib/avr5/crtm169.o
__bss_end                                         c:/winavr/bin/../lib/gcc/avr/4.1.1/avr5\libgcc.a(_clear_bss.o)
__bss_start                                       c:/winavr/bin/../lib/gcc/avr/4.1.1/avr5\libgcc.a(_clear_bss.o)
__data_end                                        c:/winavr/bin/../lib/gcc/avr/4.1.1/avr5\libgcc.a(_copy_data.o)
__data_load_start                                 c:/winavr/bin/../lib/gcc/avr/4.1.1/avr5\libgcc.a(_copy_data.o)
__data_start                                      c:/winavr/bin/../lib/gcc/avr/4.1.1/avr5\libgcc.a(_copy_data.o)
__do_clear_bss                                    c:/winavr/bin/../lib/gcc/avr/4.1.1/avr5\libgcc.a(_clear_bss.o)
                                                  TagManager.o
                                                  ProgramManager.o
                                                  AVRISPCommandInterpreter.o
                                                  ISPChipComm.o
                                                  V2Protocol.o
                                                  ProgDataflash.o
                                                  Timeout.o
                                                  RingBuff.o
                                                  Dataflash.o
                                                  USI.o
                                                  SPI.o
                                                  USART.o
                                                  LCD_Driver.o
                                                  OSCCal.o
                                                  Main.o
__do_copy_data                                    c:/winavr/bin/../lib/gcc/avr/4.1.1/avr5\libgcc.a(_copy_data.o)
                                                  TagManager.o
                                                  ProgramManager.o
                                                  AVRISPCommandInterpreter.o
                                                  ISPChipComm.o
                                                  V2Protocol.o
                                                  ProgDataflash.o
                                                  Timeout.o
                                                  RingBuff.o
                                                  Dataflash.o
                                                  USI.o
                                                  SPI.o
                                                  USART.o
                                                  LCD_Driver.o
                                                  OSCCal.o
                                                  Main.o
__eeprom_read_block_1F2021                        c:/winavr/bin/../lib/gcc/avr/4.1.1/../../../../avr/lib/avr5\libc.a(ee_rblk.1F2021.o)
                                                  ProgramManager.o
__eeprom_read_byte_1F2021                         c:/winavr/bin/../lib/gcc/avr/4.1.1/../../../../avr/lib/avr5\libc.a(ee_rb.1F2021.o)
                                                  c:/winavr/bin/../lib/gcc/avr/4.1.1/../../../../avr/lib/avr5\libc.a(ee_rw.1F2021.o)
                                                  c:/winavr/bin/../lib/gcc/avr/4.1.1/../../../../avr/lib/avr5\libc.a(ee_rblk.1F2021.o)
                                                  ProgramManager.o
                                                  V2Protocol.o
                                                  Timeout.o
                                                  USI.o
                                                  Main.o
__eeprom_read_word_1F2021                         c:/winavr/bin/../lib/gcc/avr/4.1.1/../../../../avr/lib/avr5\libc.a(ee_rw.1F2021.o)
                                                  ProgramManager.o
__eeprom_write_block_1F2021                       c:/winavr/bin/../lib/gcc/avr/4.1.1/../../../../avr/lib/avr5\libc.a(ee_wblk.1F2021.o)
                                                  ProgramManager.o
__eeprom_write_byte_1F2021                        c:/winavr/bin/../lib/gcc/avr/4.1.1/../../../../avr/lib/avr5\libc.a(ee_wb.1F2021.o)
                                                  c:/winavr/bin/../lib/gcc/avr/4.1.1/../../../../avr/lib/avr5\libc.a(ee_wblk.1F2021.o)
                                                  c:/winavr/bin/../lib/gcc/avr/4.1.1/../../../../avr/lib/avr5\libc.a(ee_ww.1F2021.o)
                                                  ProgramManager.o
                                                  V2Protocol.o
                                                  Main.o
__eeprom_write_word_1F2021                        c:/winavr/bin/../lib/gcc/avr/4.1.1/../../../../avr/lib/avr5\libc.a(ee_ww.1F2021.o)
                                                  ProgramManager.o
__heap_end                                        c:/winavr/bin/../lib/gcc/avr/4.1.1/../../../../avr/lib/avr5/crtm169.o
__init                                            c:/winavr/bin/../lib/gcc/avr/4.1.1/../../../../avr/lib/avr5/crtm169.o
__stack                                           c:/winavr/bin/../lib/gcc/avr/4.1.1/../../../../avr/lib/avr5/crtm169.o
__udivmodsi4                                      c:/winavr/bin/../lib/gcc/avr/4.1.1/avr5\libgcc.a(_udivmodsi4.o)
                                                  c:/winavr/bin/../lib/gcc/avr/4.1.1/../../../../avr/lib/avr5\libc.a(ultoa.o)
__vector_1                                        c:/winavr/bin/../lib/gcc/avr/4.1.1/../../../../avr/lib/avr5/crtm169.o
__vector_10                                       USIInterrupt.o
                                                  c:/winavr/bin/../lib/gcc/avr/4.1.1/../../../../avr/lib/avr5/crtm169.o
__vector_11                                       c:/winavr/bin/../lib/gcc/avr/4.1.1/../../../../avr/lib/avr5/crtm169.o
__vector_12                                       c:/winavr/bin/../lib/gcc/avr/4.1.1/../../../../avr/lib/avr5/crtm169.o
__vector_13                                       RingBuff.o
                                                  c:/winavr/bin/../lib/gcc/avr/4.1.1/../../../../avr/lib/avr5/crtm169.o
__vector_14                                       c:/winavr/bin/../lib/gcc/avr/4.1.1/../../../../avr/lib/avr5/crtm169.o
__vector_15                                       c:/winavr/bin/../lib/gcc/avr/4.1.1/../../../../avr/lib/avr5/crtm169.o
__vector_16                                       c:/winavr/bin/../lib/gcc/avr/4.1.1/../../../../avr/lib/avr5/crtm169.o
__vector_17                                       USI.o
                                                  c:/winavr/bin/../lib/gcc/avr/4.1.1/../../../../avr/lib/avr5/crtm169.o
__vector_18                                       c:/winavr/bin/../lib/gcc/avr/4.1.1/../../../../avr/lib/avr5/crtm169.o
__vector_19                                       c:/winavr/bin/../lib/gcc/avr/4.1.1/../../../../avr/lib/avr5/crtm169.o
__vector_2                                        JoystickInterrupt.o
                                                  c:/winavr/bin/../lib/gcc/avr/4.1.1/../../../../avr/lib/avr5/crtm169.o
__vector_20                                       c:/winavr/bin/../lib/gcc/avr/4.1.1/../../../../avr/lib/avr5/crtm169.o
__vector_21                                       c:/winavr/bin/../lib/gcc/avr/4.1.1/../../../../avr/lib/avr5/crtm169.o
__vector_22                                       LCD_Driver.o
                                                  c:/winavr/bin/../lib/gcc/avr/4.1.1/../../../../avr/lib/avr5/crtm169.o
__vector_3                                        Main.o
                                                  c:/winavr/bin/../lib/gcc/avr/4.1.1/../../../../avr/lib/avr5/crtm169.o
                                                  JoystickInterrupt.o
__vector_4                                        Timeout.o
                                                  c:/winavr/bin/../lib/gcc/avr/4.1.1/../../../../avr/lib/avr5/crtm169.o
__vector_5                                        OSCCal.o
                                                  c:/winavr/bin/../lib/gcc/avr/4.1.1/../../../../avr/lib/avr5/crtm169.o
__vector_6                                        c:/winavr/bin/../lib/gcc/avr/4.1.1/../../../../avr/lib/avr5/crtm169.o
__vector_7                                        c:/winavr/bin/../lib/gcc/avr/4.1.1/../../../../avr/lib/avr5/crtm169.o
__vector_8                                        c:/winavr/bin/../lib/gcc/avr/4.1.1/../../../../avr/lib/avr5/crtm169.o
__vector_9                                        Timeout.o
                                                  c:/winavr/bin/../lib/gcc/avr/4.1.1/../../../../avr/lib/avr5/crtm169.o
__vector_default                                  Main.o
                                                  c:/winavr/bin/../lib/gcc/avr/4.1.1/../../../../avr/lib/avr5/crtm169.o
__vectors                                         c:/winavr/bin/../lib/gcc/avr/4.1.1/../../../../avr/lib/avr5/crtm169.o
_exit                                             c:/winavr/bin/../lib/gcc/avr/4.1.1/avr5\libgcc.a(_exit.o)
exit                                              c:/winavr/bin/../lib/gcc/avr/4.1.1/avr5\libgcc.a(_exit.o)
                                                  c:/winavr/bin/../lib/gcc/avr/4.1.1/../../../../avr/lib/avr5/crtm169.o
main                                              Main.o
                                                  c:/winavr/bin/../lib/gcc/avr/4.1.1/../../../../avr/lib/avr5/crtm169.o
strcpy_P                                          c:/winavr/bin/../lib/gcc/avr/4.1.1/../../../../avr/lib/avr5\libc.a(strcpy_P.o)
                                                  ProgramManager.o
                                                  LCD_Driver.o
                                                  Main.o
strrev                                            c:/winavr/bin/../lib/gcc/avr/4.1.1/../../../../avr/lib/avr5\libc.a(strrev.o)
                                                  c:/winavr/bin/../lib/gcc/avr/4.1.1/../../../../avr/lib/avr5\libc.a(ultoa.o)
ultoa                                             c:/winavr/bin/../lib/gcc/avr/4.1.1/../../../../avr/lib/avr5\libc.a(ultoa.o)
                                                  ProgramManager.o
