Archive member included because of file (symbol)

c:/winavr/bin/../lib/gcc/avr/4.1.1/avr5\libgcc.a(_exit.o)
                              c:/winavr/bin/../lib/gcc/avr/4.1.1/../../../../avr/lib/avr5/crtm169.o (exit)
c:/winavr/bin/../lib/gcc/avr/4.1.1/avr5\libgcc.a(_copy_data.o)
                              Main.o (__do_copy_data)
c:/winavr/bin/../lib/gcc/avr/4.1.1/avr5\libgcc.a(_clear_bss.o)
                              Main.o (__do_clear_bss)
c:/winavr/bin/../lib/gcc/avr/4.1.1/../../../../avr/lib/avr5\libc.a(strcpy_P.o)
                              Main.o (strcpy_P)
c:/winavr/bin/../lib/gcc/avr/4.1.1/../../../../avr/lib/avr5\libc.a(ee_rb.1F2021.o)
                              Main.o (__eeprom_read_byte_1F2021)
c:/winavr/bin/../lib/gcc/avr/4.1.1/../../../../avr/lib/avr5\libc.a(ee_wb.1F2021.o)
                              Main.o (__eeprom_write_byte_1F2021)

Discarded input sections

 .stabstr       0x00000000        0x0 JoystickInterrupt.o
 .stabstr       0x00000000        0x0 USIInterrupt.o

Memory Configuration

Name             Origin             Length             Attributes
text             0x00000000         0x00020000         xr
data             0x00800060         0x0000ffa0         rw !x
eeprom           0x00810000         0x00010000         rw !x
*default*        0x00000000         0xffffffff

Linker script and memory map

Address of section .data set to 0x800100
LOAD c:/winavr/bin/../lib/gcc/avr/4.1.1/../../../../avr/lib/avr5/crtm169.o
LOAD Main.o
LOAD OSCCal.o
LOAD LCD_Driver.o
LOAD USART.o
LOAD SPI.o
LOAD USI.o
LOAD Dataflash.o
LOAD RingBuff.o
LOAD Timeout.o
LOAD ProgDataflash.o
LOAD V2Protocol.o
LOAD ISPChipComm.o
LOAD AVRISPCommandInterpreter.o
LOAD ProgramManager.o
LOAD TagManager.o
LOAD JoystickInterrupt.o
LOAD USIInterrupt.o
LOAD c:/winavr/bin/../lib/gcc/avr/4.1.1/../../../../avr/lib/avr5\libm.a
LOAD c:/winavr/bin/../lib/gcc/avr/4.1.1/avr5\libgcc.a
LOAD c:/winavr/bin/../lib/gcc/avr/4.1.1/../../../../avr/lib/avr5\libc.a
LOAD c:/winavr/bin/../lib/gcc/avr/4.1.1/avr5\libgcc.a

.hash
 *(.hash)

.dynsym
 *(.dynsym)

.dynstr
 *(.dynstr)

.gnu.version
 *(.gnu.version)

.gnu.version_d
 *(.gnu.version_d)

.gnu.version_r
 *(.gnu.version_r)

.rel.init
 *(.rel.init)

.rela.init
 *(.rela.init)

.rel.text
 *(.rel.text)
 *(.rel.text.*)
 *(.rel.gnu.linkonce.t*)

.rela.text
 *(.rela.text)
 *(.rela.text.*)
 *(.rela.gnu.linkonce.t*)

.rel.fini
 *(.rel.fini)

.rela.fini
 *(.rela.fini)

.rel.rodata
 *(.rel.rodata)
 *(.rel.rodata.*)
 *(.rel.gnu.linkonce.r*)

.rela.rodata
 *(.rela.rodata)
 *(.rela.rodata.*)
 *(.rela.gnu.linkonce.r*)

.rel.data
 *(.rel.data)
 *(.rel.data.*)
 *(.rel.gnu.linkonce.d*)

.rela.data
 *(.rela.data)
 *(.rela.data.*)
 *(.rela.gnu.linkonce.d*)

.rel.ctors
 *(.rel.ctors)

.rela.ctors
 *(.rela.ctors)

.rel.dtors
 *(.rel.dtors)

.rela.dtors
 *(.rela.dtors)

.rel.got
 *(.rel.got)

.rela.got
 *(.rela.got)

.rel.bss
 *(.rel.bss)

.rela.bss
 *(.rela.bss)

.rel.plt
 *(.rel.plt)

.rela.plt
 *(.rela.plt)

.text           0x00000000     0x1214
 *(.vectors)
 .vectors       0x00000000       0x5c c:/winavr/bin/../lib/gcc/avr/4.1.1/../../../../avr/lib/avr5/crtm169.o
                0x00000000                __vectors
 *(.vectors)
 *(.progmem.gcc*)
 *(.progmem*)
 .progmem.data  0x0000005c      0x2b1 Main.o
 .progmem.data  0x0000030d       0x6c LCD_Driver.o
 .progmem.data  0x00000379        0x8 USI.o
 .progmem.data  0x00000381        0x8 Dataflash.o
 .progmem.data  0x00000389        0x9 RingBuff.o
 .progmem.data  0x00000392        0x5 Timeout.o
 .progmem.data  0x00000397       0x11 ProgDataflash.o
 .progmem.data  0x000003a8        0xc V2Protocol.o
 .progmem.data  0x000003b4        0xb ISPChipComm.o
 .progmem.data  0x000003bf       0x10 AVRISPCommandInterpreter.o
                0x000003d0                . = ALIGN (0x2)
 *fill*         0x000003cf        0x1 00
                0x000003d0                __trampolines_start = .
 *(.trampolines)
 .trampolines   0x000003d0        0x0 linker stubs
 *(.trampolines*)
                0x000003d0                __trampolines_end = .
 *(.jumptables)
 *(.jumptables*)
 *(.lowtext)
 *(.lowtext*)
                0x000003d0                __ctors_start = .
 *(.ctors)
                0x000003d0                __ctors_end = .
                0x000003d0                __dtors_start = .
 *(.dtors)
                0x000003d0                __dtors_end = .
 SORT(*)(.ctors)
 SORT(*)(.dtors)
 *(.init0)
 .init0         0x000003d0        0x0 c:/winavr/bin/../lib/gcc/avr/4.1.1/../../../../avr/lib/avr5/crtm169.o
                0x000003d0                __init
 *(.init0)
 *(.init1)
 *(.init1)
 *(.init2)
 .init2         0x000003d0        0xc c:/winavr/bin/../lib/gcc/avr/4.1.1/../../../../avr/lib/avr5/crtm169.o
 *(.init2)
 *(.init3)
 *(.init3)
 *(.init4)
 .init4         0x000003dc       0x16 c:/winavr/bin/../lib/gcc/avr/4.1.1/avr5\libgcc.a(_copy_data.o)
                0x000003dc                __do_copy_data
 .init4         0x000003f2       0x10 c:/winavr/bin/../lib/gcc/avr/4.1.1/avr5\libgcc.a(_clear_bss.o)
                0x000003f2                __do_clear_bss
 *(.init4)
 *(.init5)
 *(.init5)
 *(.init6)
 *(.init6)
 *(.init7)
 *(.init7)
 *(.init8)
 *(.init8)
 *(.init9)
 .init9         0x00000402        0x8 c:/winavr/bin/../lib/gcc/avr/4.1.1/../../../../avr/lib/avr5/crtm169.o
 *(.init9)
 *(.text)
 .text          0x0000040a        0x4 c:/winavr/bin/../lib/gcc/avr/4.1.1/../../../../avr/lib/avr5/crtm169.o
                0x0000040a                __vector_1
                0x0000040a                __vector_12
                0x0000040a                __bad_interrupt
                0x0000040a                __vector_6
                0x0000040a                __vector_11
                0x0000040a                __vector_19
                0x0000040a                __vector_7
                0x0000040a                __vector_21
                0x0000040a                __vector_15
                0x0000040a                __vector_8
                0x0000040a                __vector_14
                0x0000040a                __vector_16
                0x0000040a                __vector_18
                0x0000040a                __vector_20
 .text          0x0000040e      0xa8c Main.o
                0x000004a2                __vector_3
                0x00000824                __vector_default
                0x00000b4c                main
 .text          0x00000e9a       0x4e OSCCal.o
                0x00000e9a                __vector_5
 .text          0x00000ee8       0xfa LCD_Driver.o
                0x00000ee8                __vector_22
 .text          0x00000fe2        0x0 USART.o
 .text          0x00000fe2        0x0 SPI.o
 .text          0x00000fe2       0x3e USI.o
                0x00000fe2                __vector_17
 .text          0x00001020        0x0 Dataflash.o
 .text          0x00001020       0x82 RingBuff.o
                0x00001020                __vector_13
 .text          0x000010a2      0x12a Timeout.o
                0x000010a2                __vector_4
                0x000010d8                __vector_9
 .text          0x000011cc        0x0 ProgDataflash.o
 .text          0x000011cc        0x0 V2Protocol.o
 .text          0x000011cc        0x0 ISPChipComm.o
 .text          0x000011cc        0x0 AVRISPCommandInterpreter.o
 .text          0x000011cc        0x0 ProgramManager.o
 .text          0x000011cc        0x0 TagManager.o
 .text          0x000011cc        0x4 JoystickInterrupt.o
                0x000011cc                __vector_2
 .text          0x000011d0        0xc USIInterrupt.o
                0x000011d0                __vector_10
 .text          0x000011dc        0x0 c:/winavr/bin/../lib/gcc/avr/4.1.1/avr5\libgcc.a(_exit.o)
 .text          0x000011dc        0x0 c:/winavr/bin/../lib/gcc/avr/4.1.1/avr5\libgcc.a(_copy_data.o)
 .text          0x000011dc        0x0 c:/winavr/bin/../lib/gcc/avr/4.1.1/avr5\libgcc.a(_clear_bss.o)
 .text          0x000011dc        0xe c:/winavr/bin/../lib/gcc/avr/4.1.1/../../../../avr/lib/avr5\libc.a(strcpy_P.o)
                0x000011dc                strcpy_P
 .text          0x000011ea        0x0 c:/winavr/bin/../lib/gcc/avr/4.1.1/../../../../avr/lib/avr5\libc.a(ee_rb.1F2021.o)
 .text          0x000011ea        0x0 c:/winavr/bin/../lib/gcc/avr/4.1.1/../../../../avr/lib/avr5\libc.a(ee_wb.1F2021.o)
                0x000011ea                . = ALIGN (0x2)
 *(.text.*)
 .text.libgcc   0x000011ea        0x0 c:/winavr/bin/../lib/gcc/avr/4.1.1/avr5\libgcc.a(_exit.o)
 .text.libgcc   0x000011ea        0x0 c:/winavr/bin/../lib/gcc/avr/4.1.1/avr5\libgcc.a(_copy_data.o)
 .text.libgcc   0x000011ea        0x0 c:/winavr/bin/../lib/gcc/avr/4.1.1/avr5\libgcc.a(_clear_bss.o)
 .text.eeprom   0x000011ea       0x10 c:/winavr/bin/../lib/gcc/avr/4.1.1/../../../../avr/lib/avr5\libc.a(ee_rb.1F2021.o)
                0x000011ea                __eeprom_read_byte_1F2021
 .text.eeprom   0x000011fa       0x18 c:/winavr/bin/../lib/gcc/avr/4.1.1/../../../../avr/lib/avr5\libc.a(ee_wb.1F2021.o)
                0x000011fa                __eeprom_write_byte_1F2021
                0x00001212                . = ALIGN (0x2)
 *(.fini9)
 .fini9         0x00001212        0x0 c:/winavr/bin/../lib/gcc/avr/4.1.1/avr5\libgcc.a(_exit.o)
                0x00001212                exit
                0x00001212                _exit
 *(.fini9)
 *(.fini8)
 *(.fini8)
 *(.fini7)
 *(.fini7)
 *(.fini6)
 *(.fini6)
 *(.fini5)
 *(.fini5)
 *(.fini4)
 *(.fini4)
 *(.fini3)
 *(.fini3)
 *(.fini2)
 *(.fini2)
 *(.fini1)
 *(.fini1)
 *(.fini0)
 .fini0         0x00001212        0x2 c:/winavr/bin/../lib/gcc/avr/4.1.1/avr5\libgcc.a(_exit.o)
 *(.fini0)
                0x00001214                _etext = .

.data           0x00800100       0x1c load address 0x00001214
                0x00800100                PROVIDE (__data_start, .)
 *(.data)
 .data          0x00800100        0x0 c:/winavr/bin/../lib/gcc/avr/4.1.1/../../../../avr/lib/avr5/crtm169.o
 .data          0x00800100        0x0 Main.o
 .data          0x00800100        0x0 OSCCal.o
 .data          0x00800100       0x1b LCD_Driver.o
 .data          0x0080011b        0x0 USART.o
 .data          0x0080011b        0x0 SPI.o
 .data          0x0080011b        0x0 USI.o
 .data          0x0080011b        0x0 Dataflash.o
 .data          0x0080011b        0x0 RingBuff.o
 .data          0x0080011b        0x0 Timeout.o
 .data          0x0080011b        0x0 ProgDataflash.o
 .data          0x0080011b        0x0 V2Protocol.o
 .data          0x0080011b        0x0 ISPChipComm.o
 .data          0x0080011b        0x0 AVRISPCommandInterpreter.o
 .data          0x0080011b        0x0 ProgramManager.o
 .data          0x0080011b        0x0 TagManager.o
 .data          0x0080011b        0x0 JoystickInterrupt.o
 .data          0x0080011b        0x0 USIInterrupt.o
 .data          0x0080011b        0x0 c:/winavr/bin/../lib/gcc/avr/4.1.1/avr5\libgcc.a(_exit.o)
 .data          0x0080011b        0x0 c:/winavr/bin/../lib/gcc/avr/4.1.1/avr5\libgcc.a(_copy_data.o)
 .data          0x0080011b        0x0 c:/winavr/bin/../lib/gcc/avr/4.1.1/avr5\libgcc.a(_clear_bss.o)
 .data          0x0080011b        0x0 c:/winavr/bin/../lib/gcc/avr/4.1.1/../../../../avr/lib/avr5\libc.a(strcpy_P.o)
 .data          0x0080011b        0x0 c:/winavr/bin/../lib/gcc/avr/4.1.1/../../../../avr/lib/avr5\libc.a(ee_rb.1F2021.o)
 .data          0x0080011b        0x0 c:/winavr/bin/../lib/gcc/avr/4.1.1/../../../../avr/lib/avr5\libc.a(ee_wb.1F2021.o)
 *(.data*)
 *(.rodata)
 *(.rodata*)
 *(.gnu.linkonce.d*)
                0x0080011c                . = ALIGN (0x2)
 *fill*         0x0080011b        0x1 00
                0x0080011c                _edata = .
                0x0080011c                PROVIDE (__data_end, .)

.bss            0x0080011c       0x65
                0x0080011c                PROVIDE (__bss_start, .)
 *(.bss)
 .bss           0x0080011c        0x0 c:/winavr/bin/../lib/gcc/avr/4.1.1/../../../../avr/lib/avr5/crtm169.o
 .bss           0x0080011c        0x0 Main.o
 .bss           0x0080011c        0x2 OSCCal.o
 .bss           0x0080011e       0x17 LCD_Driver.o
 .bss           0x00800135        0x0 USART.o
 .bss           0x00800135        0x0 SPI.o
 .bss           0x00800135        0x2 USI.o
 .bss           0x00800137        0x0 Dataflash.o
 .bss           0x00800137       0x42 RingBuff.o
 .bss           0x00800179        0x6 Timeout.o
 .bss           0x0080017f        0x0 ProgDataflash.o
 .bss           0x0080017f        0x0 V2Protocol.o
 .bss           0x0080017f        0x0 ISPChipComm.o
 .bss           0x0080017f        0x0 AVRISPCommandInterpreter.o
 .bss           0x0080017f        0x1 ProgramManager.o
 .bss           0x00800180        0x1 TagManager.o
 .bss           0x00800181        0x0 JoystickInterrupt.o
 .bss           0x00800181        0x0 USIInterrupt.o
 .bss           0x00800181        0x0 c:/winavr/bin/../lib/gcc/avr/4.1.1/avr5\libgcc.a(_exit.o)
 .bss           0x00800181        0x0 c:/winavr/bin/../lib/gcc/avr/4.1.1/avr5\libgcc.a(_copy_data.o)
 .bss           0x00800181        0x0 c:/winavr/bin/../lib/gcc/avr/4.1.1/avr5\libgcc.a(_clear_bss.o)
 .bss           0x00800181        0x0 c:/winavr/bin/../lib/gcc/avr/4.1.1/../../../../avr/lib/avr5\libc.a(strcpy_P.o)
 .bss           0x00800181        0x0 c:/winavr/bin/../lib/gcc/avr/4.1.1/../../../../avr/lib/avr5\libc.a(ee_rb.1F2021.o)
 .bss           0x00800181        0x0 c:/winavr/bin/../lib/gcc/avr/4.1.1/../../../../avr/lib/avr5\libc.a(ee_wb.1F2021.o)
 *(.bss*)
 *(COMMON)
                0x00800181                PROVIDE (__bss_end, .)
                0x00001214                __data_load_start = LOADADDR (.data)
                0x00001230                __data_load_end = (__data_load_start + SIZEOF (.data))

.noinit         0x00800181        0x0
                0x00800181                PROVIDE (__noinit_start, .)
 *(.noinit*)
                0x00800181                PROVIDE (__noinit_end, .)
                0x00800181                _end = .
                0x00800181                PROVIDE (__heap_start, .)

.eeprom         0x00810000       0x8a
 *(.eeprom*)
 .eeprom        0x00810000       0x8a Main.o
                0x0081008a                __eeprom_end = .

.stab           0x00000000       0x84
 *(.stab)
 .stab          0x00000000       0x30 JoystickInterrupt.o
 .stab          0x00000030       0x54 USIInterrupt.o
                                 0x60 (size before relaxing)

.stabstr        0x00000000       0x78
 *(.stabstr)
 .stabstr       0x00000000       0x78 JoystickInterrupt.o

.stab.excl
 *(.stab.excl)

.stab.exclstr
 *(.stab.exclstr)

.stab.index
 *(.stab.index)

.stab.indexstr
 *(.stab.indexstr)

.comment
 *(.comment)

.debug
 *(.debug)

.line
 *(.line)

.debug_srcinfo
 *(.debug_srcinfo)

.debug_sfnames
 *(.debug_sfnames)

.debug_aranges  0x00000000       0x78
 *(.debug_aranges)
 .debug_aranges
                0x00000000       0x14 Main.o
 .debug_aranges
                0x00000014       0x14 OSCCal.o
 .debug_aranges
                0x00000028       0x14 LCD_Driver.o
 .debug_aranges
                0x0000003c       0x14 USI.o
 .debug_aranges
                0x00000050       0x14 RingBuff.o
 .debug_aranges
                0x00000064       0x14 Timeout.o

.debug_pubnames
                0x00000000       0xf6
 *(.debug_pubnames)
 .debug_pubnames
                0x00000000       0x3f Main.o
 .debug_pubnames
                0x0000003f       0x21 OSCCal.o
 .debug_pubnames
                0x00000060       0x22 LCD_Driver.o
 .debug_pubnames
                0x00000082       0x22 USI.o
 .debug_pubnames
                0x000000a4       0x22 RingBuff.o
 .debug_pubnames
                0x000000c6       0x30 Timeout.o

.debug_info     0x00000000     0x2d54
 *(.debug_info)
 .debug_info    0x00000000     0x1413 Main.o
 .debug_info    0x00001413       0xc8 OSCCal.o
 .debug_info    0x000014db      0x2aa LCD_Driver.o
 .debug_info    0x00001785       0xc3 USART.o
 .debug_info    0x00001848       0x99 SPI.o
 .debug_info    0x000018e1      0x101 USI.o
 .debug_info    0x000019e2      0x1d6 Dataflash.o
 .debug_info    0x00001bb8      0x136 RingBuff.o
 .debug_info    0x00001cee      0x398 Timeout.o
 .debug_info    0x00002086      0x1d2 ProgDataflash.o
 .debug_info    0x00002258      0x32e V2Protocol.o
 .debug_info    0x00002586      0x10b ISPChipComm.o
 .debug_info    0x00002691      0x2cf AVRISPCommandInterpreter.o
 .debug_info    0x00002960      0x32a ProgramManager.o
 .debug_info    0x00002c8a       0xca TagManager.o
 *(.gnu.linkonce.wi.*)

.debug_abbrev   0x00000000      0xb2d
 *(.debug_abbrev)
 .debug_abbrev  0x00000000      0x2b7 Main.o
 .debug_abbrev  0x000002b7       0x62 OSCCal.o
 .debug_abbrev  0x00000319      0x11e LCD_Driver.o
 .debug_abbrev  0x00000437       0x4f USART.o
 .debug_abbrev  0x00000486       0x2a SPI.o
 .debug_abbrev  0x000004b0       0x7b USI.o
 .debug_abbrev  0x0000052b       0xb2 Dataflash.o
 .debug_abbrev  0x000005dd       0x99 RingBuff.o
 .debug_abbrev  0x00000676      0x15b Timeout.o
 .debug_abbrev  0x000007d1       0x9a ProgDataflash.o
 .debug_abbrev  0x0000086b       0xbd V2Protocol.o
 .debug_abbrev  0x00000928       0x79 ISPChipComm.o
 .debug_abbrev  0x000009a1       0x9a AVRISPCommandInterpreter.o
 .debug_abbrev  0x00000a3b       0x9d ProgramManager.o
 .debug_abbrev  0x00000ad8       0x55 TagManager.o

.debug_line     0x00000000     0x1dd5
 *(.debug_line)
 .debug_line    0x00000000      0xa8c Main.o
 .debug_line    0x00000a8c      0x160 OSCCal.o
 .debug_line    0x00000bec      0x1c2 LCD_Driver.o
 .debug_line    0x00000dae      0x149 USART.o
 .debug_line    0x00000ef7      0x12e SPI.o
 .debug_line    0x00001025      0x157 USI.o
 .debug_line    0x0000117c      0x13d Dataflash.o
 .debug_line    0x000012b9      0x168 RingBuff.o
 .debug_line    0x00001421      0x1d6 Timeout.o
 .debug_line    0x000015f7      0x14b ProgDataflash.o
 .debug_line    0x00001742      0x163 V2Protocol.o
 .debug_line    0x000018a5      0x13f ISPChipComm.o
 .debug_line    0x000019e4      0x167 AVRISPCommandInterpreter.o
 .debug_line    0x00001b4b      0x14c ProgramManager.o
 .debug_line    0x00001c97      0x13e TagManager.o

.debug_frame    0x00000000      0x1b0
 *(.debug_frame)
 .debug_frame   0x00000000      0x118 Main.o
 .debug_frame   0x00000118       0x1c OSCCal.o
 .debug_frame   0x00000134       0x1c LCD_Driver.o
 .debug_frame   0x00000150       0x1c USI.o
 .debug_frame   0x0000016c       0x1c RingBuff.o
 .debug_frame   0x00000188       0x28 Timeout.o

.debug_str      0x00000000      0xa5d
 *(.debug_str)
 .debug_str     0x00000000      0x75d Main.o
                                0x81c (size before relaxing)
 .debug_str     0x0000075d       0x20 OSCCal.o
                                0x13b (size before relaxing)
 .debug_str     0x0000077d       0xbd LCD_Driver.o
                                0x1ff (size before relaxing)
 .debug_str     0x0000083a       0x23 USART.o
                                0x146 (size before relaxing)
 .debug_str     0x0000085d        0x6 SPI.o
                                0x121 (size before relaxing)
 .debug_str     0x00000863       0x3b USI.o
                                0x15e (size before relaxing)
 .debug_str     0x0000089e       0x40 Dataflash.o
                                0x1ea (size before relaxing)
 .debug_str     0x000008de       0x2f RingBuff.o
                                0x15f (size before relaxing)
 .debug_str     0x0000090d       0x6b Timeout.o
                                0x2ff (size before relaxing)
 .debug_str     0x00000978       0x2e ProgDataflash.o
                                0x1ef (size before relaxing)
 .debug_str     0x000009a6       0x3d V2Protocol.o
                                0x2ea (size before relaxing)
 .debug_str     0x000009e3        0xe ISPChipComm.o
                                0x16c (size before relaxing)
 .debug_str     0x000009f1       0x1b AVRISPCommandInterpreter.o
                                0x2a7 (size before relaxing)
 .debug_str     0x00000a0c       0x34 ProgramManager.o
                                0x2f9 (size before relaxing)
 .debug_str     0x00000a40       0x1d TagManager.o
                                0x140 (size before relaxing)

.debug_loc      0x00000000      0x517
 *(.debug_loc)
 .debug_loc     0x00000000      0x434 Main.o
 .debug_loc     0x00000434       0x91 LCD_Driver.o
 .debug_loc     0x000004c5       0x52 Timeout.o

.debug_macinfo
 *(.debug_macinfo)
OUTPUT(ButtLoad.elf elf32-avr)
LOAD linker stubs

.debug_ranges   0x00000000       0x40
 .debug_ranges  0x00000000        0xc Main.o
 .debug_ranges  0x0000000c       0x28 LCD_Driver.o
 .debug_ranges  0x00000034        0xc Timeout.o

Cross Reference Table

Symbol                                            File
AICI_InterpretPacket                              Main.o
AVRISPModeMessage                                 Main.o
AutoSleepTOValues                                 Main.o
CurrAddress                                       Main.o
DFSPIRoutinePointer                               Main.o
DF_CheckCorrectOnboardChip                        Main.o
DF_EnableDataflash                                Main.o
DataFlashProgMode                                 Main.o
DataflashInfo                                     Main.o
EEPROMVars                                        Timeout.o
FUNCSleepMode                                     Timeout.o
ISPCC_EnterChipProgrammingMode                    Main.o
LCD_Init                                          Main.o
LCD_puts                                          Main.o
LCD_puts_f                                        Main.o
MAIN_CrashProgram                                 RingBuff.o
OSCCAL_Calibrate                                  Main.o
PD_InterpretAVRISPPacket                          Main.o
PM_CreateProgrammingPackets                       Main.o
PM_GetStoredDataSize                              Main.o
PM_InterpretAVRISPPacket                          Main.o
PM_SendEraseCommand                               Main.o
PM_SendFuseLockBytes                              Main.o
PM_ShowStoredItemSizes                            Main.o
PacketBytes                                       Main.o
SPI_SPIInit                                       Main.o
SPI_SPITransmit                                   Main.o
SleepTimeOutTicks                                 Main.o
SyncErrorMessage                                  Main.o
TM_ShowTags                                       Main.o
TOUT_SetupSleepTimer                              Main.o
USART_Init                                        Main.o
USI_SPIInitMaster                                 Main.o
USI_SPIOff                                        Main.o
USI_SPITransmit                                   Main.o
V2P_RunStateMachine                               Main.o
__bad_interrupt                                   c:/winavr/bin/../lib/gcc/avr/4.1.1/../../../../avr/lib/avr5/crtm169.o
__bss_end                                         c:/winavr/bin/../lib/gcc/avr/4.1.1/avr5\libgcc.a(_clear_bss.o)
__bss_start                                       c:/winavr/bin/../lib/gcc/avr/4.1.1/avr5\libgcc.a(_clear_bss.o)
__data_end                                        c:/winavr/bin/../lib/gcc/avr/4.1.1/avr5\libgcc.a(_copy_data.o)
__data_load_start                                 c:/winavr/bin/../lib/gcc/avr/4.1.1/avr5\libgcc.a(_copy_data.o)
__data_start                                      c:/winavr/bin/../lib/gcc/avr/4.1.1/avr5\libgcc.a(_copy_data.o)
__do_clear_bss                                    c:/winavr/bin/../lib/gcc/avr/4.1.1/avr5\libgcc.a(_clear_bss.o)
                                                  TagManager.o
                                                  ProgramManager.o
                                                  AVRISPCommandInterpreter.o
                                                  ISPChipComm.o
                                                  V2Protocol.o
                                                  ProgDataflash.o
                                                  Timeout.o
                                                  RingBuff.o
                                                  Dataflash.o
                                                  USI.o
                                                  SPI.o
                                                  USART.o
                                                  LCD_Driver.o
                                                  OSCCal.o
                                                  Main.o
__do_copy_data                                    c:/winavr/bin/../lib/gcc/avr/4.1.1/avr5\libgcc.a(_copy_data.o)
                                                  TagManager.o
                                                  ProgramManager.o
                                                  AVRISPCommandInterpreter.o
                                                  ISPChipComm.o
                                                  V2Protocol.o
                                                  ProgDataflash.o
                                                  Timeout.o
                                                  RingBuff.o
                                                  Dataflash.o
                                                  USI.o
                                                  SPI.o
                                                  USART.o
                                                  LCD_Driver.o
                                                  OSCCal.o
                                                  Main.o
__eeprom_read_byte_1F2021                         c:/winavr/bin/../lib/gcc/avr/4.1.1/../../../../avr/lib/avr5\libc.a(ee_rb.1F2021.o)
                                                  Timeout.o
                                                  Main.o
__eeprom_write_byte_1F2021                        c:/winavr/bin/../lib/gcc/avr/4.1.1/../../../../avr/lib/avr5\libc.a(ee_wb.1F2021.o)
                                                  Main.o
__heap_end                                        c:/winavr/bin/../lib/gcc/avr/4.1.1/../../../../avr/lib/avr5/crtm169.o
__init                                            c:/winavr/bin/../lib/gcc/avr/4.1.1/../../../../avr/lib/avr5/crtm169.o
__stack                                           c:/winavr/bin/../lib/gcc/avr/4.1.1/../../../../avr/lib/avr5/crtm169.o
__vector_1                                        c:/winavr/bin/../lib/gcc/avr/4.1.1/../../../../avr/lib/avr5/crtm169.o
__vector_10                                       USIInterrupt.o
                                                  c:/winavr/bin/../lib/gcc/avr/4.1.1/../../../../avr/lib/avr5/crtm169.o
__vector_11                                       c:/winavr/bin/../lib/gcc/avr/4.1.1/../../../../avr/lib/avr5/crtm169.o
__vector_12                                       c:/winavr/bin/../lib/gcc/avr/4.1.1/../../../../avr/lib/avr5/crtm169.o
__vector_13                                       RingBuff.o
                                                  c:/winavr/bin/../lib/gcc/avr/4.1.1/../../../../avr/lib/avr5/crtm169.o
__vector_14                                       c:/winavr/bin/../lib/gcc/avr/4.1.1/../../../../avr/lib/avr5/crtm169.o
__vector_15                                       c:/winavr/bin/../lib/gcc/avr/4.1.1/../../../../avr/lib/avr5/crtm169.o
__vector_16                                       c:/winavr/bin/../lib/gcc/avr/4.1.1/../../../../avr/lib/avr5/crtm169.o
__vector_17                                       USI.o
                                                  c:/winavr/bin/../lib/gcc/avr/4.1.1/../../../../avr/lib/avr5/crtm169.o
__vector_18                                       c:/winavr/bin/../lib/gcc/avr/4.1.1/../../../../avr/lib/avr5/crtm169.o
__vector_19                                       c:/winavr/bin/../lib/gcc/avr/4.1.1/../../../../avr/lib/avr5/crtm169.o
__vector_2                                        JoystickInterrupt.o
                                                  c:/winavr/bin/../lib/gcc/avr/4.1.1/../../../../avr/lib/avr5/crtm169.o
__vector_20                                       c:/winavr/bin/../lib/gcc/avr/4.1.1/../../../../avr/lib/avr5/crtm169.o
__vector_21                                       c:/winavr/bin/../lib/gcc/avr/4.1.1/../../../../avr/lib/avr5/crtm169.o
__vector_22                                       LCD_Driver.o
                                                  c:/winavr/bin/../lib/gcc/avr/4.1.1/../../../../avr/lib/avr5/crtm169.o
__vector_3                                        Main.o
                                                  c:/winavr/bin/../lib/gcc/avr/4.1.1/../../../../avr/lib/avr5/crtm169.o
                                                  JoystickInterrupt.o
__vector_4                                        Timeout.o
                                                  c:/winavr/bin/../lib/gcc/avr/4.1.1/../../../../avr/lib/avr5/crtm169.o
__vector_5                                        OSCCal.o
                                                  c:/winavr/bin/../lib/gcc/avr/4.1.1/../../../../avr/lib/avr5/crtm169.o
__vector_6                                        c:/winavr/bin/../lib/gcc/avr/4.1.1/../../../../avr/lib/avr5/crtm169.o
__vector_7                                        c:/winavr/bin/../lib/gcc/avr/4.1.1/../../../../avr/lib/avr5/crtm169.o
__vector_8                                        c:/winavr/bin/../lib/gcc/avr/4.1.1/../../../../avr/lib/avr5/crtm169.o
__vector_9                                        Timeout.o
                                                  c:/winavr/bin/../lib/gcc/avr/4.1.1/../../../../avr/lib/avr5/crtm169.o
__vector_default                                  Main.o
                                                  c:/winavr/bin/../lib/gcc/avr/4.1.1/../../../../avr/lib/avr5/crtm169.o
__vectors                                         c:/winavr/bin/../lib/gcc/avr/4.1.1/../../../../avr/lib/avr5/crtm169.o
_exit                                             c:/winavr/bin/../lib/gcc/avr/4.1.1/avr5\libgcc.a(_exit.o)
exit                                              c:/winavr/bin/../lib/gcc/avr/4.1.1/avr5\libgcc.a(_exit.o)
                                                  c:/winavr/bin/../lib/gcc/avr/4.1.1/../../../../avr/lib/avr5/crtm169.o
main                                              Main.o
                                                  c:/winavr/bin/../lib/gcc/avr/4.1.1/../../../../avr/lib/avr5/crtm169.o
strcpy_P                                          c:/winavr/bin/../lib/gcc/avr/4.1.1/../../../../avr/lib/avr5\libc.a(strcpy_P.o)
                                                  Main.o
