Archive member included because of file (symbol)

c:/winavr/bin/../lib/gcc/avr/4.1.1/avr5\libgcc.a(_exit.o)
                              c:/winavr/bin/../lib/gcc/avr/4.1.1/../../../../avr/lib/avr5/crtm169.o (exit)
c:/winavr/bin/../lib/gcc/avr/4.1.1/avr5\libgcc.a(_copy_data.o)
                              Main.o (__do_copy_data)
c:/winavr/bin/../lib/gcc/avr/4.1.1/avr5\libgcc.a(_clear_bss.o)
                              Main.o (__do_clear_bss)
c:/winavr/bin/../lib/gcc/avr/4.1.1/../../../../avr/lib/avr5\libc.a(strcpy_P.o)
                              Main.o (strcpy_P)
c:/winavr/bin/../lib/gcc/avr/4.1.1/../../../../avr/lib/avr5\libc.a(ultoa.o)
                              ProgramManager.o (ultoa)
c:/winavr/bin/../lib/gcc/avr/4.1.1/../../../../avr/lib/avr5\libc.a(ee_rb.1F2021.o)
                              Main.o (__eeprom_read_byte_1F2021)
c:/winavr/bin/../lib/gcc/avr/4.1.1/../../../../avr/lib/avr5\libc.a(ee_rblk.1F2021.o)
                              ProgramManager.o (__eeprom_read_block_1F2021)
c:/winavr/bin/../lib/gcc/avr/4.1.1/../../../../avr/lib/avr5\libc.a(ee_rw.1F2021.o)
                              ProgramManager.o (__eeprom_read_word_1F2021)
c:/winavr/bin/../lib/gcc/avr/4.1.1/../../../../avr/lib/avr5\libc.a(ee_wb.1F2021.o)
                              Main.o (__eeprom_write_byte_1F2021)
c:/winavr/bin/../lib/gcc/avr/4.1.1/../../../../avr/lib/avr5\libc.a(ee_ww.1F2021.o)
                              ProgramManager.o (__eeprom_write_word_1F2021)
c:/winavr/bin/../lib/gcc/avr/4.1.1/../../../../avr/lib/avr5\libc.a(ee_wblk.1F2021.o)
                              ProgramManager.o (__eeprom_write_block_1F2021)
c:/winavr/bin/../lib/gcc/avr/4.1.1/../../../../avr/lib/avr5\libc.a(strrev.o)
                              c:/winavr/bin/../lib/gcc/avr/4.1.1/../../../../avr/lib/avr5\libc.a(ultoa.o) (strrev)
c:/winavr/bin/../lib/gcc/avr/4.1.1/avr5\libgcc.a(_udivmodsi4.o)
                              c:/winavr/bin/../lib/gcc/avr/4.1.1/../../../../avr/lib/avr5\libc.a(ultoa.o) (__udivmodsi4)

Allocating common symbols
Common symbol       size              file

TransferComplete    0x1               USI.o
RingBuffer          0x40              RingBuff.o
StoreLoc            0x2               RingBuff.o
RetrieveLoc         0x2               RingBuff.o
storedUSIDR         0x1               USI.o
BuffElements        0x1               RingBuff.o

Discarded input sections

 .stabstr       0x00000000        0x0 JoystickInterrupt.o
 .stabstr       0x00000000        0x0 USIInterrupt.o

Memory Configuration

Name             Origin             Length             Attributes
text             0x00000000         0x00020000         xr
data             0x00800060         0x0000ffa0         rw !x
eeprom           0x00810000         0x00010000         rw !x
*default*        0x00000000         0xffffffff

Linker script and memory map

Address of section .data set to 0x800100
LOAD c:/winavr/bin/../lib/gcc/avr/4.1.1/../../../../avr/lib/avr5/crtm169.o
LOAD Main.o
LOAD OSCCal.o
LOAD LCD_Driver.o
LOAD USART.o
LOAD SPI.o
LOAD USI.o
LOAD Dataflash.o
LOAD RingBuff.o
LOAD Timeout.o
LOAD ProgDataflash.o
LOAD V2Protocol.o
LOAD ISPChipComm.o
LOAD AVRISPCommandInterpreter.o
LOAD ProgramManager.o
LOAD TagManager.o
LOAD JoystickInterrupt.o
LOAD USIInterrupt.o
LOAD c:/winavr/bin/../lib/gcc/avr/4.1.1/../../../../avr/lib/avr5\libm.a
LOAD c:/winavr/bin/../lib/gcc/avr/4.1.1/avr5\libgcc.a
LOAD c:/winavr/bin/../lib/gcc/avr/4.1.1/../../../../avr/lib/avr5\libc.a
LOAD c:/winavr/bin/../lib/gcc/avr/4.1.1/avr5\libgcc.a

.hash
 *(.hash)

.dynsym
 *(.dynsym)

.dynstr
 *(.dynstr)

.gnu.version
 *(.gnu.version)

.gnu.version_d
 *(.gnu.version_d)

.gnu.version_r
 *(.gnu.version_r)

.rel.init
 *(.rel.init)

.rela.init
 *(.rela.init)

.rel.text
 *(.rel.text)
 *(.rel.text.*)
 *(.rel.gnu.linkonce.t*)

.rela.text
 *(.rela.text)
 *(.rela.text.*)
 *(.rela.gnu.linkonce.t*)

.rel.fini
 *(.rel.fini)

.rela.fini
 *(.rela.fini)

.rel.rodata
 *(.rel.rodata)
 *(.rel.rodata.*)
 *(.rel.gnu.linkonce.r*)

.rela.rodata
 *(.rela.rodata)
 *(.rela.rodata.*)
 *(.rela.gnu.linkonce.r*)

.rel.data
 *(.rel.data)
 *(.rel.data.*)
 *(.rel.gnu.linkonce.d*)

.rela.data
 *(.rela.data)
 *(.rela.data.*)
 *(.rela.gnu.linkonce.d*)

.rel.ctors
 *(.rel.ctors)

.rela.ctors
 *(.rela.ctors)

.rel.dtors
 *(.rel.dtors)

.rela.dtors
 *(.rela.dtors)

.rel.got
 *(.rel.got)

.rela.got
 *(.rela.got)

.rel.bss
 *(.rel.bss)

.rela.bss
 *(.rela.bss)

.rel.plt
 *(.rel.plt)

.rela.plt
 *(.rela.plt)

.text           0x00000000     0x34de
 *(.vectors)
 .vectors       0x00000000       0x5c c:/winavr/bin/../lib/gcc/avr/4.1.1/../../../../avr/lib/avr5/crtm169.o
                0x00000000                __vectors
 *(.vectors)
 *(.progmem.gcc*)
 *(.progmem*)
 .progmem.data  0x0000005c      0x2b4 Main.o
                0x00000103                MainFunctionNames
                0x00000195                PRG_A
                0x00000079                BUTTTAG_Author
                0x000001b7                PRG_DE
                0x000000ba                Func_STOREPRGM
                0x0000008c                BUTTTAG_Copyright
                0x000000d1                Func_PRGMDATAFLASH
                0x000000f8                Func_SLEEP
                0x000000ae                Func_ISPPRGM
                0x0000005c                BUTTTAG_Title
                0x000001a1                PRG_D
                0x0000017d                SettingFunctionNames
                0x000001ab                PRG_E
                0x000000a7                WaitText
                0x000001fb                PRG_C
                0x0000012c                SFunc_SETSPISPEED
                0x000001e7                PRG_FL
                0x000000ef                Func_SETTINGS
                0x00000216                USISpeeds
                0x0000016a                SFunc_GOBOOTLOADER
                0x0000023e                SIFONames
                0x000001c7                PRG_F
                0x0000013a                SFunc_SETFIRMMINOR
                0x000000c5                Func_PRGMAVR
                0x0000014b                SFunc_SETAUTOSLEEPTO
                0x00000070                BUTTTAG_Version
                0x000001d7                PRG_L
                0x00000206                ProgOptions
                0x00000189                SettingFunctionPtrs
                0x0000011f                SFunc_SETCONTRAST
                0x000000e0                Func_PRGMSTOREINFO
                0x0000009f                AboutTextPtrs
                0x00000111                MainFunctionPtrs
                0x0000015d                SFunc_CLEARMEM
 .progmem.data  0x00000310       0x6c LCD_Driver.o
 .progmem.data  0x0000037c        0x8 USI.o
                0x0000037c                USIPSValues
 .progmem.data  0x00000384       0x38 Dataflash.o
                0x0000039c                DF_Pages
                0x000003ac                DataFlashError
                0x0000038c                DF_PageSize
                0x00000384                DF_PageBits
 .progmem.data  0x000003bc        0xe RingBuff.o
 .progmem.data  0x000003ca        0x5 Timeout.o
                0x000003ca                AutoSleepTOValues
 .progmem.data  0x000003cf       0x11 ProgDataflash.o
                0x000003cf                DataFlashProgMode
 .progmem.data  0x000003e0       0x20 V2Protocol.o
                0x000003eb                ButtLoadData
                0x000003e0                SignonResponse
 .progmem.data  0x00000400        0xb ISPChipComm.o
                0x00000400                SyncErrorMessage
 .progmem.data  0x0000040b       0x10 AVRISPCommandInterpreter.o
                0x0000040b                AVRISPModeMessage
 .progmem.data  0x0000041b       0x18 ProgramManager.o
 .progmem.data  0x00000433        0x8 TagManager.o
                0x0000043c                . = ALIGN (0x2)
 *fill*         0x0000043b        0x1 00
                0x0000043c                __trampolines_start = .
 *(.trampolines)
 .trampolines   0x0000043c        0x0 linker stubs
 *(.trampolines*)
                0x0000043c                __trampolines_end = .
 *(.jumptables)
 *(.jumptables*)
 *(.lowtext)
 *(.lowtext*)
                0x0000043c                __ctors_start = .
 *(.ctors)
                0x0000043c                __ctors_end = .
                0x0000043c                __dtors_start = .
 *(.dtors)
                0x0000043c                __dtors_end = .
 SORT(*)(.ctors)
 SORT(*)(.dtors)
 *(.init0)
 .init0         0x0000043c        0x0 c:/winavr/bin/../lib/gcc/avr/4.1.1/../../../../avr/lib/avr5/crtm169.o
                0x0000043c                __init
 *(.init0)
 *(.init1)
 *(.init1)
 *(.init2)
 .init2         0x0000043c        0xc c:/winavr/bin/../lib/gcc/avr/4.1.1/../../../../avr/lib/avr5/crtm169.o
 *(.init2)
 *(.init3)
 *(.init3)
 *(.init4)
 .init4         0x00000448       0x16 c:/winavr/bin/../lib/gcc/avr/4.1.1/avr5\libgcc.a(_copy_data.o)
                0x00000448                __do_copy_data
 .init4         0x0000045e       0x10 c:/winavr/bin/../lib/gcc/avr/4.1.1/avr5\libgcc.a(_clear_bss.o)
                0x0000045e                __do_clear_bss
 *(.init4)
 *(.init5)
 *(.init5)
 *(.init6)
 *(.init6)
 *(.init7)
 *(.init7)
 *(.init8)
 *(.init8)
 *(.init9)
 .init9         0x0000046e        0x8 c:/winavr/bin/../lib/gcc/avr/4.1.1/../../../../avr/lib/avr5/crtm169.o
 *(.init9)
 *(.text)
 .text          0x00000476        0x4 c:/winavr/bin/../lib/gcc/avr/4.1.1/../../../../avr/lib/avr5/crtm169.o
                0x00000476                __vector_1
                0x00000476                __vector_12
                0x00000476                __bad_interrupt
                0x00000476                __vector_6
                0x00000476                __vector_11
                0x00000476                __vector_19
                0x00000476                __vector_7
                0x00000476                __vector_21
                0x00000476                __vector_15
                0x00000476                __vector_8
                0x00000476                __vector_14
                0x00000476                __vector_16
                0x00000476                __vector_18
                0x00000476                __vector_20
 .text          0x0000047a      0xa8a Main.o
                0x00000d7c                FUNCSetContrast
                0x00000e7a                FUNCSetFirmMinorVer
                0x00000560                FUNCSleepMode
                0x00000962                FUNCProgramAVR
                0x000004d0                MAIN_WaitForJoyRelease
                0x00000724                MAIN_ShowError
                0x00000d26                FUNCClearMem
                0x00000522                __vector_3
                0x000004e4                MAIN_IntToStr
                0x000005f6                FUNCChangeSettings
                0x00000900                FUNCProgramDataflash
                0x0000086a                FUNCStoreProgram
                0x0000048e                MAIN_Delay1MS
                0x00000e14                FUNCSetISPSpeed
                0x000008ce                FUNCAVRISPMode
                0x00000814                __vector_default
                0x00000770                FUNCStorageInfo
                0x00000c0c                main
                0x000004a2                MAIN_ResetCSLine
                0x00000660                FUNCSetAutoSleepTimeOut
                0x0000081e                MAIN_ShowProgType
                0x0000047a                MAIN_Delay10MS
                0x00000586                FUNCGoBootloader
                0x000005a6                FUNCShowAbout
 .text          0x00000f04      0x10c OSCCal.o
                0x00000fc2                __vector_5
                0x00000f04                OSCCAL_Calibrate
 .text          0x00001010      0x236 LCD_Driver.o
                0x00001108                __vector_22
                0x00001204                LCD_puts_f
                0x000010a8                LCD_WriteChar
                0x0000102a                LCD_puts
                0x00001010                LCD_Init
 .text          0x00001246       0x4a USART.o
                0x00001246                USART_Tx
                0x0000126e                USART_Init
                0x00001256                USART_Rx
 .text          0x00001290       0x40 SPI.o
                0x000012a4                SPI_SPITransmit
                0x00001290                SPI_SPIInit
                0x000012b2                SPI_SPITransmitWord
 .text          0x000012d0      0x118 USI.o
                0x0000130e                USI_SPIOff
                0x00001348                USI_SPITransmitWord
                0x00001364                USI_SPISetSpeed
                0x000012d0                __vector_17
                0x000013b8                USI_SPIToggleClock
                0x00001398                USI_SPIInitMaster
                0x00001322                USI_SPITransmit
 .text          0x000013e8      0x300 Dataflash.o
                0x0000150e                DF_WaitWhileBusy
                0x000016b8                DF_CheckCorrectOnboardChip
                0x00001456                DF_ContinuousReadEnable
                0x00001582                DF_CopyFlashPageToBuffer
                0x0000163e                DF_GetChipCharacteristics
                0x000013e8                DF_EnableDataflash
                0x0000153c                DF_EraseBlock
                0x0000140c                DF_ReadBufferByte
                0x000014cc                DF_BufferWriteEnable
                0x000015e0                DF_CopyBufferToFlashPage
 .text          0x000016e8       0xf0 RingBuff.o
                0x000016e8                BUFF_InitialiseBuffer
                0x00001744                __vector_13
                0x00001702                BUFF_GetBuffByte
 .text          0x000017d8      0x12c Timeout.o
                0x000017d8                __vector_4
                0x00001890                __vector_9
                0x0000180e                TOUT_SetupSleepTimer
 .text          0x00001904      0x39c ProgDataflash.o
                0x00001904                PD_SetupDFAddressCounters
                0x00001974                PD_StoreDataflashByte
                0x000019d2                PD_InterpretAVRISPPacket
 .text          0x00001ca0      0x50c V2Protocol.o
                0x00001d54                V2P_SendPacket
                0x00001ef8                V2P_RunStateMachine
                0x00001ca0                V2P_GetChecksum
                0x00001d02                V2P_CheckForExtendedAddress
                0x00001cda                V2P_IncrementCurrAddress
                0x00001dc8                V2P_GetSetParamater
 .text          0x000021ac      0x35c ISPChipComm.o
                0x000021ac                ISPCC_PollForProgComplete
                0x00002446                ISPCC_EnterChipProgrammingMode
                0x00002242                ISPCC_ProgramChip
 .text          0x00002508      0x2b8 AVRISPCommandInterpreter.o
                0x00002508                AICI_InterpretPacket
 .text          0x000027c0      0xa72 ProgramManager.o
                0x000027c0                PM_SetupDFAddressCounters
                0x000029dc                PM_SendFuseLockBytes
                0x0000290a                PM_GetStoredDataSize
                0x00002ab0                PM_CreateProgrammingPackets
                0x00002836                PM_CheckEndOfFuseLockData
                0x00002dce                PM_InterpretAVRISPPacket
                0x00002a58                PM_SendEraseCommand
                0x00002974                PM_StoreProgramByte
                0x00002ce6                PM_ShowStoredItemSizes
 .text          0x00003232      0x18e TagManager.o
                0x00003372                TM_ShowTags
                0x00003232                TM_FindNextTag
 .text          0x000033c0        0x4 JoystickInterrupt.o
                0x000033c0                __vector_2
 .text          0x000033c4        0xc USIInterrupt.o
                0x000033c4                __vector_10
 .text          0x000033d0        0x0 c:/winavr/bin/../lib/gcc/avr/4.1.1/avr5\libgcc.a(_exit.o)
 .text          0x000033d0        0x0 c:/winavr/bin/../lib/gcc/avr/4.1.1/avr5\libgcc.a(_copy_data.o)
 .text          0x000033d0        0x0 c:/winavr/bin/../lib/gcc/avr/4.1.1/avr5\libgcc.a(_clear_bss.o)
 .text          0x000033d0        0xe c:/winavr/bin/../lib/gcc/avr/4.1.1/../../../../avr/lib/avr5\libc.a(strcpy_P.o)
                0x000033d0                strcpy_P
 .text          0x000033de       0x4a c:/winavr/bin/../lib/gcc/avr/4.1.1/../../../../avr/lib/avr5\libc.a(ultoa.o)
                0x000033de                ultoa
 .text          0x00003428        0x0 c:/winavr/bin/../lib/gcc/avr/4.1.1/../../../../avr/lib/avr5\libc.a(ee_rb.1F2021.o)
 .text          0x00003428        0x0 c:/winavr/bin/../lib/gcc/avr/4.1.1/../../../../avr/lib/avr5\libc.a(ee_rblk.1F2021.o)
 .text          0x00003428        0x0 c:/winavr/bin/../lib/gcc/avr/4.1.1/../../../../avr/lib/avr5\libc.a(ee_rw.1F2021.o)
 .text          0x00003428        0x0 c:/winavr/bin/../lib/gcc/avr/4.1.1/../../../../avr/lib/avr5\libc.a(ee_wb.1F2021.o)
 .text          0x00003428        0x0 c:/winavr/bin/../lib/gcc/avr/4.1.1/../../../../avr/lib/avr5\libc.a(ee_ww.1F2021.o)
 .text          0x00003428        0x0 c:/winavr/bin/../lib/gcc/avr/4.1.1/../../../../avr/lib/avr5\libc.a(ee_wblk.1F2021.o)
 .text          0x00003428       0x20 c:/winavr/bin/../lib/gcc/avr/4.1.1/../../../../avr/lib/avr5\libc.a(strrev.o)
                0x00003428                strrev
 .text          0x00003448        0x0 c:/winavr/bin/../lib/gcc/avr/4.1.1/avr5\libgcc.a(_udivmodsi4.o)
                0x00003448                . = ALIGN (0x2)
 *(.text.*)
 .text.libgcc   0x00003448        0x0 c:/winavr/bin/../lib/gcc/avr/4.1.1/avr5\libgcc.a(_exit.o)
 .text.libgcc   0x00003448        0x0 c:/winavr/bin/../lib/gcc/avr/4.1.1/avr5\libgcc.a(_copy_data.o)
 .text.libgcc   0x00003448        0x0 c:/winavr/bin/../lib/gcc/avr/4.1.1/avr5\libgcc.a(_clear_bss.o)
 .text.eeprom   0x00003448       0x10 c:/winavr/bin/../lib/gcc/avr/4.1.1/../../../../avr/lib/avr5\libc.a(ee_rb.1F2021.o)
                0x00003448                __eeprom_read_byte_1F2021
 .text.eeprom   0x00003458        0xa c:/winavr/bin/../lib/gcc/avr/4.1.1/../../../../avr/lib/avr5\libc.a(ee_rblk.1F2021.o)
                0x00003458                __eeprom_read_block_1F2021
 .text.eeprom   0x00003462        0xa c:/winavr/bin/../lib/gcc/avr/4.1.1/../../../../avr/lib/avr5\libc.a(ee_rw.1F2021.o)
                0x00003462                __eeprom_read_word_1F2021
 .text.eeprom   0x0000346c       0x18 c:/winavr/bin/../lib/gcc/avr/4.1.1/../../../../avr/lib/avr5\libc.a(ee_wb.1F2021.o)
                0x0000346c                __eeprom_write_byte_1F2021
 .text.eeprom   0x00003484        0xa c:/winavr/bin/../lib/gcc/avr/4.1.1/../../../../avr/lib/avr5\libc.a(ee_ww.1F2021.o)
                0x00003484                __eeprom_write_word_1F2021
 .text.eeprom   0x0000348e        0xa c:/winavr/bin/../lib/gcc/avr/4.1.1/../../../../avr/lib/avr5\libc.a(ee_wblk.1F2021.o)
                0x0000348e                __eeprom_write_block_1F2021
 .text.libgcc   0x00003498       0x44 c:/winavr/bin/../lib/gcc/avr/4.1.1/avr5\libgcc.a(_udivmodsi4.o)
                0x00003498                __udivmodsi4
                0x000034dc                . = ALIGN (0x2)
 *(.fini9)
 .fini9         0x000034dc        0x0 c:/winavr/bin/../lib/gcc/avr/4.1.1/avr5\libgcc.a(_exit.o)
                0x000034dc                exit
                0x000034dc                _exit
 *(.fini9)
 *(.fini8)
 *(.fini8)
 *(.fini7)
 *(.fini7)
 *(.fini6)
 *(.fini6)
 *(.fini5)
 *(.fini5)
 *(.fini4)
 *(.fini4)
 *(.fini3)
 *(.fini3)
 *(.fini2)
 *(.fini2)
 *(.fini1)
 *(.fini1)
 *(.fini0)
 .fini0         0x000034dc        0x2 c:/winavr/bin/../lib/gcc/avr/4.1.1/avr5\libgcc.a(_exit.o)
 *(.fini0)
                0x000034de                _etext = .

.data           0x00800100        0x4 load address 0x000034de
                0x00800100                PROVIDE (__data_start, .)
 *(.data)
 .data          0x00800100        0x0 c:/winavr/bin/../lib/gcc/avr/4.1.1/../../../../avr/lib/avr5/crtm169.o
 .data          0x00800100        0x0 Main.o
 .data          0x00800100        0x0 OSCCal.o
 .data          0x00800100        0x0 LCD_Driver.o
 .data          0x00800100        0x0 USART.o
 .data          0x00800100        0x0 SPI.o
 .data          0x00800100        0x0 USI.o
 .data          0x00800100        0x2 Dataflash.o
                0x00800100                DFSPIRoutinePointer
 .data          0x00800102        0x0 RingBuff.o
 .data          0x00800102        0x0 Timeout.o
 .data          0x00800102        0x0 ProgDataflash.o
 .data          0x00800102        0x2 V2Protocol.o
                0x00800102                InterpretPacketRoutine
 .data          0x00800104        0x0 ISPChipComm.o
 .data          0x00800104        0x0 AVRISPCommandInterpreter.o
 .data          0x00800104        0x0 ProgramManager.o
 .data          0x00800104        0x0 TagManager.o
 .data          0x00800104        0x0 JoystickInterrupt.o
 .data          0x00800104        0x0 USIInterrupt.o
 .data          0x00800104        0x0 c:/winavr/bin/../lib/gcc/avr/4.1.1/avr5\libgcc.a(_exit.o)
 .data          0x00800104        0x0 c:/winavr/bin/../lib/gcc/avr/4.1.1/avr5\libgcc.a(_copy_data.o)
 .data          0x00800104        0x0 c:/winavr/bin/../lib/gcc/avr/4.1.1/avr5\libgcc.a(_clear_bss.o)
 .data          0x00800104        0x0 c:/winavr/bin/../lib/gcc/avr/4.1.1/../../../../avr/lib/avr5\libc.a(strcpy_P.o)
 .data          0x00800104        0x0 c:/winavr/bin/../lib/gcc/avr/4.1.1/../../../../avr/lib/avr5\libc.a(ultoa.o)
 .data          0x00800104        0x0 c:/winavr/bin/../lib/gcc/avr/4.1.1/../../../../avr/lib/avr5\libc.a(ee_rb.1F2021.o)
 .data          0x00800104        0x0 c:/winavr/bin/../lib/gcc/avr/4.1.1/../../../../avr/lib/avr5\libc.a(ee_rblk.1F2021.o)
 .data          0x00800104        0x0 c:/winavr/bin/../lib/gcc/avr/4.1.1/../../../../avr/lib/avr5\libc.a(ee_rw.1F2021.o)
 .data          0x00800104        0x0 c:/winavr/bin/../lib/gcc/avr/4.1.1/../../../../avr/lib/avr5\libc.a(ee_wb.1F2021.o)
 .data          0x00800104        0x0 c:/winavr/bin/../lib/gcc/avr/4.1.1/../../../../avr/lib/avr5\libc.a(ee_ww.1F2021.o)
 .data          0x00800104        0x0 c:/winavr/bin/../lib/gcc/avr/4.1.1/../../../../avr/lib/avr5\libc.a(ee_wblk.1F2021.o)
 .data          0x00800104        0x0 c:/winavr/bin/../lib/gcc/avr/4.1.1/../../../../avr/lib/avr5\libc.a(strrev.o)
 .data          0x00800104        0x0 c:/winavr/bin/../lib/gcc/avr/4.1.1/avr5\libgcc.a(_udivmodsi4.o)
 *(.data*)
 *(.rodata)
 *(.rodata*)
 *(.gnu.linkonce.d*)
                0x00800104                . = ALIGN (0x2)
                0x00800104                _edata = .
                0x00800104                PROVIDE (__data_end, .)

.bss            0x00800104      0x1b4
                0x00800104                PROVIDE (__bss_start, .)
 *(.bss)
 .bss           0x00800104        0x0 c:/winavr/bin/../lib/gcc/avr/4.1.1/../../../../avr/lib/avr5/crtm169.o
 .bss           0x00800104        0x0 Main.o
 .bss           0x00800104        0x2 OSCCal.o
                0x00800104                ActualCount
 .bss           0x00800106       0x35 LCD_Driver.o
 .bss           0x0080013b        0x0 USART.o
 .bss           0x0080013b        0x0 SPI.o
 .bss           0x0080013b        0x0 USI.o
 .bss           0x0080013b        0xa Dataflash.o
                0x0080013f                UseExernalDF
                0x0080013d                CurrBuffByte
                0x00800140                DataflashInfo
                0x0080013b                CurrPageAddress
 .bss           0x00800145        0x0 RingBuff.o
 .bss           0x00800145        0x6 Timeout.o
                0x00800146                PacketTimeOut
                0x00800149                TicksBeforeAutoSleep
                0x00800145                PacketTimeOutTicks
                0x00800147                SleepTimeOutTicks
 .bss           0x0080014b        0x0 ProgDataflash.o
 .bss           0x0080014b      0x11d V2Protocol.o
                0x00800263                CurrAddress
                0x0080025e                SequenceNum
                0x00800260                MessageSize
                0x00800267                Param_ControllerInit
                0x00800262                InProgrammingMode
                0x0080014b                PacketBytes
 .bss           0x00800268        0x0 ISPChipComm.o
 .bss           0x00800268        0x0 AVRISPCommandInterpreter.o
 .bss           0x00800268        0x4 ProgramManager.o
                0x00800268                MemoryType
                0x0080026a                GPageLength
                0x00800269                CurrentMode
 .bss           0x0080026c        0x5 TagManager.o
                0x0080026c                TagExists
                0x0080026d                DFPos
 .bss           0x00800271        0x0 JoystickInterrupt.o
 .bss           0x00800271        0x0 USIInterrupt.o
 .bss           0x00800271        0x0 c:/winavr/bin/../lib/gcc/avr/4.1.1/avr5\libgcc.a(_exit.o)
 .bss           0x00800271        0x0 c:/winavr/bin/../lib/gcc/avr/4.1.1/avr5\libgcc.a(_copy_data.o)
 .bss           0x00800271        0x0 c:/winavr/bin/../lib/gcc/avr/4.1.1/avr5\libgcc.a(_clear_bss.o)
 .bss           0x00800271        0x0 c:/winavr/bin/../lib/gcc/avr/4.1.1/../../../../avr/lib/avr5\libc.a(strcpy_P.o)
 .bss           0x00800271        0x0 c:/winavr/bin/../lib/gcc/avr/4.1.1/../../../../avr/lib/avr5\libc.a(ultoa.o)
 .bss           0x00800271        0x0 c:/winavr/bin/../lib/gcc/avr/4.1.1/../../../../avr/lib/avr5\libc.a(ee_rb.1F2021.o)
 .bss           0x00800271        0x0 c:/winavr/bin/../lib/gcc/avr/4.1.1/../../../../avr/lib/avr5\libc.a(ee_rblk.1F2021.o)
 .bss           0x00800271        0x0 c:/winavr/bin/../lib/gcc/avr/4.1.1/../../../../avr/lib/avr5\libc.a(ee_rw.1F2021.o)
 .bss           0x00800271        0x0 c:/winavr/bin/../lib/gcc/avr/4.1.1/../../../../avr/lib/avr5\libc.a(ee_wb.1F2021.o)
 .bss           0x00800271        0x0 c:/winavr/bin/../lib/gcc/avr/4.1.1/../../../../avr/lib/avr5\libc.a(ee_ww.1F2021.o)
 .bss           0x00800271        0x0 c:/winavr/bin/../lib/gcc/avr/4.1.1/../../../../avr/lib/avr5\libc.a(ee_wblk.1F2021.o)
 .bss           0x00800271        0x0 c:/winavr/bin/../lib/gcc/avr/4.1.1/../../../../avr/lib/avr5\libc.a(strrev.o)
 .bss           0x00800271        0x0 c:/winavr/bin/../lib/gcc/avr/4.1.1/avr5\libgcc.a(_udivmodsi4.o)
 *(.bss*)
 *(COMMON)
 COMMON         0x00800271        0x2 USI.o
                0x00800271                TransferComplete
                0x00800272                storedUSIDR
 COMMON         0x00800273       0x45 RingBuff.o
                0x00800273                RingBuffer
                0x008002b3                StoreLoc
                0x008002b5                RetrieveLoc
                0x008002b7                BuffElements
                0x008002b8                PROVIDE (__bss_end, .)
                0x000034de                __data_load_start = LOADADDR (.data)
                0x000034e2                __data_load_end = (__data_load_start + SIZEOF (.data))

.noinit         0x008002b8        0x0
                0x008002b8                PROVIDE (__noinit_start, .)
 *(.noinit*)
                0x008002b8                PROVIDE (__noinit_end, .)
                0x008002b8                _end = .
                0x008002b8                PROVIDE (__heap_start, .)

.eeprom         0x00810000       0x8a
 *(.eeprom*)
 .eeprom        0x00810000       0x8a Main.o
                0x00810000                EEPROMVars
                0x0081008a                __eeprom_end = .

.stab           0x00000000       0x84
 *(.stab)
 .stab          0x00000000       0x30 JoystickInterrupt.o
 .stab          0x00000030       0x54 USIInterrupt.o
                                 0x60 (size before relaxing)

.stabstr        0x00000000       0x78
 *(.stabstr)
 .stabstr       0x00000000       0x78 JoystickInterrupt.o

.stab.excl
 *(.stab.excl)

.stab.exclstr
 *(.stab.exclstr)

.stab.index
 *(.stab.index)

.stab.indexstr
 *(.stab.indexstr)

.comment
 *(.comment)

.debug
 *(.debug)

.line
 *(.line)

.debug_srcinfo
 *(.debug_srcinfo)

.debug_sfnames
 *(.debug_sfnames)

.debug_aranges  0x00000000      0x12c
 *(.debug_aranges)
 .debug_aranges
                0x00000000       0x14 Main.o
 .debug_aranges
                0x00000014       0x14 OSCCal.o
 .debug_aranges
                0x00000028       0x14 LCD_Driver.o
 .debug_aranges
                0x0000003c       0x14 USART.o
 .debug_aranges
                0x00000050       0x14 SPI.o
 .debug_aranges
                0x00000064       0x14 USI.o
 .debug_aranges
                0x00000078       0x14 Dataflash.o
 .debug_aranges
                0x0000008c       0x14 RingBuff.o
 .debug_aranges
                0x000000a0       0x14 Timeout.o
 .debug_aranges
                0x000000b4       0x14 ProgDataflash.o
 .debug_aranges
                0x000000c8       0x14 V2Protocol.o
 .debug_aranges
                0x000000dc       0x14 ISPChipComm.o
 .debug_aranges
                0x000000f0       0x14 AVRISPCommandInterpreter.o
 .debug_aranges
                0x00000104       0x14 ProgramManager.o
 .debug_aranges
                0x00000118       0x14 TagManager.o

.debug_pubnames
                0x00000000      0xd5f
 *(.debug_pubnames)
 .debug_pubnames
                0x00000000      0x455 Main.o
 .debug_pubnames
                0x00000455       0x46 OSCCal.o
 .debug_pubnames
                0x0000049b       0x5d LCD_Driver.o
 .debug_pubnames
                0x000004f8       0x3b USART.o
 .debug_pubnames
                0x00000533       0x4e SPI.o
 .debug_pubnames
                0x00000581       0xd3 USI.o
 .debug_pubnames
                0x00000654      0x1b2 Dataflash.o
 .debug_pubnames
                0x00000806       0x8e RingBuff.o
 .debug_pubnames
                0x00000894       0xb7 Timeout.o
 .debug_pubnames
                0x0000094b       0x7d ProgDataflash.o
 .debug_pubnames
                0x000009c8      0x154 V2Protocol.o
 .debug_pubnames
                0x00000b1c       0x7e ISPChipComm.o
 .debug_pubnames
                0x00000b9a       0x41 AVRISPCommandInterpreter.o
 .debug_pubnames
                0x00000bdb      0x137 ProgramManager.o
 .debug_pubnames
                0x00000d12       0x4d TagManager.o

.debug_info     0x00000000     0x42df
 *(.debug_info)
 .debug_info    0x00000000     0x13ee Main.o
 .debug_info    0x000013ee      0x1a4 OSCCal.o
 .debug_info    0x00001592      0x31c LCD_Driver.o
 .debug_info    0x000018ae      0x127 USART.o
 .debug_info    0x000019d5      0x14f SPI.o
 .debug_info    0x00001b24      0x226 USI.o
 .debug_info    0x00001d4a      0x468 Dataflash.o
 .debug_info    0x000021b2      0x195 RingBuff.o
 .debug_info    0x00002347      0x36f Timeout.o
 .debug_info    0x000026b6      0x2b8 ProgDataflash.o
 .debug_info    0x0000296e      0x5a9 V2Protocol.o
 .debug_info    0x00002f17      0x250 ISPChipComm.o
 .debug_info    0x00003167      0x423 AVRISPCommandInterpreter.o
 .debug_info    0x0000358a      0xba6 ProgramManager.o
 .debug_info    0x00004130      0x1af TagManager.o
 *(.gnu.linkonce.wi.*)

.debug_abbrev   0x00000000     0x1261
 *(.debug_abbrev)
 .debug_abbrev  0x00000000      0x281 Main.o
 .debug_abbrev  0x00000281       0xfb OSCCal.o
 .debug_abbrev  0x0000037c       0xda LCD_Driver.o
 .debug_abbrev  0x00000456       0xa8 USART.o
 .debug_abbrev  0x000004fe       0xdc SPI.o
 .debug_abbrev  0x000005da       0xfb USI.o
 .debug_abbrev  0x000006d5      0x12d Dataflash.o
 .debug_abbrev  0x00000802       0xd4 RingBuff.o
 .debug_abbrev  0x000008d6      0x139 Timeout.o
 .debug_abbrev  0x00000a0f      0x119 ProgDataflash.o
 .debug_abbrev  0x00000b28      0x1bd V2Protocol.o
 .debug_abbrev  0x00000ce5       0xdc ISPChipComm.o
 .debug_abbrev  0x00000dc1      0x12f AVRISPCommandInterpreter.o
 .debug_abbrev  0x00000ef0      0x292 ProgramManager.o
 .debug_abbrev  0x00001182       0xdf TagManager.o

.debug_line     0x00000000     0x330f
 *(.debug_line)
 .debug_line    0x00000000      0xaae Main.o
 .debug_line    0x00000aae      0x228 OSCCal.o
 .debug_line    0x00000cd6      0x2a9 LCD_Driver.o
 .debug_line    0x00000f7f      0x1ac USART.o
 .debug_line    0x0000112b      0x1ad SPI.o
 .debug_line    0x000012d8      0x24c USI.o
 .debug_line    0x00001524      0x332 Dataflash.o
 .debug_line    0x00001856      0x1cc RingBuff.o
 .debug_line    0x00001a22      0x1e2 Timeout.o
 .debug_line    0x00001c04      0x32f ProgDataflash.o
 .debug_line    0x00001f33      0x3e9 V2Protocol.o
 .debug_line    0x0000231c      0x353 ISPChipComm.o
 .debug_line    0x0000266f      0x328 AVRISPCommandInterpreter.o
 .debug_line    0x00002997      0x745 ProgramManager.o
 .debug_line    0x000030dc      0x233 TagManager.o

.debug_frame    0x00000000      0x4e0
 *(.debug_frame)
 .debug_frame   0x00000000      0x130 Main.o
 .debug_frame   0x00000130       0x28 OSCCal.o
 .debug_frame   0x00000158       0x4c LCD_Driver.o
 .debug_frame   0x000001a4       0x34 USART.o
 .debug_frame   0x000001d8       0x34 SPI.o
 .debug_frame   0x0000020c       0x64 USI.o
 .debug_frame   0x00000270       0x88 Dataflash.o
 .debug_frame   0x000002f8       0x34 RingBuff.o
 .debug_frame   0x0000032c       0x34 Timeout.o
 .debug_frame   0x00000360       0x34 ProgDataflash.o
 .debug_frame   0x00000394       0x58 V2Protocol.o
 .debug_frame   0x000003ec       0x34 ISPChipComm.o
 .debug_frame   0x00000420       0x1c AVRISPCommandInterpreter.o
 .debug_frame   0x0000043c       0x7c ProgramManager.o
 .debug_frame   0x000004b8       0x28 TagManager.o

.debug_str      0x00000000     0x1154
 *(.debug_str)
 .debug_str     0x00000000      0x70e Main.o
                                0x7d0 (size before relaxing)
 .debug_str     0x0000070e       0x57 OSCCal.o
                                0x1b4 (size before relaxing)
 .debug_str     0x00000765       0xfe LCD_Driver.o
                                0x245 (size before relaxing)
 .debug_str     0x00000863       0x4e USART.o
                                0x171 (size before relaxing)
 .debug_str     0x000008b1       0x36 SPI.o
                                0x15e (size before relaxing)
 .debug_str     0x000008e7       0xaf USI.o
                                0x1e4 (size before relaxing)
 .debug_str     0x00000996      0x18d Dataflash.o
                                0x318 (size before relaxing)
 .debug_str     0x00000b23       0x75 RingBuff.o
                                0x1ae (size before relaxing)
 .debug_str     0x00000b98       0x6b Timeout.o
                                0x2ff (size before relaxing)
 .debug_str     0x00000c03       0xbf ProgDataflash.o
                                0x285 (size before relaxing)
 .debug_str     0x00000cc2      0x109 V2Protocol.o
                                0x425 (size before relaxing)
 .debug_str     0x00000dcb       0xb8 ISPChipComm.o
                                0x24c (size before relaxing)
 .debug_str     0x00000e83       0x79 AVRISPCommandInterpreter.o
                                0x350 (size before relaxing)
 .debug_str     0x00000efc      0x1fe ProgramManager.o
                                0x50c (size before relaxing)
 .debug_str     0x000010fa       0x5a TagManager.o
                                0x19b (size before relaxing)

.debug_loc      0x00000000     0x114a
 *(.debug_loc)
 .debug_loc     0x00000000      0x436 Main.o
 .debug_loc     0x00000436       0x10 OSCCal.o
 .debug_loc     0x00000446       0xf0 LCD_Driver.o
 .debug_loc     0x00000536       0x12 USART.o
 .debug_loc     0x00000548       0x27 SPI.o
 .debug_loc     0x0000056f       0x61 USI.o
 .debug_loc     0x000005d0      0x10d Dataflash.o
 .debug_loc     0x000006dd       0x4b Timeout.o
 .debug_loc     0x00000728       0xa6 ProgDataflash.o
 .debug_loc     0x000007ce      0x102 V2Protocol.o
 .debug_loc     0x000008d0      0x116 ISPChipComm.o
 .debug_loc     0x000009e6      0x103 AVRISPCommandInterpreter.o
 .debug_loc     0x00000ae9      0x608 ProgramManager.o
 .debug_loc     0x000010f1       0x59 TagManager.o

.debug_macinfo
 *(.debug_macinfo)
OUTPUT(ButtLoad.elf elf32-avr)
LOAD linker stubs

.debug_ranges   0x00000000       0x60
 .debug_ranges  0x00000000        0xc Main.o
 .debug_ranges  0x0000000c        0xc LCD_Driver.o
 .debug_ranges  0x00000018        0xc Timeout.o
 .debug_ranges  0x00000024        0xc ProgDataflash.o
 .debug_ranges  0x00000030       0x18 ISPChipComm.o
 .debug_ranges  0x00000048       0x18 ProgramManager.o

Cross Reference Table

Symbol                                            File
AICI_InterpretPacket                              AVRISPCommandInterpreter.o
                                                  V2Protocol.o
                                                  Main.o
AVRISPModeMessage                                 AVRISPCommandInterpreter.o
                                                  Main.o
AboutTextPtrs                                     Main.o
ActualCount                                       OSCCal.o
AutoSleepTOValues                                 Timeout.o
                                                  Main.o
BUFF_GetBuffByte                                  RingBuff.o
                                                  USART.o
BUFF_InitialiseBuffer                             RingBuff.o
                                                  V2Protocol.o
                                                  USART.o
BUTTTAG_Author                                    Main.o
BUTTTAG_Copyright                                 Main.o
BUTTTAG_Title                                     Main.o
BUTTTAG_Version                                   Main.o
BuffElements                                      V2Protocol.o
                                                  RingBuff.o
                                                  USART.o
ButtLoadData                                      V2Protocol.o
CurrAddress                                       V2Protocol.o
                                                  ProgramManager.o
                                                  AVRISPCommandInterpreter.o
                                                  ISPChipComm.o
                                                  ProgDataflash.o
                                                  Main.o
CurrBuffByte                                      Dataflash.o
                                                  ProgramManager.o
                                                  ProgDataflash.o
CurrPageAddress                                   Dataflash.o
                                                  ProgramManager.o
                                                  ProgDataflash.o
CurrentMode                                       ProgramManager.o
DFPos                                             TagManager.o
DFSPIRoutinePointer                               Dataflash.o
                                                  Main.o
DF_BufferWriteEnable                              Dataflash.o
                                                  ProgramManager.o
                                                  ProgDataflash.o
DF_CheckCorrectOnboardChip                        Dataflash.o
                                                  Main.o
DF_ContinuousReadEnable                           Dataflash.o
                                                  TagManager.o
                                                  ProgramManager.o
DF_CopyBufferToFlashPage                          Dataflash.o
                                                  ProgramManager.o
                                                  ProgDataflash.o
DF_CopyFlashPageToBuffer                          Dataflash.o
                                                  ProgDataflash.o
DF_EnableDataflash                                Dataflash.o
                                                  TagManager.o
                                                  ProgramManager.o
                                                  ProgDataflash.o
                                                  Main.o
DF_EraseBlock                                     Dataflash.o
                                                  ProgDataflash.o
DF_GetChipCharacteristics                         Dataflash.o
                                                  ProgDataflash.o
DF_PageBits                                       Dataflash.o
DF_PageSize                                       Dataflash.o
DF_Pages                                          Dataflash.o
DF_ReadBufferByte                                 Dataflash.o
                                                  ProgDataflash.o
DF_WaitWhileBusy                                  Dataflash.o
DataFlashError                                    Dataflash.o
                                                  ProgDataflash.o
DataFlashProgMode                                 ProgDataflash.o
                                                  Main.o
DataflashInfo                                     Dataflash.o
                                                  ProgDataflash.o
EEPROMVars                                        Main.o
                                                  ProgramManager.o
                                                  AVRISPCommandInterpreter.o
                                                  V2Protocol.o
                                                  Timeout.o
FUNCAVRISPMode                                    Main.o
FUNCChangeSettings                                Main.o
FUNCClearMem                                      Main.o
FUNCGoBootloader                                  Main.o
FUNCProgramAVR                                    Main.o
FUNCProgramDataflash                              Main.o
FUNCSetAutoSleepTimeOut                           Main.o
FUNCSetContrast                                   Main.o
FUNCSetFirmMinorVer                               Main.o
FUNCSetISPSpeed                                   Main.o
FUNCShowAbout                                     Main.o
FUNCSleepMode                                     Main.o
                                                  Timeout.o
FUNCStorageInfo                                   Main.o
FUNCStoreProgram                                  Main.o
Func_ISPPRGM                                      Main.o
Func_PRGMAVR                                      Main.o
Func_PRGMDATAFLASH                                Main.o
Func_PRGMSTOREINFO                                Main.o
Func_SETTINGS                                     Main.o
Func_SLEEP                                        Main.o
Func_STOREPRGM                                    Main.o
GPageLength                                       ProgramManager.o
ISPCC_EnterChipProgrammingMode                    ISPChipComm.o
                                                  AVRISPCommandInterpreter.o
                                                  Main.o
ISPCC_PollForProgComplete                         ISPChipComm.o
ISPCC_ProgramChip                                 ISPChipComm.o
                                                  ProgramManager.o
                                                  AVRISPCommandInterpreter.o
InProgrammingMode                                 V2Protocol.o
                                                  ProgramManager.o
                                                  AVRISPCommandInterpreter.o
                                                  ISPChipComm.o
                                                  ProgDataflash.o
InterpretPacketRoutine                            V2Protocol.o
                                                  Main.o
LCD_Init                                          LCD_Driver.o
                                                  Main.o
LCD_WriteChar                                     LCD_Driver.o
LCD_puts                                          LCD_Driver.o
                                                  TagManager.o
                                                  ProgramManager.o
                                                  Main.o
LCD_puts_f                                        LCD_Driver.o
                                                  AVRISPCommandInterpreter.o
                                                  ProgDataflash.o
                                                  Main.o
MAIN_Delay10MS                                    Main.o
                                                  ProgramManager.o
MAIN_Delay1MS                                     Main.o
                                                  ProgramManager.o
                                                  AVRISPCommandInterpreter.o
                                                  ISPChipComm.o
                                                  USI.o
MAIN_IntToStr                                     Main.o
                                                  ProgramManager.o
MAIN_ResetCSLine                                  Main.o
                                                  AVRISPCommandInterpreter.o
                                                  V2Protocol.o
                                                  Dataflash.o
MAIN_ShowError                                    Main.o
                                                  TagManager.o
                                                  RingBuff.o
                                                  Dataflash.o
MAIN_ShowProgType                                 Main.o
MAIN_WaitForJoyRelease                            Main.o
                                                  TagManager.o
                                                  ProgramManager.o
MainFunctionNames                                 Main.o
MainFunctionPtrs                                  Main.o
MemoryType                                        ProgramManager.o
MessageSize                                       V2Protocol.o
                                                  ProgramManager.o
                                                  AVRISPCommandInterpreter.o
                                                  ProgDataflash.o
OSCCAL_Calibrate                                  OSCCal.o
                                                  Main.o
PD_InterpretAVRISPPacket                          ProgDataflash.o
                                                  Main.o
PD_SetupDFAddressCounters                         ProgDataflash.o
PD_StoreDataflashByte                             ProgDataflash.o
PM_CheckEndOfFuseLockData                         ProgramManager.o
PM_CreateProgrammingPackets                       ProgramManager.o
                                                  Main.o
PM_GetStoredDataSize                              ProgramManager.o
                                                  TagManager.o
                                                  Main.o
PM_InterpretAVRISPPacket                          ProgramManager.o
                                                  Main.o
PM_SendEraseCommand                               ProgramManager.o
                                                  Main.o
PM_SendFuseLockBytes                              ProgramManager.o
                                                  Main.o
PM_SetupDFAddressCounters                         ProgramManager.o
PM_ShowStoredItemSizes                            ProgramManager.o
                                                  Main.o
PM_StoreProgramByte                               ProgramManager.o
PRG_A                                             Main.o
PRG_C                                             Main.o
PRG_D                                             Main.o
PRG_DE                                            Main.o
PRG_E                                             Main.o
PRG_F                                             Main.o
PRG_FL                                            Main.o
PRG_L                                             Main.o
PacketBytes                                       V2Protocol.o
                                                  ProgramManager.o
                                                  AVRISPCommandInterpreter.o
                                                  ISPChipComm.o
                                                  ProgDataflash.o
                                                  Main.o
PacketTimeOut                                     Timeout.o
                                                  V2Protocol.o
                                                  USART.o
PacketTimeOutTicks                                Timeout.o
                                                  V2Protocol.o
Param_ControllerInit                              V2Protocol.o
ProgOptions                                       Main.o
RetrieveLoc                                       RingBuff.o
RingBuffer                                        RingBuff.o
SFunc_CLEARMEM                                    Main.o
SFunc_GOBOOTLOADER                                Main.o
SFunc_SETAUTOSLEEPTO                              Main.o
SFunc_SETCONTRAST                                 Main.o
SFunc_SETFIRMMINOR                                Main.o
SFunc_SETSPISPEED                                 Main.o
SIFONames                                         Main.o
SPI_SPIInit                                       SPI.o
                                                  Main.o
SPI_SPITransmit                                   SPI.o
                                                  TagManager.o
                                                  ProgramManager.o
                                                  Dataflash.o
                                                  Main.o
SPI_SPITransmitWord                               SPI.o
SequenceNum                                       V2Protocol.o
SettingFunctionNames                              Main.o
SettingFunctionPtrs                               Main.o
SignonResponse                                    V2Protocol.o
SleepTimeOutTicks                                 Timeout.o
                                                  Main.o
StoreLoc                                          RingBuff.o
SyncErrorMessage                                  ISPChipComm.o
                                                  AVRISPCommandInterpreter.o
                                                  Main.o
TM_FindNextTag                                    TagManager.o
TM_ShowTags                                       TagManager.o
                                                  Main.o
TOUT_SetupSleepTimer                              Timeout.o
                                                  V2Protocol.o
                                                  Main.o
TagExists                                         TagManager.o
TicksBeforeAutoSleep                              Timeout.o
TransferComplete                                  USI.o
USART_Init                                        USART.o
                                                  Main.o
USART_Rx                                          USART.o
                                                  V2Protocol.o
USART_Tx                                          USART.o
                                                  V2Protocol.o
USIPSValues                                       USI.o
USISpeeds                                         Main.o
USI_SPIInitMaster                                 USI.o
                                                  AVRISPCommandInterpreter.o
                                                  Main.o
USI_SPIOff                                        USI.o
                                                  AVRISPCommandInterpreter.o
                                                  Main.o
USI_SPISetSpeed                                   USI.o
                                                  V2Protocol.o
USI_SPIToggleClock                                USI.o
                                                  ISPChipComm.o
USI_SPITransmit                                   USI.o
                                                  ProgramManager.o
                                                  AVRISPCommandInterpreter.o
                                                  ISPChipComm.o
                                                  V2Protocol.o
                                                  ProgDataflash.o
                                                  Main.o
USI_SPITransmitWord                               USI.o
                                                  ProgramManager.o
                                                  AVRISPCommandInterpreter.o
                                                  ISPChipComm.o
UseExernalDF                                      Dataflash.o
                                                  Main.o
V2P_CheckForExtendedAddress                       V2Protocol.o
V2P_GetChecksum                                   V2Protocol.o
V2P_GetSetParamater                               V2Protocol.o
V2P_IncrementCurrAddress                          V2Protocol.o
                                                  ProgramManager.o
                                                  AVRISPCommandInterpreter.o
                                                  ISPChipComm.o
                                                  ProgDataflash.o
V2P_RunStateMachine                               V2Protocol.o
                                                  Main.o
V2P_SendPacket                                    V2Protocol.o
                                                  ProgramManager.o
                                                  AVRISPCommandInterpreter.o
                                                  ProgDataflash.o
WaitText                                          Main.o
                                                  ProgDataflash.o
__bad_interrupt                                   c:/winavr/bin/../lib/gcc/avr/4.1.1/../../../../avr/lib/avr5/crtm169.o
__bss_end                                         c:/winavr/bin/../lib/gcc/avr/4.1.1/avr5\libgcc.a(_clear_bss.o)
__bss_start                                       c:/winavr/bin/../lib/gcc/avr/4.1.1/avr5\libgcc.a(_clear_bss.o)
__data_end                                        c:/winavr/bin/../lib/gcc/avr/4.1.1/avr5\libgcc.a(_copy_data.o)
__data_load_start                                 c:/winavr/bin/../lib/gcc/avr/4.1.1/avr5\libgcc.a(_copy_data.o)
__data_start                                      c:/winavr/bin/../lib/gcc/avr/4.1.1/avr5\libgcc.a(_copy_data.o)
__do_clear_bss                                    c:/winavr/bin/../lib/gcc/avr/4.1.1/avr5\libgcc.a(_clear_bss.o)
                                                  TagManager.o
                                                  ProgramManager.o
                                                  AVRISPCommandInterpreter.o
                                                  ISPChipComm.o
                                                  V2Protocol.o
                                                  ProgDataflash.o
                                                  Timeout.o
                                                  RingBuff.o
                                                  Dataflash.o
                                                  USI.o
                                                  SPI.o
                                                  USART.o
                                                  LCD_Driver.o
                                                  OSCCal.o
                                                  Main.o
__do_copy_data                                    c:/winavr/bin/../lib/gcc/avr/4.1.1/avr5\libgcc.a(_copy_data.o)
                                                  TagManager.o
                                                  ProgramManager.o
                                                  AVRISPCommandInterpreter.o
                                                  ISPChipComm.o
                                                  V2Protocol.o
                                                  ProgDataflash.o
                                                  Timeout.o
                                                  RingBuff.o
                                                  Dataflash.o
                                                  USI.o
                                                  SPI.o
                                                  USART.o
                                                  LCD_Driver.o
                                                  OSCCal.o
                                                  Main.o
__eeprom_read_block_1F2021                        c:/winavr/bin/../lib/gcc/avr/4.1.1/../../../../avr/lib/avr5\libc.a(ee_rblk.1F2021.o)
                                                  ProgramManager.o
__eeprom_read_byte_1F2021                         c:/winavr/bin/../lib/gcc/avr/4.1.1/../../../../avr/lib/avr5\libc.a(ee_rb.1F2021.o)
                                                  c:/winavr/bin/../lib/gcc/avr/4.1.1/../../../../avr/lib/avr5\libc.a(ee_rw.1F2021.o)
                                                  c:/winavr/bin/../lib/gcc/avr/4.1.1/../../../../avr/lib/avr5\libc.a(ee_rblk.1F2021.o)
                                                  ProgramManager.o
                                                  AVRISPCommandInterpreter.o
                                                  V2Protocol.o
                                                  Timeout.o
                                                  Main.o
__eeprom_read_word_1F2021                         c:/winavr/bin/../lib/gcc/avr/4.1.1/../../../../avr/lib/avr5\libc.a(ee_rw.1F2021.o)
                                                  ProgramManager.o
__eeprom_write_block_1F2021                       c:/winavr/bin/../lib/gcc/avr/4.1.1/../../../../avr/lib/avr5\libc.a(ee_wblk.1F2021.o)
                                                  ProgramManager.o
__eeprom_write_byte_1F2021                        c:/winavr/bin/../lib/gcc/avr/4.1.1/../../../../avr/lib/avr5\libc.a(ee_wb.1F2021.o)
                                                  c:/winavr/bin/../lib/gcc/avr/4.1.1/../../../../avr/lib/avr5\libc.a(ee_wblk.1F2021.o)
                                                  c:/winavr/bin/../lib/gcc/avr/4.1.1/../../../../avr/lib/avr5\libc.a(ee_ww.1F2021.o)
                                                  ProgramManager.o
                                                  V2Protocol.o
                                                  Main.o
__eeprom_write_word_1F2021                        c:/winavr/bin/../lib/gcc/avr/4.1.1/../../../../avr/lib/avr5\libc.a(ee_ww.1F2021.o)
                                                  ProgramManager.o
__heap_end                                        c:/winavr/bin/../lib/gcc/avr/4.1.1/../../../../avr/lib/avr5/crtm169.o
__init                                            c:/winavr/bin/../lib/gcc/avr/4.1.1/../../../../avr/lib/avr5/crtm169.o
__stack                                           c:/winavr/bin/../lib/gcc/avr/4.1.1/../../../../avr/lib/avr5/crtm169.o
__udivmodsi4                                      c:/winavr/bin/../lib/gcc/avr/4.1.1/avr5\libgcc.a(_udivmodsi4.o)
                                                  c:/winavr/bin/../lib/gcc/avr/4.1.1/../../../../avr/lib/avr5\libc.a(ultoa.o)
__vector_1                                        c:/winavr/bin/../lib/gcc/avr/4.1.1/../../../../avr/lib/avr5/crtm169.o
__vector_10                                       USIInterrupt.o
                                                  c:/winavr/bin/../lib/gcc/avr/4.1.1/../../../../avr/lib/avr5/crtm169.o
__vector_11                                       c:/winavr/bin/../lib/gcc/avr/4.1.1/../../../../avr/lib/avr5/crtm169.o
__vector_12                                       c:/winavr/bin/../lib/gcc/avr/4.1.1/../../../../avr/lib/avr5/crtm169.o
__vector_13                                       RingBuff.o
                                                  c:/winavr/bin/../lib/gcc/avr/4.1.1/../../../../avr/lib/avr5/crtm169.o
__vector_14                                       c:/winavr/bin/../lib/gcc/avr/4.1.1/../../../../avr/lib/avr5/crtm169.o
__vector_15                                       c:/winavr/bin/../lib/gcc/avr/4.1.1/../../../../avr/lib/avr5/crtm169.o
__vector_16                                       c:/winavr/bin/../lib/gcc/avr/4.1.1/../../../../avr/lib/avr5/crtm169.o
__vector_17                                       USI.o
                                                  c:/winavr/bin/../lib/gcc/avr/4.1.1/../../../../avr/lib/avr5/crtm169.o
__vector_18                                       c:/winavr/bin/../lib/gcc/avr/4.1.1/../../../../avr/lib/avr5/crtm169.o
__vector_19                                       c:/winavr/bin/../lib/gcc/avr/4.1.1/../../../../avr/lib/avr5/crtm169.o
__vector_2                                        JoystickInterrupt.o
                                                  c:/winavr/bin/../lib/gcc/avr/4.1.1/../../../../avr/lib/avr5/crtm169.o
__vector_20                                       c:/winavr/bin/../lib/gcc/avr/4.1.1/../../../../avr/lib/avr5/crtm169.o
__vector_21                                       c:/winavr/bin/../lib/gcc/avr/4.1.1/../../../../avr/lib/avr5/crtm169.o
__vector_22                                       LCD_Driver.o
                                                  c:/winavr/bin/../lib/gcc/avr/4.1.1/../../../../avr/lib/avr5/crtm169.o
__vector_3                                        Main.o
                                                  c:/winavr/bin/../lib/gcc/avr/4.1.1/../../../../avr/lib/avr5/crtm169.o
                                                  JoystickInterrupt.o
__vector_4                                        Timeout.o
                                                  c:/winavr/bin/../lib/gcc/avr/4.1.1/../../../../avr/lib/avr5/crtm169.o
__vector_5                                        OSCCal.o
                                                  c:/winavr/bin/../lib/gcc/avr/4.1.1/../../../../avr/lib/avr5/crtm169.o
__vector_6                                        c:/winavr/bin/../lib/gcc/avr/4.1.1/../../../../avr/lib/avr5/crtm169.o
__vector_7                                        c:/winavr/bin/../lib/gcc/avr/4.1.1/../../../../avr/lib/avr5/crtm169.o
__vector_8                                        c:/winavr/bin/../lib/gcc/avr/4.1.1/../../../../avr/lib/avr5/crtm169.o
__vector_9                                        Timeout.o
                                                  c:/winavr/bin/../lib/gcc/avr/4.1.1/../../../../avr/lib/avr5/crtm169.o
__vector_default                                  Main.o
                                                  c:/winavr/bin/../lib/gcc/avr/4.1.1/../../../../avr/lib/avr5/crtm169.o
__vectors                                         c:/winavr/bin/../lib/gcc/avr/4.1.1/../../../../avr/lib/avr5/crtm169.o
_exit                                             c:/winavr/bin/../lib/gcc/avr/4.1.1/avr5\libgcc.a(_exit.o)
exit                                              c:/winavr/bin/../lib/gcc/avr/4.1.1/avr5\libgcc.a(_exit.o)
                                                  c:/winavr/bin/../lib/gcc/avr/4.1.1/../../../../avr/lib/avr5/crtm169.o
main                                              Main.o
                                                  c:/winavr/bin/../lib/gcc/avr/4.1.1/../../../../avr/lib/avr5/crtm169.o
storedUSIDR                                       USI.o
strcpy_P                                          c:/winavr/bin/../lib/gcc/avr/4.1.1/../../../../avr/lib/avr5\libc.a(strcpy_P.o)
                                                  ProgramManager.o
                                                  LCD_Driver.o
                                                  Main.o
strrev                                            c:/winavr/bin/../lib/gcc/avr/4.1.1/../../../../avr/lib/avr5\libc.a(strrev.o)
                                                  c:/winavr/bin/../lib/gcc/avr/4.1.1/../../../../avr/lib/avr5\libc.a(ultoa.o)
ultoa                                             c:/winavr/bin/../lib/gcc/avr/4.1.1/../../../../avr/lib/avr5\libc.a(ultoa.o)
                                                  ProgramManager.o
