Archive member included because of file (symbol)

C:/WinAVR/lib/gcc/avr/3.4.6/avr5\libgcc.a(_mulsi3.o)
                              ProgramManager.o (__mulsi3)
C:/WinAVR/lib/gcc/avr/3.4.6/avr5\libgcc.a(_copy_data.o)
                              Main.o (__do_copy_data)
C:/WinAVR/lib/gcc/avr/3.4.6/avr5\libgcc.a(_clear_bss.o)
                              Main.o (__do_clear_bss)
C:/WinAVR/bin/../lib/gcc/avr/3.4.6/../../../../avr/lib/avr5\libc.a(strcpy_P.o)
                              Main.o (strcpy_P)
C:/WinAVR/bin/../lib/gcc/avr/3.4.6/../../../../avr/lib/avr5\libc.a(ultoa.o)
                              ProgramManager.o (ultoa)
C:/WinAVR/bin/../lib/gcc/avr/3.4.6/../../../../avr/lib/avr5\libc.a(ee_rb.1F2021.o)
                              Main.o (__eeprom_read_byte_1F2021)
C:/WinAVR/bin/../lib/gcc/avr/3.4.6/../../../../avr/lib/avr5\libc.a(ee_rblk.1F2021.o)
                              ProgramManager.o (__eeprom_read_block_1F2021)
C:/WinAVR/bin/../lib/gcc/avr/3.4.6/../../../../avr/lib/avr5\libc.a(ee_rw.1F2021.o)
                              ProgramManager.o (__eeprom_read_word_1F2021)
C:/WinAVR/bin/../lib/gcc/avr/3.4.6/../../../../avr/lib/avr5\libc.a(ee_wb.1F2021.o)
                              Main.o (__eeprom_write_byte_1F2021)
C:/WinAVR/bin/../lib/gcc/avr/3.4.6/../../../../avr/lib/avr5\libc.a(ee_ww.1F2021.o)
                              ProgramManager.o (__eeprom_write_word_1F2021)
C:/WinAVR/bin/../lib/gcc/avr/3.4.6/../../../../avr/lib/avr5\libc.a(ee_wblk.1F2021.o)
                              ProgramManager.o (__eeprom_write_block_1F2021)
C:/WinAVR/bin/../lib/gcc/avr/3.4.6/../../../../avr/lib/avr5\libc.a(strrev.o)
                              C:/WinAVR/bin/../lib/gcc/avr/3.4.6/../../../../avr/lib/avr5\libc.a(ultoa.o) (strrev)
C:/WinAVR/lib/gcc/avr/3.4.6/avr5\libgcc.a(_udivmodsi4.o)
                              C:/WinAVR/bin/../lib/gcc/avr/3.4.6/../../../../avr/lib/avr5\libc.a(ultoa.o) (__udivmodsi4)

Allocating common symbols
Common symbol       size              file

UseExernalDF        0x1               Dataflash.o
TransferComplete    0x1               USI.o
RingBuffer          0x40              RingBuff.o
StoreLoc            0x2               RingBuff.o
CurrBuffByte        0x2               Dataflash.o
RetrieveLoc         0x2               RingBuff.o
storedUSIDR         0x1               USI.o
BuffElements        0x1               RingBuff.o
DataflashInfo       0x5               Dataflash.o
DFPos               0x4               TagManager.o
CurrPageAddress     0x2               Dataflash.o

Memory Configuration

Name             Origin             Length             Attributes
text             0x00000000         0x00020000         xr
data             0x00800060         0x0000ffa0         rw !x
eeprom           0x00810000         0x00010000         rw !x
*default*        0x00000000         0xffffffff

Linker script and memory map

Address of section .data set to 0x800100
LOAD C:/WinAVR/bin/../lib/gcc/avr/3.4.6/../../../../avr/lib/avr5/crtm169.o
LOAD Main.o
LOAD OSCCal.o
LOAD LCD_Driver.o
LOAD USART.o
LOAD SPI.o
LOAD USI.o
LOAD Dataflash.o
LOAD RingBuff.o
LOAD Timeout.o
LOAD ProgDataflash.o
LOAD V2Protocol.o
LOAD ISPChipComm.o
LOAD AVRISPCommandInterpreter.o
LOAD ProgramManager.o
LOAD TagManager.o
LOAD JoystickInterrupt.o
LOAD USIInterrupt.o
LOAD C:/WinAVR/bin/../lib/gcc/avr/3.4.6/../../../../avr/lib/avr5\libm.a
LOAD C:/WinAVR/lib/gcc/avr/3.4.6/avr5\libgcc.a
LOAD C:/WinAVR/bin/../lib/gcc/avr/3.4.6/../../../../avr/lib/avr5\libc.a
LOAD C:/WinAVR/lib/gcc/avr/3.4.6/avr5\libgcc.a

.hash
 *(.hash)

.dynsym
 *(.dynsym)

.dynstr
 *(.dynstr)

.gnu.version
 *(.gnu.version)

.gnu.version_d
 *(.gnu.version_d)

.gnu.version_r
 *(.gnu.version_r)

.rel.init
 *(.rel.init)

.rela.init
 *(.rela.init)

.rel.text
 *(.rel.text)
 *(.rel.text.*)
 *(.rel.gnu.linkonce.t*)

.rela.text
 *(.rela.text)
 *(.rela.text.*)
 *(.rela.gnu.linkonce.t*)

.rel.fini
 *(.rel.fini)

.rela.fini
 *(.rela.fini)

.rel.rodata
 *(.rel.rodata)
 *(.rel.rodata.*)
 *(.rel.gnu.linkonce.r*)

.rela.rodata
 *(.rela.rodata)
 *(.rela.rodata.*)
 *(.rela.gnu.linkonce.r*)

.rel.data
 *(.rel.data)
 *(.rel.data.*)
 *(.rel.gnu.linkonce.d*)

.rela.data
 *(.rela.data)
 *(.rela.data.*)
 *(.rela.gnu.linkonce.d*)

.rel.ctors
 *(.rel.ctors)

.rela.ctors
 *(.rela.ctors)

.rel.dtors
 *(.rel.dtors)

.rela.dtors
 *(.rela.dtors)

.rel.got
 *(.rel.got)

.rela.got
 *(.rela.got)

.rel.bss
 *(.rel.bss)

.rela.bss
 *(.rela.bss)

.rel.plt
 *(.rel.plt)

.rela.plt
 *(.rela.plt)

.text           0x00000000     0x3420
 *(.vectors)
 .vectors       0x00000000       0x5c C:/WinAVR/bin/../lib/gcc/avr/3.4.6/../../../../avr/lib/avr5/crtm169.o
                0x00000000                __vectors
                0x0000005c                __ctors_start = .
 *(.ctors)
                0x0000005c                __ctors_end = .
                0x0000005c                __dtors_start = .
 *(.dtors)
                0x0000005c                __dtors_end = .
 *(.progmem.gcc*)
 *(.progmem*)
 .progmem.data  0x0000005c      0x29e Main.o
                0x0000018e                MainFunctionNames
                0x0000022c                BUTTTAG_Author
                0x000000fa                PRG_DE
                0x0000023f                BUTTTAG_Name
                0x000000a3                USI_Speed0
                0x0000021c                ProgrammerName
                0x00000060                SIFO_Tags
                0x000001da                Func_STOREPRGM
                0x0000008f                USI_Speed2
                0x000001bf                Func_PRGMDATAFLASH
                0x0000019c                Func_SLEEP
                0x000001e5                Func_ISPPRGM
                0x00000217                VersionInfo
                0x00000116                PRG_D
                0x0000012a                SettingFunctionNames
                0x0000010a                PRG_E
                0x000001f9                CopyRight
                0x00000225                WaitText
                0x000000bb                PRG_C
                0x00000165                SFunc_SETSPISPEED
                0x00000099                USI_Speed1
                0x000000c6                PRG_FL
                0x000001a7                Func_SETTINGS
                0x00000134                SFunc_GOBOOTLOADER
                0x000000ea                PRG_F
                0x00000154                SFunc_SETFIRMMINOR
                0x000001ce                Func_PRGMAVR
                0x0000005c                SIFOOptionPtrs
                0x000000da                PRG_L
                0x000000ad                ProgOptions
                0x00000120                SettingFunctionPtrs
                0x00000173                SFunc_SETCONTRAST
                0x000001b0                Func_PRGMSTOREINFO
                0x00000085                USI_Speed3
                0x000001f1                AboutTextPtrs
                0x0000006f                SIFO_Size
                0x00000180                MainFunctionPtrs
                0x0000007d                USIPSNamePtrs
                0x00000147                SFunc_CLEARMEM
                0x00000208                AuthorName
 .progmem.data  0x000002fa       0x6c LCD_Driver.o
 .progmem.data  0x00000366        0x8 USI.o
                0x00000366                USIPSValues
 .progmem.data  0x0000036e       0x38 Dataflash.o
                0x0000037e                DF_Pages
                0x0000036e                DataFlashError
                0x0000038e                DF_PageSize
                0x0000039e                DF_PageBits
 .progmem.data  0x000003a6        0xe RingBuff.o
 .progmem.data  0x000003b4       0x11 ProgDataflash.o
                0x000003b4                DataFlashProgMode
 .progmem.data  0x000003c5        0xb V2Protocol.o
                0x000003c5                SignonResponse
 .progmem.data  0x000003d0        0xb ISPChipComm.o
                0x000003d0                SyncErrorMessage
 .progmem.data  0x000003db       0x10 AVRISPCommandInterpreter.o
                0x000003db                AVRISPModeMessage
 .progmem.data  0x000003eb       0x18 ProgramManager.o
 .progmem.data  0x00000403        0x8 TagManager.o
                0x0000040c                . = ALIGN (0x2)
 *fill*         0x0000040b        0x1 00
 *(.init0)
 *(.init1)
 *(.init2)
 .init2         0x0000040c        0xc C:/WinAVR/bin/../lib/gcc/avr/3.4.6/../../../../avr/lib/avr5/crtm169.o
 *(.init3)
 *(.init4)
 .init4         0x00000418       0x16 C:/WinAVR/lib/gcc/avr/3.4.6/avr5\libgcc.a(_copy_data.o)
                0x00000418                __do_copy_data
 .init4         0x0000042e       0x10 C:/WinAVR/lib/gcc/avr/3.4.6/avr5\libgcc.a(_clear_bss.o)
                0x0000042e                __do_clear_bss
 *(.init5)
 *(.init6)
 *(.init7)
 *(.init8)
 *(.init9)
 .init9         0x0000043e        0x4 C:/WinAVR/bin/../lib/gcc/avr/3.4.6/../../../../avr/lib/avr5/crtm169.o
 *(.text)
 .text          0x00000442        0x4 C:/WinAVR/bin/../lib/gcc/avr/3.4.6/../../../../avr/lib/avr5/crtm169.o
                0x00000442                __vector_1
                0x00000442                __vector_12
                0x00000442                __bad_interrupt
                0x00000442                __vector_6
                0x00000442                __vector_11
                0x00000442                __vector_19
                0x00000442                __vector_7
                0x00000442                __vector_9
                0x00000442                __vector_21
                0x00000442                __vector_15
                0x00000442                __vector_8
                0x00000442                __vector_14
                0x00000442                __vector_16
                0x00000442                __vector_18
                0x00000442                __vector_20
 .text          0x00000446      0x9e2 Main.o
                0x00000b7a                FUNCSetContrast
                0x00000c94                FUNCSetFirmMinorVer
                0x00000d34                FUNCSleepMode
                0x00000844                FUNCProgramAVR
                0x0000046a                MAIN_WaitForJoyRelease
                0x000006c2                MAIN_ShowError
                0x00000b12                FUNCClearMem
                0x0000070e                __vector_3
                0x0000064e                MAIN_IntToStr
                0x00000746                FUNCChangeSettings
                0x000007e2                FUNCProgramDataflash
                0x00000aae                FUNCStoreProgram
                0x000005f2                MAIN_Delay1MS
                0x00000c20                FUNCSetISPSpeed
                0x000007b0                FUNCAVRISPMode
                0x0000073c                __vector_default
                0x00000d5c                FUNCStorageInfo
                0x000004ce                main
                0x00000616                MAIN_ResetCSLine
                0x0000067e                MAIN_ShowProgType
                0x00000446                MAIN_Delay10MS
                0x00000e0c                FUNCGoBootloader
                0x0000047e                FUNCShowAbout
 .text          0x00000e28      0x10c OSCCal.o
                0x00000ef2                __vector_5
                0x00000e28                OSCCAL_Calibrate
 .text          0x00000f34      0x1fa LCD_Driver.o
                0x0000104c                __vector_22
                0x00000fba                LCD_puts_f
                0x00000ff2                LCD_WriteChar
                0x00000f4e                LCD_puts
                0x00000f34                LCD_Init
 .text          0x0000112e       0x68 USART.o
                0x00001150                USART_Tx
                0x0000112e                USART_Init
                0x00001160                USART_TxString
                0x0000117e                USART_Rx
 .text          0x00001196       0x3e SPI.o
                0x000011aa                SPI_SPITransmit
                0x00001196                SPI_SPIInit
                0x000011b8                SPI_SPITransmitWord
 .text          0x000011d4      0x10a USI.o
                0x00001260                USI_SPIOff
                0x0000129a                USI_SPITransmitWord
                0x0000120a                USI_SPISetSpeed
                0x000011d4                __vector_17
                0x000012b6                USI_SPIToggleClock
                0x00001240                USI_SPIInitMaster
                0x00001274                USI_SPITransmit
 .text          0x000012de      0x338 Dataflash.o
                0x0000142a                DF_WaitWhileBusy
                0x000015e6                DF_CheckCorrectOnboardChip
                0x0000135a                DF_ContinuousReadEnable
                0x000014a2                DF_CopyFlashPageToBuffer
                0x0000156e                DF_GetChipCharacteristics
                0x000012de                DF_EnableDataflash
                0x00001454                DF_EraseBlock
                0x00001302                DF_ReadBufferByte
                0x000013e0                DF_BufferWriteEnable
                0x00001508                DF_CopyBufferToFlashPage
 .text          0x00001616       0xf4 RingBuff.o
                0x000016ac                BUFF_InitialiseBuffer
                0x00001616                __vector_13
                0x000016c6                BUFF_GetBuffByte
 .text          0x0000170a       0x36 Timeout.o
                0x0000170a                __vector_4
 .text          0x00001740      0x3da ProgDataflash.o
                0x00001740                PD_SetupDFAddressCounters
                0x0000179a                PD_StoreDataflashByte
                0x000017fa                PD_InterpretAVRISPPacket
 .text          0x00001b1a      0x546 V2Protocol.o
                0x00001b5c                V2P_SendPacket
                0x00001d9e                V2P_RunStateMachine
                0x00001b1a                V2P_GetChecksum
                0x00001d4c                V2P_CheckForExtendedAddress
                0x00001d24                V2P_IncrementCurrAddress
                0x00001bdc                V2P_GetSetParamater
 .text          0x00002060      0x320 ISPChipComm.o
                0x0000211c                ISPCC_PollForProgComplete
                0x00002060                ISPCC_EnterChipProgrammingMode
                0x000021b0                ISPCC_ProgramChip
 .text          0x00002380      0x2e0 AVRISPCommandInterpreter.o
                0x00002380                AICI_InterpretPacket
 .text          0x00002660      0xad2 ProgramManager.o
                0x000026ce                PM_SetupDFAddressCounters
                0x00002d2c                PM_SendFuseLockBytes
                0x00002660                PM_GetStoredDataSize
                0x00002dec                PM_CreateProgrammingPackets
                0x000027bc                PM_CheckEndOfProgramming
                0x00002894                PM_InterpretAVRISPPacket
                0x00002d8e                PM_SendEraseCommand
                0x00002752                PM_StoreProgramByte
                0x0000286e                PM_CheckEndOfFuseLockStore
                0x00003030                PM_ShowStoredItemSizes
 .text          0x00003132      0x194 TagManager.o
                0x0000327a                TM_ShowTags
                0x00003132                TM_FindNextTag
 .text          0x000032c6        0x4 JoystickInterrupt.o
                0x000032c6                __vector_2
 .text          0x000032ca        0xc USIInterrupt.o
                0x000032ca                __vector_10
 .text          0x000032d6        0xe C:/WinAVR/bin/../lib/gcc/avr/3.4.6/../../../../avr/lib/avr5\libc.a(strcpy_P.o)
                0x000032d6                strcpy_P
 .text          0x000032e4       0x4a C:/WinAVR/bin/../lib/gcc/avr/3.4.6/../../../../avr/lib/avr5\libc.a(ultoa.o)
                0x000032e4                ultoa
 .text          0x0000332e       0x20 C:/WinAVR/bin/../lib/gcc/avr/3.4.6/../../../../avr/lib/avr5\libc.a(strrev.o)
                0x0000332e                strrev
                0x0000334e                . = ALIGN (0x2)
 *(.text.*)
 .text.libgcc   0x0000334e       0x3e C:/WinAVR/lib/gcc/avr/3.4.6/avr5\libgcc.a(_mulsi3.o)
                0x0000334e                __mulsi3
 .text.eeprom   0x0000338c       0x10 C:/WinAVR/bin/../lib/gcc/avr/3.4.6/../../../../avr/lib/avr5\libc.a(ee_rb.1F2021.o)
                0x0000338c                __eeprom_read_byte_1F2021
 .text.eeprom   0x0000339c        0xa C:/WinAVR/bin/../lib/gcc/avr/3.4.6/../../../../avr/lib/avr5\libc.a(ee_rblk.1F2021.o)
                0x0000339c                __eeprom_read_block_1F2021
 .text.eeprom   0x000033a6        0xa C:/WinAVR/bin/../lib/gcc/avr/3.4.6/../../../../avr/lib/avr5\libc.a(ee_rw.1F2021.o)
                0x000033a6                __eeprom_read_word_1F2021
 .text.eeprom   0x000033b0       0x18 C:/WinAVR/bin/../lib/gcc/avr/3.4.6/../../../../avr/lib/avr5\libc.a(ee_wb.1F2021.o)
                0x000033b0                __eeprom_write_byte_1F2021
 .text.eeprom   0x000033c8        0xa C:/WinAVR/bin/../lib/gcc/avr/3.4.6/../../../../avr/lib/avr5\libc.a(ee_ww.1F2021.o)
                0x000033c8                __eeprom_write_word_1F2021
 .text.eeprom   0x000033d2        0xa C:/WinAVR/bin/../lib/gcc/avr/3.4.6/../../../../avr/lib/avr5\libc.a(ee_wblk.1F2021.o)
                0x000033d2                __eeprom_write_block_1F2021
 .text.libgcc   0x000033dc       0x44 C:/WinAVR/lib/gcc/avr/3.4.6/avr5\libgcc.a(_udivmodsi4.o)
                0x000033dc                __udivmodsi4
                0x00003420                . = ALIGN (0x2)
 *(.fini9)
 *(.fini8)
 *(.fini7)
 *(.fini6)
 *(.fini5)
 *(.fini4)
 *(.fini3)
 *(.fini2)
 *(.fini1)
 *(.fini0)
                0x00003420                _etext = .

.data           0x00800100        0x4 load address 0x00003420
                0x00800100                PROVIDE (__data_start, .)
 *(.data)
 .data          0x00800100        0x2 Dataflash.o
                0x00800100                DFSPIRoutinePointer
 .data          0x00800102        0x2 V2Protocol.o
                0x00800102                InterpretPacketRoutine
 *(.gnu.linkonce.d*)
                0x00800104                . = ALIGN (0x2)
                0x00800104                _edata = .
                0x00800104                PROVIDE (__data_end, .)

.bss            0x00800104      0x1b0
                0x00800104                PROVIDE (__bss_start, .)
 *(.bss)
 .bss           0x00800104        0x2 OSCCal.o
 .bss           0x00800106       0x35 LCD_Driver.o
 .bss           0x0080013b        0x2 Timeout.o
                0x0080013c                Ticks
                0x0080013b                TimeOut
 .bss           0x0080013d      0x11d V2Protocol.o
                0x0080013e                CurrAddress
                0x00800145                SequenceNum
                0x00800143                MessageSize
                0x0080013d                Param_ControllerInit
                0x00800142                InProgrammingMode
                0x00800147                PacketBytes
 .bss           0x0080025a        0x4 ProgramManager.o
                0x0080025d                MemoryType
                0x0080025a                GPageLength
                0x0080025c                CurrentMode
 .bss           0x0080025e        0x1 TagManager.o
                0x0080025e                TagExists
 *(COMMON)
 COMMON         0x0080025f        0x2 USI.o
                0x0080025f                TransferComplete
                0x00800260                storedUSIDR
 COMMON         0x00800261        0xa Dataflash.o
                0x00800261                UseExernalDF
                0x00800262                CurrBuffByte
                0x00800264                DataflashInfo
                0x00800269                CurrPageAddress
 COMMON         0x0080026b       0x45 RingBuff.o
                0x0080026b                RingBuffer
                0x008002ab                StoreLoc
                0x008002ad                RetrieveLoc
                0x008002af                BuffElements
 COMMON         0x008002b0        0x4 TagManager.o
                0x008002b0                DFPos
                0x008002b4                PROVIDE (__bss_end, .)
                0x00003420                __data_load_start = LOADADDR (.data)
                0x00003424                __data_load_end = (__data_load_start + SIZEOF (.data))

.noinit         0x008002b4        0x0
                0x008002b4                PROVIDE (__noinit_start, .)
 *(.noinit*)
                0x008002b4                PROVIDE (__noinit_end, .)
                0x008002b4                _end = .
                0x008002b4                PROVIDE (__heap_start, .)

.eeprom         0x00810000       0x88
 *(.eeprom*)
 .eeprom        0x00810000       0x88 Main.o
                0x00810000                EEPROMVars
                0x00810088                __eeprom_end = .

.stab           0x00000000      0x3e4
 *(.stab)
 .stab          0x00000000      0x36c C:/WinAVR/bin/../lib/gcc/avr/3.4.6/../../../../avr/lib/avr5/crtm169.o
 .stab          0x0000036c       0x24 JoystickInterrupt.o
                                 0x30 (size before relaxing)
 .stab          0x00000390       0x54 USIInterrupt.o
                                 0x60 (size before relaxing)

.stabstr        0x00000000       0xfb
 *(.stabstr)
 .stabstr       0x00000000       0xfb C:/WinAVR/bin/../lib/gcc/avr/3.4.6/../../../../avr/lib/avr5/crtm169.o

.stab.excl
 *(.stab.excl)

.stab.exclstr
 *(.stab.exclstr)

.stab.index
 *(.stab.index)

.stab.indexstr
 *(.stab.indexstr)

.comment
 *(.comment)

.debug
 *(.debug)

.line
 *(.line)

.debug_srcinfo
 *(.debug_srcinfo)

.debug_sfnames
 *(.debug_sfnames)

.debug_aranges  0x00000000      0x12c
 *(.debug_aranges)
 .debug_aranges
                0x00000000       0x14 Main.o
 .debug_aranges
                0x00000014       0x14 OSCCal.o
 .debug_aranges
                0x00000028       0x14 LCD_Driver.o
 .debug_aranges
                0x0000003c       0x14 USART.o
 .debug_aranges
                0x00000050       0x14 SPI.o
 .debug_aranges
                0x00000064       0x14 USI.o
 .debug_aranges
                0x00000078       0x14 Dataflash.o
 .debug_aranges
                0x0000008c       0x14 RingBuff.o
 .debug_aranges
                0x000000a0       0x14 Timeout.o
 .debug_aranges
                0x000000b4       0x14 ProgDataflash.o
 .debug_aranges
                0x000000c8       0x14 V2Protocol.o
 .debug_aranges
                0x000000dc       0x14 ISPChipComm.o
 .debug_aranges
                0x000000f0       0x14 AVRISPCommandInterpreter.o
 .debug_aranges
                0x00000104       0x14 ProgramManager.o
 .debug_aranges
                0x00000118       0x14 TagManager.o

.debug_pubnames
                0x00000000      0xd26
 *(.debug_pubnames)
 .debug_pubnames
                0x00000000      0x48c Main.o
 .debug_pubnames
                0x0000048c       0x36 OSCCal.o
 .debug_pubnames
                0x000004c2       0x5d LCD_Driver.o
 .debug_pubnames
                0x0000051f       0x4e USART.o
 .debug_pubnames
                0x0000056d       0x4e SPI.o
 .debug_pubnames
                0x000005bb       0xd3 USI.o
 .debug_pubnames
                0x0000068e      0x1b2 Dataflash.o
 .debug_pubnames
                0x00000840       0x8e RingBuff.o
 .debug_pubnames
                0x000008ce       0x37 Timeout.o
 .debug_pubnames
                0x00000905       0x7d ProgDataflash.o
 .debug_pubnames
                0x00000982      0x143 V2Protocol.o
 .debug_pubnames
                0x00000ac5       0x7e ISPChipComm.o
 .debug_pubnames
                0x00000b43       0x41 AVRISPCommandInterpreter.o
 .debug_pubnames
                0x00000b84      0x155 ProgramManager.o
 .debug_pubnames
                0x00000cd9       0x4d TagManager.o

.debug_info     0x00000000     0x3eb8
 *(.debug_info)
 .debug_info    0x00000000     0x120c Main.o
 .debug_info    0x0000120c      0x1c2 OSCCal.o
 .debug_info    0x000013ce      0x346 LCD_Driver.o
 .debug_info    0x00001714      0x178 USART.o
 .debug_info    0x0000188c      0x13a SPI.o
 .debug_info    0x000019c6      0x259 USI.o
 .debug_info    0x00001c1f      0x442 Dataflash.o
 .debug_info    0x00002061      0x185 RingBuff.o
 .debug_info    0x000021e6       0xed Timeout.o
 .debug_info    0x000022d3      0x2ee ProgDataflash.o
 .debug_info    0x000025c1      0x597 V2Protocol.o
 .debug_info    0x00002b58      0x279 ISPChipComm.o
 .debug_info    0x00002dd1      0x417 AVRISPCommandInterpreter.o
 .debug_info    0x000031e8      0xb39 ProgramManager.o
 .debug_info    0x00003d21      0x197 TagManager.o
 *(.gnu.linkonce.wi.*)

.debug_abbrev   0x00000000      0xf57
 *(.debug_abbrev)
 .debug_abbrev  0x00000000      0x20a Main.o
 .debug_abbrev  0x0000020a       0xe1 OSCCal.o
 .debug_abbrev  0x000002eb       0xc4 LCD_Driver.o
 .debug_abbrev  0x000003af       0xb1 USART.o
 .debug_abbrev  0x00000460       0x7b SPI.o
 .debug_abbrev  0x000004db       0xfb USI.o
 .debug_abbrev  0x000005d6      0x126 Dataflash.o
 .debug_abbrev  0x000006fc       0xa7 RingBuff.o
 .debug_abbrev  0x000007a3       0x64 Timeout.o
 .debug_abbrev  0x00000807       0xf4 ProgDataflash.o
 .debug_abbrev  0x000008fb      0x185 V2Protocol.o
 .debug_abbrev  0x00000a80       0xc4 ISPChipComm.o
 .debug_abbrev  0x00000b44      0x12b AVRISPCommandInterpreter.o
 .debug_abbrev  0x00000c6f      0x22e ProgramManager.o
 .debug_abbrev  0x00000e9d       0xba TagManager.o

.debug_line     0x00000000     0x3255
 *(.debug_line)
 .debug_line    0x00000000      0xa6a Main.o
 .debug_line    0x00000a6a      0x216 OSCCal.o
 .debug_line    0x00000c80      0x28c LCD_Driver.o
 .debug_line    0x00000f0c      0x194 USART.o
 .debug_line    0x000010a0      0x167 SPI.o
 .debug_line    0x00001207      0x230 USI.o
 .debug_line    0x00001437      0x2df Dataflash.o
 .debug_line    0x00001716      0x1a8 RingBuff.o
 .debug_line    0x000018be      0x135 Timeout.o
 .debug_line    0x000019f3      0x35e ProgDataflash.o
 .debug_line    0x00001d51      0x473 V2Protocol.o
 .debug_line    0x000021c4      0x350 ISPChipComm.o
 .debug_line    0x00002514      0x336 AVRISPCommandInterpreter.o
 .debug_line    0x0000284a      0x7fc ProgramManager.o
 .debug_line    0x00003046      0x20f TagManager.o

.debug_frame
 *(.debug_frame)

.debug_str      0x00000000     0x10d9
 *(.debug_str)
 .debug_str     0x00000000      0x6d7 Main.o
                                0x799 (size before relaxing)
 .debug_str     0x000006d7       0x57 OSCCal.o
                                0x19e (size before relaxing)
 .debug_str     0x0000072e       0xfe LCD_Driver.o
                                0x22f (size before relaxing)
 .debug_str     0x0000082c       0x57 USART.o
                                0x164 (size before relaxing)
 .debug_str     0x00000883       0x36 SPI.o
                                0x148 (size before relaxing)
 .debug_str     0x000008b9       0xaf USI.o
                                0x1ce (size before relaxing)
 .debug_str     0x00000968      0x176 Dataflash.o
                                0x2eb (size before relaxing)
 .debug_str     0x00000ade       0x75 RingBuff.o
                                0x198 (size before relaxing)
 .debug_str     0x00000b53       0x1b Timeout.o
                                0x130 (size before relaxing)
 .debug_str     0x00000b6e       0xbf ProgDataflash.o
                                0x26f (size before relaxing)
 .debug_str     0x00000c2d      0x109 V2Protocol.o
                                0x3d5 (size before relaxing)
 .debug_str     0x00000d36       0xb8 ISPChipComm.o
                                0x236 (size before relaxing)
 .debug_str     0x00000dee       0x79 AVRISPCommandInterpreter.o
                                0x320 (size before relaxing)
 .debug_str     0x00000e67      0x218 ProgramManager.o
                                0x4f6 (size before relaxing)
 .debug_str     0x0000107f       0x5a TagManager.o
                                0x185 (size before relaxing)

.debug_loc
 *(.debug_loc)

.debug_macinfo
 *(.debug_macinfo)
OUTPUT(ButtLoad.elf elf32-avr)

Cross Reference Table

Symbol                                            File
AICI_InterpretPacket                              AVRISPCommandInterpreter.o
                                                  V2Protocol.o
                                                  Main.o
AVRISPModeMessage                                 AVRISPCommandInterpreter.o
                                                  Main.o
AboutTextPtrs                                     Main.o
AuthorName                                        Main.o
BUFF_GetBuffByte                                  RingBuff.o
                                                  USART.o
BUFF_InitialiseBuffer                             RingBuff.o
                                                  V2Protocol.o
                                                  USART.o
BUTTTAG_Author                                    Main.o
BUTTTAG_Name                                      Main.o
BuffElements                                      V2Protocol.o
                                                  RingBuff.o
                                                  USART.o
CopyRight                                         Main.o
CurrAddress                                       V2Protocol.o
                                                  ProgramManager.o
                                                  AVRISPCommandInterpreter.o
                                                  ISPChipComm.o
                                                  ProgDataflash.o
                                                  Main.o
CurrBuffByte                                      ProgramManager.o
                                                  ProgDataflash.o
                                                  Dataflash.o
CurrPageAddress                                   ProgramManager.o
                                                  ProgDataflash.o
                                                  Dataflash.o
CurrentMode                                       ProgramManager.o
DFPos                                             TagManager.o
DFSPIRoutinePointer                               Dataflash.o
                                                  Main.o
DF_BufferWriteEnable                              Dataflash.o
                                                  ProgramManager.o
                                                  ProgDataflash.o
DF_CheckCorrectOnboardChip                        Dataflash.o
                                                  Main.o
DF_ContinuousReadEnable                           Dataflash.o
                                                  TagManager.o
                                                  ProgramManager.o
DF_CopyBufferToFlashPage                          Dataflash.o
                                                  ProgramManager.o
                                                  ProgDataflash.o
DF_CopyFlashPageToBuffer                          Dataflash.o
                                                  ProgDataflash.o
DF_EnableDataflash                                Dataflash.o
                                                  TagManager.o
                                                  ProgramManager.o
                                                  ProgDataflash.o
                                                  Main.o
DF_EraseBlock                                     Dataflash.o
                                                  ProgDataflash.o
DF_GetChipCharacteristics                         Dataflash.o
                                                  ProgDataflash.o
DF_PageBits                                       Dataflash.o
DF_PageSize                                       Dataflash.o
DF_Pages                                          Dataflash.o
DF_ReadBufferByte                                 Dataflash.o
                                                  ProgDataflash.o
DF_WaitWhileBusy                                  Dataflash.o
DataFlashError                                    Dataflash.o
                                                  ProgDataflash.o
DataFlashProgMode                                 ProgDataflash.o
                                                  Main.o
DataflashInfo                                     ProgDataflash.o
                                                  Dataflash.o
EEPROMVars                                        Main.o
                                                  ProgramManager.o
                                                  AVRISPCommandInterpreter.o
                                                  V2Protocol.o
FUNCAVRISPMode                                    Main.o
FUNCChangeSettings                                Main.o
FUNCClearMem                                      Main.o
FUNCGoBootloader                                  Main.o
FUNCProgramAVR                                    Main.o
FUNCProgramDataflash                              Main.o
FUNCSetContrast                                   Main.o
FUNCSetFirmMinorVer                               Main.o
FUNCSetISPSpeed                                   Main.o
FUNCShowAbout                                     Main.o
FUNCSleepMode                                     Main.o
FUNCStorageInfo                                   Main.o
FUNCStoreProgram                                  Main.o
Func_ISPPRGM                                      Main.o
Func_PRGMAVR                                      Main.o
Func_PRGMDATAFLASH                                Main.o
Func_PRGMSTOREINFO                                Main.o
Func_SETTINGS                                     Main.o
Func_SLEEP                                        Main.o
Func_STOREPRGM                                    Main.o
GPageLength                                       ProgramManager.o
ISPCC_EnterChipProgrammingMode                    ISPChipComm.o
                                                  AVRISPCommandInterpreter.o
                                                  Main.o
ISPCC_PollForProgComplete                         ISPChipComm.o
ISPCC_ProgramChip                                 ISPChipComm.o
                                                  ProgramManager.o
                                                  AVRISPCommandInterpreter.o
InProgrammingMode                                 V2Protocol.o
                                                  ProgramManager.o
                                                  AVRISPCommandInterpreter.o
                                                  ISPChipComm.o
                                                  ProgDataflash.o
InterpretPacketRoutine                            V2Protocol.o
                                                  Main.o
LCD_Init                                          LCD_Driver.o
                                                  Main.o
LCD_WriteChar                                     LCD_Driver.o
LCD_puts                                          LCD_Driver.o
                                                  TagManager.o
                                                  ProgramManager.o
                                                  Main.o
LCD_puts_f                                        LCD_Driver.o
                                                  AVRISPCommandInterpreter.o
                                                  ProgDataflash.o
                                                  Main.o
MAIN_Delay10MS                                    Main.o
                                                  ProgramManager.o
MAIN_Delay1MS                                     Main.o
                                                  ProgramManager.o
                                                  AVRISPCommandInterpreter.o
                                                  ISPChipComm.o
                                                  USI.o
MAIN_IntToStr                                     Main.o
                                                  ProgramManager.o
MAIN_ResetCSLine                                  Main.o
                                                  AVRISPCommandInterpreter.o
                                                  V2Protocol.o
                                                  Dataflash.o
MAIN_ShowError                                    Main.o
                                                  TagManager.o
                                                  RingBuff.o
                                                  Dataflash.o
MAIN_ShowProgType                                 Main.o
MAIN_WaitForJoyRelease                            Main.o
                                                  TagManager.o
                                                  ProgramManager.o
MainFunctionNames                                 Main.o
MainFunctionPtrs                                  Main.o
MemoryType                                        ProgramManager.o
MessageSize                                       V2Protocol.o
                                                  ProgramManager.o
                                                  AVRISPCommandInterpreter.o
                                                  ProgDataflash.o
OSCCAL_Calibrate                                  OSCCal.o
                                                  Main.o
PD_InterpretAVRISPPacket                          ProgDataflash.o
                                                  Main.o
PD_SetupDFAddressCounters                         ProgDataflash.o
PD_StoreDataflashByte                             ProgDataflash.o
PM_CheckEndOfFuseLockStore                        ProgramManager.o
PM_CheckEndOfProgramming                          ProgramManager.o
PM_CreateProgrammingPackets                       ProgramManager.o
                                                  Main.o
PM_GetStoredDataSize                              ProgramManager.o
                                                  TagManager.o
                                                  Main.o
PM_InterpretAVRISPPacket                          ProgramManager.o
                                                  Main.o
PM_SendEraseCommand                               ProgramManager.o
                                                  Main.o
PM_SendFuseLockBytes                              ProgramManager.o
                                                  Main.o
PM_SetupDFAddressCounters                         ProgramManager.o
PM_ShowStoredItemSizes                            ProgramManager.o
                                                  Main.o
PM_StoreProgramByte                               ProgramManager.o
PRG_C                                             Main.o
PRG_D                                             Main.o
PRG_DE                                            Main.o
PRG_E                                             Main.o
PRG_F                                             Main.o
PRG_FL                                            Main.o
PRG_L                                             Main.o
PacketBytes                                       V2Protocol.o
                                                  ProgramManager.o
                                                  AVRISPCommandInterpreter.o
                                                  ISPChipComm.o
                                                  ProgDataflash.o
                                                  Main.o
Param_ControllerInit                              V2Protocol.o
ProgOptions                                       Main.o
ProgrammerName                                    Main.o
RetrieveLoc                                       RingBuff.o
RingBuffer                                        RingBuff.o
SFunc_CLEARMEM                                    Main.o
SFunc_GOBOOTLOADER                                Main.o
SFunc_SETCONTRAST                                 Main.o
SFunc_SETFIRMMINOR                                Main.o
SFunc_SETSPISPEED                                 Main.o
SIFOOptionPtrs                                    Main.o
SIFO_Size                                         Main.o
SIFO_Tags                                         Main.o
SPI_SPIInit                                       SPI.o
                                                  Main.o
SPI_SPITransmit                                   SPI.o
                                                  TagManager.o
                                                  ProgramManager.o
                                                  Dataflash.o
                                                  Main.o
SPI_SPITransmitWord                               SPI.o
SequenceNum                                       V2Protocol.o
SettingFunctionNames                              Main.o
SettingFunctionPtrs                               Main.o
SignonResponse                                    V2Protocol.o
StoreLoc                                          RingBuff.o
SyncErrorMessage                                  ISPChipComm.o
                                                  AVRISPCommandInterpreter.o
                                                  Main.o
TM_FindNextTag                                    TagManager.o
TM_ShowTags                                       TagManager.o
                                                  Main.o
TagExists                                         TagManager.o
Ticks                                             Timeout.o
                                                  V2Protocol.o
TimeOut                                           Timeout.o
                                                  V2Protocol.o
                                                  USART.o
TransferComplete                                  USI.o
USART_Init                                        USART.o
                                                  Main.o
USART_Rx                                          USART.o
                                                  V2Protocol.o
USART_Tx                                          USART.o
                                                  V2Protocol.o
USART_TxString                                    USART.o
USIPSNamePtrs                                     Main.o
USIPSValues                                       USI.o
USI_SPIInitMaster                                 USI.o
                                                  AVRISPCommandInterpreter.o
                                                  Main.o
USI_SPIOff                                        USI.o
                                                  AVRISPCommandInterpreter.o
                                                  Main.o
USI_SPISetSpeed                                   USI.o
                                                  V2Protocol.o
USI_SPIToggleClock                                USI.o
                                                  ISPChipComm.o
USI_SPITransmit                                   USI.o
                                                  ProgramManager.o
                                                  AVRISPCommandInterpreter.o
                                                  ISPChipComm.o
                                                  V2Protocol.o
                                                  ProgDataflash.o
                                                  Main.o
USI_SPITransmitWord                               USI.o
                                                  ProgramManager.o
                                                  AVRISPCommandInterpreter.o
                                                  ISPChipComm.o
USI_Speed0                                        Main.o
USI_Speed1                                        Main.o
USI_Speed2                                        Main.o
USI_Speed3                                        Main.o
UseExernalDF                                      Dataflash.o
                                                  Main.o
V2P_CheckForExtendedAddress                       V2Protocol.o
V2P_GetChecksum                                   V2Protocol.o
V2P_GetSetParamater                               V2Protocol.o
V2P_IncrementCurrAddress                          V2Protocol.o
                                                  ProgramManager.o
                                                  AVRISPCommandInterpreter.o
                                                  ISPChipComm.o
                                                  ProgDataflash.o
V2P_RunStateMachine                               V2Protocol.o
                                                  Main.o
V2P_SendPacket                                    V2Protocol.o
                                                  ProgramManager.o
                                                  AVRISPCommandInterpreter.o
                                                  ProgDataflash.o
VersionInfo                                       Main.o
WaitText                                          Main.o
                                                  ProgDataflash.o
__bad_interrupt                                   C:/WinAVR/bin/../lib/gcc/avr/3.4.6/../../../../avr/lib/avr5/crtm169.o
__bss_end                                         C:/WinAVR/lib/gcc/avr/3.4.6/avr5\libgcc.a(_clear_bss.o)
__bss_start                                       C:/WinAVR/lib/gcc/avr/3.4.6/avr5\libgcc.a(_clear_bss.o)
__data_end                                        C:/WinAVR/lib/gcc/avr/3.4.6/avr5\libgcc.a(_copy_data.o)
__data_load_start                                 C:/WinAVR/lib/gcc/avr/3.4.6/avr5\libgcc.a(_copy_data.o)
__data_start                                      C:/WinAVR/lib/gcc/avr/3.4.6/avr5\libgcc.a(_copy_data.o)
__do_clear_bss                                    C:/WinAVR/lib/gcc/avr/3.4.6/avr5\libgcc.a(_clear_bss.o)
                                                  TagManager.o
                                                  ProgramManager.o
                                                  AVRISPCommandInterpreter.o
                                                  ISPChipComm.o
                                                  V2Protocol.o
                                                  ProgDataflash.o
                                                  Timeout.o
                                                  RingBuff.o
                                                  Dataflash.o
                                                  USI.o
                                                  SPI.o
                                                  USART.o
                                                  LCD_Driver.o
                                                  OSCCal.o
                                                  Main.o
__do_copy_data                                    C:/WinAVR/lib/gcc/avr/3.4.6/avr5\libgcc.a(_copy_data.o)
                                                  TagManager.o
                                                  ProgramManager.o
                                                  AVRISPCommandInterpreter.o
                                                  ISPChipComm.o
                                                  V2Protocol.o
                                                  ProgDataflash.o
                                                  Timeout.o
                                                  RingBuff.o
                                                  Dataflash.o
                                                  USI.o
                                                  SPI.o
                                                  USART.o
                                                  LCD_Driver.o
                                                  OSCCal.o
                                                  Main.o
__eeprom_read_block_1F2021                        C:/WinAVR/bin/../lib/gcc/avr/3.4.6/../../../../avr/lib/avr5\libc.a(ee_rblk.1F2021.o)
                                                  ProgramManager.o
__eeprom_read_byte_1F2021                         C:/WinAVR/bin/../lib/gcc/avr/3.4.6/../../../../avr/lib/avr5\libc.a(ee_rb.1F2021.o)
                                                  C:/WinAVR/bin/../lib/gcc/avr/3.4.6/../../../../avr/lib/avr5\libc.a(ee_rw.1F2021.o)
                                                  C:/WinAVR/bin/../lib/gcc/avr/3.4.6/../../../../avr/lib/avr5\libc.a(ee_rblk.1F2021.o)
                                                  ProgramManager.o
                                                  AVRISPCommandInterpreter.o
                                                  V2Protocol.o
                                                  Main.o
__eeprom_read_word_1F2021                         C:/WinAVR/bin/../lib/gcc/avr/3.4.6/../../../../avr/lib/avr5\libc.a(ee_rw.1F2021.o)
                                                  ProgramManager.o
__eeprom_write_block_1F2021                       C:/WinAVR/bin/../lib/gcc/avr/3.4.6/../../../../avr/lib/avr5\libc.a(ee_wblk.1F2021.o)
                                                  ProgramManager.o
__eeprom_write_byte_1F2021                        C:/WinAVR/bin/../lib/gcc/avr/3.4.6/../../../../avr/lib/avr5\libc.a(ee_wb.1F2021.o)
                                                  C:/WinAVR/bin/../lib/gcc/avr/3.4.6/../../../../avr/lib/avr5\libc.a(ee_wblk.1F2021.o)
                                                  C:/WinAVR/bin/../lib/gcc/avr/3.4.6/../../../../avr/lib/avr5\libc.a(ee_ww.1F2021.o)
                                                  ProgramManager.o
                                                  V2Protocol.o
                                                  Main.o
__eeprom_write_word_1F2021                        C:/WinAVR/bin/../lib/gcc/avr/3.4.6/../../../../avr/lib/avr5\libc.a(ee_ww.1F2021.o)
                                                  ProgramManager.o
__heap_end                                        C:/WinAVR/bin/../lib/gcc/avr/3.4.6/../../../../avr/lib/avr5/crtm169.o
__init                                            C:/WinAVR/bin/../lib/gcc/avr/3.4.6/../../../../avr/lib/avr5/crtm169.o
__mulsi3                                          C:/WinAVR/lib/gcc/avr/3.4.6/avr5\libgcc.a(_mulsi3.o)
                                                  ProgramManager.o
__stack                                           C:/WinAVR/bin/../lib/gcc/avr/3.4.6/../../../../avr/lib/avr5/crtm169.o
                                                  Main.o
__udivmodsi4                                      C:/WinAVR/lib/gcc/avr/3.4.6/avr5\libgcc.a(_udivmodsi4.o)
                                                  C:/WinAVR/bin/../lib/gcc/avr/3.4.6/../../../../avr/lib/avr5\libc.a(ultoa.o)
__vector_1                                        C:/WinAVR/bin/../lib/gcc/avr/3.4.6/../../../../avr/lib/avr5/crtm169.o
__vector_10                                       USIInterrupt.o
                                                  C:/WinAVR/bin/../lib/gcc/avr/3.4.6/../../../../avr/lib/avr5/crtm169.o
__vector_11                                       C:/WinAVR/bin/../lib/gcc/avr/3.4.6/../../../../avr/lib/avr5/crtm169.o
__vector_12                                       C:/WinAVR/bin/../lib/gcc/avr/3.4.6/../../../../avr/lib/avr5/crtm169.o
__vector_13                                       RingBuff.o
                                                  C:/WinAVR/bin/../lib/gcc/avr/3.4.6/../../../../avr/lib/avr5/crtm169.o
__vector_14                                       C:/WinAVR/bin/../lib/gcc/avr/3.4.6/../../../../avr/lib/avr5/crtm169.o
__vector_15                                       C:/WinAVR/bin/../lib/gcc/avr/3.4.6/../../../../avr/lib/avr5/crtm169.o
__vector_16                                       C:/WinAVR/bin/../lib/gcc/avr/3.4.6/../../../../avr/lib/avr5/crtm169.o
__vector_17                                       USI.o
                                                  C:/WinAVR/bin/../lib/gcc/avr/3.4.6/../../../../avr/lib/avr5/crtm169.o
__vector_18                                       C:/WinAVR/bin/../lib/gcc/avr/3.4.6/../../../../avr/lib/avr5/crtm169.o
__vector_19                                       C:/WinAVR/bin/../lib/gcc/avr/3.4.6/../../../../avr/lib/avr5/crtm169.o
__vector_2                                        JoystickInterrupt.o
                                                  C:/WinAVR/bin/../lib/gcc/avr/3.4.6/../../../../avr/lib/avr5/crtm169.o
__vector_20                                       C:/WinAVR/bin/../lib/gcc/avr/3.4.6/../../../../avr/lib/avr5/crtm169.o
__vector_21                                       C:/WinAVR/bin/../lib/gcc/avr/3.4.6/../../../../avr/lib/avr5/crtm169.o
__vector_22                                       LCD_Driver.o
                                                  C:/WinAVR/bin/../lib/gcc/avr/3.4.6/../../../../avr/lib/avr5/crtm169.o
__vector_3                                        Main.o
                                                  C:/WinAVR/bin/../lib/gcc/avr/3.4.6/../../../../avr/lib/avr5/crtm169.o
                                                  JoystickInterrupt.o
__vector_4                                        Timeout.o
                                                  C:/WinAVR/bin/../lib/gcc/avr/3.4.6/../../../../avr/lib/avr5/crtm169.o
__vector_5                                        OSCCal.o
                                                  C:/WinAVR/bin/../lib/gcc/avr/3.4.6/../../../../avr/lib/avr5/crtm169.o
__vector_6                                        C:/WinAVR/bin/../lib/gcc/avr/3.4.6/../../../../avr/lib/avr5/crtm169.o
__vector_7                                        C:/WinAVR/bin/../lib/gcc/avr/3.4.6/../../../../avr/lib/avr5/crtm169.o
__vector_8                                        C:/WinAVR/bin/../lib/gcc/avr/3.4.6/../../../../avr/lib/avr5/crtm169.o
__vector_9                                        C:/WinAVR/bin/../lib/gcc/avr/3.4.6/../../../../avr/lib/avr5/crtm169.o
__vector_default                                  Main.o
                                                  C:/WinAVR/bin/../lib/gcc/avr/3.4.6/../../../../avr/lib/avr5/crtm169.o
__vectors                                         C:/WinAVR/bin/../lib/gcc/avr/3.4.6/../../../../avr/lib/avr5/crtm169.o
main                                              Main.o
                                                  C:/WinAVR/bin/../lib/gcc/avr/3.4.6/../../../../avr/lib/avr5/crtm169.o
storedUSIDR                                       USI.o
strcpy_P                                          C:/WinAVR/bin/../lib/gcc/avr/3.4.6/../../../../avr/lib/avr5\libc.a(strcpy_P.o)
                                                  ProgramManager.o
                                                  LCD_Driver.o
                                                  Main.o
strrev                                            C:/WinAVR/bin/../lib/gcc/avr/3.4.6/../../../../avr/lib/avr5\libc.a(strrev.o)
                                                  C:/WinAVR/bin/../lib/gcc/avr/3.4.6/../../../../avr/lib/avr5\libc.a(ultoa.o)
ultoa                                             C:/WinAVR/bin/../lib/gcc/avr/3.4.6/../../../../avr/lib/avr5\libc.a(ultoa.o)
                                                  ProgramManager.o
