   1               		.file	"USI.c"
   2               		.arch atmega169
   3               	__SREG__ = 0x3f
   4               	__SP_H__ = 0x3e
   5               	__SP_L__ = 0x3d
   6               	__tmp_reg__ = 0
   7               	__zero_reg__ = 1
   8               		.global __do_copy_data
   9               		.global __do_clear_bss
  17               	.Ltext0:
  18               	.global	__vector_17
  20               	__vector_17:
  21               	.LFB14:
  22               	.LM1:
  23               	/* prologue: frame size=0 */
  24 0000 1F92      		push __zero_reg__
  25 0002 0F92      		push __tmp_reg__
  26 0004 0FB6      		in __tmp_reg__,__SREG__
  27 0006 0F92      		push __tmp_reg__
  28 0008 1124      		clr __zero_reg__
  29 000a 8F93      		push r24
  30 000c EF93      		push r30
  31 000e FF93      		push r31
  32               	/* prologue end (size=8) */
  33               	.LM2:
  34 0010 EEE6      		ldi r30,lo8(110)
  35 0012 F0E0      		ldi r31,hi8(110)
  36 0014 8081      		ld r24,Z
  37 0016 8D7F      		andi r24,lo8(-3)
  38 0018 8083      		st Z,r24
  39               	.LM3:
  40 001a 80E4      		ldi r24,lo8(64)
  41 001c 8093 B900 		sts 185,r24
  42               	.LM4:
  43 0020 81E0      		ldi r24,lo8(1)
  44 0022 8093 0000 		sts TransferComplete,r24
  45               	.LM5:
  46 0026 8091 BA00 		lds r24,186
  47 002a 8093 0000 		sts storedUSIDR,r24
  48               	/* epilogue: frame size=0 */
  49 002e FF91      		pop r31
  50 0030 EF91      		pop r30
  51 0032 8F91      		pop r24
  52 0034 0F90      		pop __tmp_reg__
  53 0036 0FBE      		out __SREG__,__tmp_reg__
  54 0038 0F90      		pop __tmp_reg__
  55 003a 1F90      		pop __zero_reg__
  56 003c 1895      		reti
  57               	/* epilogue end (size=8) */
  58               	/* function __vector_17 size 31 (15) */
  59               	.LFE14:
  61               		.section	.progmem.data,"a",@progbits
  64               	USIPSValues:
  65 0000 03        		.byte	3
  66 0001 80        		.byte	-128
  67 0002 02        		.byte	2
  68 0003 54        		.byte	84
  69 0004 01        		.byte	1
  70 0005 40        		.byte	64
  71 0006 00        		.byte	0
  72 0007 22        		.byte	34
  73               		.lcomm storedUSIDR,1
  74               		.lcomm TransferComplete,1
  97               	.Letext0:
DEFINED SYMBOLS
                            *ABS*:00000000 USI.c
C:\DOCUME~1\Dean\LOCALS~1\Temp/cc4kaaaa.s:3      *ABS*:0000003f __SREG__
C:\DOCUME~1\Dean\LOCALS~1\Temp/cc4kaaaa.s:4      *ABS*:0000003e __SP_H__
C:\DOCUME~1\Dean\LOCALS~1\Temp/cc4kaaaa.s:5      *ABS*:0000003d __SP_L__
C:\DOCUME~1\Dean\LOCALS~1\Temp/cc4kaaaa.s:6      *ABS*:00000000 __tmp_reg__
C:\DOCUME~1\Dean\LOCALS~1\Temp/cc4kaaaa.s:7      *ABS*:00000001 __zero_reg__
C:\DOCUME~1\Dean\LOCALS~1\Temp/cc4kaaaa.s:20     .text:00000000 __vector_17
C:\DOCUME~1\Dean\LOCALS~1\Temp/cc4kaaaa.s:73     .bss:00000001 TransferComplete
                             .bss:00000000 storedUSIDR
C:\DOCUME~1\Dean\LOCALS~1\Temp/cc4kaaaa.s:64     .progmem.data:00000000 USIPSValues

UNDEFINED SYMBOLS
__do_copy_data
__do_clear_bss
