   1               		.file	"USI.c"
   2               		.arch atmega169
   3               	__SREG__ = 0x3f
   4               	__SP_H__ = 0x3e
   5               	__SP_L__ = 0x3d
   6               	__tmp_reg__ = 0
   7               	__zero_reg__ = 1
   8               		.global __do_copy_data
   9               		.global __do_clear_bss
  17               	.Ltext0:
  18               	.global	USIPSValues
  19               		.section	.progmem.data,"a",@progbits
  22               	USIPSValues:
  23 0000 03        		.byte	3
  24 0001 80        		.byte	-128
  25 0002 02        		.byte	2
  26 0003 54        		.byte	84
  27 0004 01        		.byte	1
  28 0005 40        		.byte	64
  29 0006 00        		.byte	0
  30 0007 22        		.byte	34
  31               		.text
  32               	.global	__vector_17
  34               	__vector_17:
  35               	.LFB14:
  36               	.LM1:
  37               	/* prologue: frame size=0 */
  38 0000 1F92      		push __zero_reg__
  39 0002 0F92      		push __tmp_reg__
  40 0004 0FB6      		in __tmp_reg__,__SREG__
  41 0006 0F92      		push __tmp_reg__
  42 0008 1124      		clr __zero_reg__
  43 000a 8F93      		push r24
  44               	/* prologue end (size=6) */
  45               	.LM2:
  46 000c 8091 6E00 		lds r24,110
  47 0010 8D7F      		andi r24,lo8(-3)
  48 0012 8093 6E00 		sts 110,r24
  49               	.LM3:
  50 0016 80E4      		ldi r24,lo8(64)
  51 0018 8093 B900 		sts 185,r24
  52               	.LM4:
  53 001c 81E0      		ldi r24,lo8(1)
  54 001e 8093 0000 		sts TransferComplete,r24
  55               	.LM5:
  56 0022 8091 BA00 		lds r24,186
  57 0026 8093 0000 		sts storedUSIDR,r24
  58               	/* epilogue: frame size=0 */
  59 002a 8F91      		pop r24
  60 002c 0F90      		pop __tmp_reg__
  61 002e 0FBE      		out __SREG__,__tmp_reg__
  62 0030 0F90      		pop __tmp_reg__
  63 0032 1F90      		pop __zero_reg__
  64 0034 1895      		reti
  65               	/* epilogue end (size=6) */
  66               	/* function __vector_17 size 27 (15) */
  67               	.LFE14:
  69               	.global	USI_SPISetSpeed
  71               	USI_SPISetSpeed:
  72               	.LFB20:
  73               	.LM6:
  74               	/* prologue: frame size=0 */
  75               	/* prologue end (size=0) */
  76 0036 482F      		mov r20,r24
  77               	.LBB2:
  78               	.LM7:
  79 0038 90E0      		ldi r25,lo8(0)
  80 003a 60E0      		ldi r22,lo8(USIPSValues+1)
  81 003c 70E0      		ldi r23,hi8(USIPSValues+1)
  82 003e 9B01      		movw r18,r22
  83 0040 2150      		subi r18,lo8(-(-1))
  84 0042 3040      		sbci r19,hi8(-(-1))
  85               	.L8:
  86               	.LBB3:
  87               	.LM8:
  88 0044 F901      		movw r30,r18
  89               	/* #APP */
  90 0046 8491      		lpm r24, Z
  91               		
  92               	/* #NOAPP */
  93               	.LBE3:
  94 0048 8417      		cp r24,r20
  95 004a 11F0      		breq .L7
  96 004c 9330      		cpi r25,lo8(3)
  97 004e 31F4      		brne .L5
  98               	.L7:
  99               	.LBB4:
 100               	.LM9:
 101 0050 FB01      		movw r30,r22
 102               	/* #APP */
 103 0052 8491      		lpm r24, Z
 104               		
 105               	/* #NOAPP */
 106               	.LBE4:
 107 0054 87BD      		out 71-0x20,r24
 108               	.LM10:
 109 0056 89E0      		ldi r24,lo8(9)
 110 0058 84BD      		out 68-0x20,r24
 111               	.LM11:
 112 005a 0895      		ret
 113               	.L5:
 114               	.LM12:
 115 005c 9F5F      		subi r25,lo8(-(1))
 116 005e 2E5F      		subi r18,lo8(-(2))
 117 0060 3F4F      		sbci r19,hi8(-(2))
 118 0062 6E5F      		subi r22,lo8(-(2))
 119 0064 7F4F      		sbci r23,hi8(-(2))
 120 0066 9430      		cpi r25,lo8(4)
 121 0068 68F3      		brlo .L8
 122 006a 0895      		ret
 123               	.LBE2:
 124               	/* epilogue: frame size=0 */
 125               	/* epilogue: noreturn */
 126               	/* epilogue end (size=0) */
 127               	/* function USI_SPISetSpeed size 33 (33) */
 128               	.LFE20:
 130               	.global	USI_SPIInitMaster
 132               	USI_SPIInitMaster:
 133               	.LFB15:
 134               	.LM13:
 135               	/* prologue: frame size=0 */
 136               	/* prologue end (size=0) */
 137               	.LM14:
 138 006c 9DB1      		in r25,45-0x20
 139 006e 9065      		ori r25,lo8(80)
 140 0070 9DB9      		out 45-0x20,r25
 141               	.LM15:
 142 0072 6D98      		cbi 45-0x20,5
 143               	.LM16:
 144 0074 759A      		sbi 46-0x20,5
 145               	.LM17:
 146 0076 7698      		cbi 46-0x20,6
 147               	.LM18:
 148 0078 9AE5      		ldi r25,lo8(90)
 149 007a 9093 B800 		sts 184,r25
 150               	.LM19:
 151 007e 0E94 0000 		call USI_SPISetSpeed
 152               	.LM20:
 153 0082 1092 0000 		sts TransferComplete,__zero_reg__
 154               	.LM21:
 155 0086 1092 0000 		sts storedUSIDR,__zero_reg__
 156               	/* epilogue: frame size=0 */
 157 008a 0895      		ret
 158               	/* epilogue end (size=1) */
 159               	/* function USI_SPIInitMaster size 16 (15) */
 160               	.LFE15:
 162               	.global	USI_SPIOff
 164               	USI_SPIOff:
 165               	.LFB16:
 166               	.LM22:
 167               	/* prologue: frame size=0 */
 168               	/* prologue end (size=0) */
 169               	.LM23:
 170 008c 8DB1      		in r24,45-0x20
 171 008e 8F7A      		andi r24,lo8(-81)
 172 0090 8DB9      		out 45-0x20,r24
 173               	.LM24:
 174 0092 8EB1      		in r24,46-0x20
 175 0094 8F78      		andi r24,lo8(-113)
 176 0096 8EB9      		out 46-0x20,r24
 177               	.LM25:
 178 0098 8698      		cbi 48-0x20,6
 179               	.LM26:
 180 009a 8E98      		cbi 49-0x20,6
 181               	.LM27:
 182 009c 14BC      		out 68-0x20,__zero_reg__
 183               	/* epilogue: frame size=0 */
 184 009e 0895      		ret
 185               	/* epilogue end (size=1) */
 186               	/* function USI_SPIOff size 10 (9) */
 187               	.LFE16:
 189               	.global	USI_SPITransmit
 191               	USI_SPITransmit:
 192               	.LFB17:
 193               	.LM28:
 194               	/* prologue: frame size=0 */
 195               	/* prologue end (size=0) */
 196               	.LM29:
 197 00a0 1092 0000 		sts TransferComplete,__zero_reg__
 198               	.LM30:
 199 00a4 8093 BA00 		sts 186,r24
 200               	.LM31:
 201 00a8 A99A      		sbi 53-0x20,1
 202               	.LM32:
 203 00aa 8091 6E00 		lds r24,110
 204 00ae 8260      		ori r24,lo8(2)
 205 00b0 8093 6E00 		sts 110,r24
 206               	.LM33:
 207 00b4 16BC      		out 70-0x20,__zero_reg__
 208               	.L14:
 209               	.LM34:
 210 00b6 8091 0000 		lds r24,TransferComplete
 211 00ba 8823      		tst r24
 212 00bc E1F3      		breq .L14
 213               	.LM35:
 214 00be 8091 0000 		lds r24,storedUSIDR
 215               	.LM36:
 216 00c2 9927      		clr r25
 217               	/* epilogue: frame size=0 */
 218 00c4 0895      		ret
 219               	/* epilogue end (size=1) */
 220               	/* function USI_SPITransmit size 19 (18) */
 221               	.LFE17:
 223               	.global	USI_SPITransmitWord
 225               	USI_SPITransmitWord:
 226               	.LFB18:
 227               	.LM37:
 228               	/* prologue: frame size=0 */
 229 00c6 0F93      		push r16
 230 00c8 1F93      		push r17
 231               	/* prologue end (size=2) */
 232 00ca 8C01      		movw r16,r24
 233               	.LM38:
 234 00cc 812F      		mov r24,r17
 235 00ce 9927      		clr r25
 236 00d0 0E94 0000 		call USI_SPITransmit
 237               	.LM39:
 238 00d4 802F      		mov r24,r16
 239 00d6 0E94 0000 		call USI_SPITransmit
 240               	.LM40:
 241 00da 9927      		clr r25
 242               	/* epilogue: frame size=0 */
 243 00dc 1F91      		pop r17
 244 00de 0F91      		pop r16
 245 00e0 0895      		ret
 246               	/* epilogue end (size=3) */
 247               	/* function USI_SPITransmitWord size 14 (9) */
 248               	.LFE18:
 250               	.global	USI_SPIToggleClock
 252               	USI_SPIToggleClock:
 253               	.LFB19:
 254               	.LM41:
 255               	/* prologue: frame size=0 */
 256               	/* prologue end (size=0) */
 257               	.LM42:
 258 00e2 81E0      		ldi r24,lo8(1)
 259 00e4 0E94 0000 		call MAIN_Delay1MS
 260               	.LM43:
 261 00e8 8091 B800 		lds r24,184
 262 00ec 8160      		ori r24,lo8(1)
 263 00ee 8093 B800 		sts 184,r24
 264               	.LM44:
 265 00f2 81E0      		ldi r24,lo8(1)
 266 00f4 0E94 0000 		call MAIN_Delay1MS
 267               	.LM45:
 268 00f8 8091 B800 		lds r24,184
 269 00fc 8160      		ori r24,lo8(1)
 270 00fe 8093 B800 		sts 184,r24
 271               	.LM46:
 272 0102 81E0      		ldi r24,lo8(1)
 273 0104 0E94 0000 		call MAIN_Delay1MS
 274               	/* epilogue: frame size=0 */
 275 0108 0895      		ret
 276               	/* epilogue end (size=1) */
 277               	/* function USI_SPIToggleClock size 20 (19) */
 278               	.LFE19:
 280               		.comm storedUSIDR,1,1
 281               		.comm TransferComplete,1,1
 282               	.Letext0:
DEFINED SYMBOLS
                            *ABS*:00000000 USI.c
C:\DOCUME~1\Dean\LOCALS~1\Temp/cciQaaaa.s:3      *ABS*:0000003f __SREG__
C:\DOCUME~1\Dean\LOCALS~1\Temp/cciQaaaa.s:4      *ABS*:0000003e __SP_H__
C:\DOCUME~1\Dean\LOCALS~1\Temp/cciQaaaa.s:5      *ABS*:0000003d __SP_L__
C:\DOCUME~1\Dean\LOCALS~1\Temp/cciQaaaa.s:6      *ABS*:00000000 __tmp_reg__
C:\DOCUME~1\Dean\LOCALS~1\Temp/cciQaaaa.s:7      *ABS*:00000001 __zero_reg__
C:\DOCUME~1\Dean\LOCALS~1\Temp/cciQaaaa.s:22     .progmem.data:00000000 USIPSValues
C:\DOCUME~1\Dean\LOCALS~1\Temp/cciQaaaa.s:34     .text:00000000 __vector_17
                            *COM*:00000001 TransferComplete
                            *COM*:00000001 storedUSIDR
C:\DOCUME~1\Dean\LOCALS~1\Temp/cciQaaaa.s:71     .text:00000036 USI_SPISetSpeed
C:\DOCUME~1\Dean\LOCALS~1\Temp/cciQaaaa.s:132    .text:0000006c USI_SPIInitMaster
C:\DOCUME~1\Dean\LOCALS~1\Temp/cciQaaaa.s:164    .text:0000008c USI_SPIOff
C:\DOCUME~1\Dean\LOCALS~1\Temp/cciQaaaa.s:191    .text:000000a0 USI_SPITransmit
C:\DOCUME~1\Dean\LOCALS~1\Temp/cciQaaaa.s:225    .text:000000c6 USI_SPITransmitWord
C:\DOCUME~1\Dean\LOCALS~1\Temp/cciQaaaa.s:252    .text:000000e2 USI_SPIToggleClock

UNDEFINED SYMBOLS
__do_copy_data
__do_clear_bss
MAIN_Delay1MS
